Archive member included to satisfy reference by file (symbol)

platform/target/bl1/libbl1_main.a(bl2_main.o)
                              /work/tmp/work/corstone1000_fvp-poky-linux-musl/trusted-firmware-m/1.6.0-r0/recipe-sysroot-native/usr/libexec/gcc-arm-none-eabi/bin/../lib/gcc/arm-none-eabi/11.2.1/../../../../arm-none-eabi/lib/thumb/v6-m/nofp/crt0.o (main)
platform/target/bl1/libbl1_main.a(loader.o)
                              platform/target/bl1/libbl1_main.a(bl2_main.o) (boot_go)
platform/target/bl1/libbl1_main.a(image_validate.o)
                              platform/target/bl1/libbl1_main.a(loader.o) (bootutil_get_img_security_cnt)
platform/target/bl1/libbl1_main.a(image_rsa.o)
                              platform/target/bl1/libbl1_main.a(image_validate.o) (bootutil_verify_sig)
platform/target/bl1/libbl1_main.a(tlv.o)
                              platform/target/bl1/libbl1_main.a(image_validate.o) (bootutil_tlv_iter_begin)
platform/target/bl1/libbl1_main.a(boot_record.o)
                              platform/target/bl1/libbl1_main.a(loader.o) (boot_save_boot_status)
platform/target/bl1/libbl1_main.a(swap_scratch.o)
                              platform/target/bl1/libbl1_main.a(loader.o) (boot_read_image_header)
platform/target/bl1/libbl1_main.a(fault_injection_hardening.o)
                              platform/target/bl1/libbl1_main.a(bl2_main.o) (FIH_SUCCESS)
platform/target/bl1/libbl1_main.a(uart_stdout.o)
                              platform/target/bl1/libbl1_main.a(bl2_main.o) (stdio_init)
platform/target/bl1/libbl1_main.a(otp_flash.o)
                              platform/target/bl1/libbl1_main.a(bl2_main.o) (tfm_plat_otp_init)
platform/target/bl1/libbl1_main.a(Driver_USART.o)
                              platform/target/bl1/libbl1_main.a(uart_stdout.o) (Driver_USART0)
platform/target/bl1/libbl1_main.a(device_definition.o)
                              platform/target/bl1/libbl1_main.a(Driver_USART.o) (UART0_PL011_DEV)
platform/target/bl1/libbl1_main.a(system_core_init.o)
                              platform/target/bl1/libbl1_main.a(Driver_USART.o) (PeripheralClock)
platform/target/bl1/libbl1_main.a(uart_pl011_drv.o)
                              platform/target/bl1/libbl1_main.a(Driver_USART.o) (uart_pl011_init)
platform/target/bl1/libbl1_main.a(bl1_boot_hal.o)
                              platform/target/bl1/libbl1_main.a(bl2_main.o) (boot_platform_init)
platform/target/bl1/libbl1_main.a(bl1_flash_map.o)
                              platform/target/bl1/libbl1_main.a(bl1_boot_hal.o) (add_bank_offset_to_image_offset)
platform/target/bl1/libbl1_main.a(bl1_security_cnt.o)
                              platform/target/bl1/libbl1_main.a(bl2_main.o) (boot_nv_security_counter_init)
platform/target/bl1/libbl1_main.a(flash_map_extended.o)
                              platform/target/bl1/libbl1_main.a(bl2_main.o) (flash_device_base)
platform/target/bl1/libbl1_main.a(flash_map.o)
                              platform/target/bl1/libbl1_main.a(loader.o) (flash_area_open)
platform/target/bl1/libbl1_main.a(provisioning.o)
                              platform/target/bl1/libbl1_main.a(bl2_main.o) (tfm_plat_provisioning_check_for_dummy_keys)
platform/target/bl1/libbl1_main.a(keys.o)
                              platform/target/bl1/libbl1_main.a(image_validate.o) (pub_key_len)
platform/target/bl1/libbl1_main.a(bootutil_misc.o)
                              platform/target/bl1/libbl1_main.a(image_validate.o) (boot_fih_memequal)
platform/target/bl1/libbl1_main.a(nv_counters.o)
                              platform/target/bl1/libbl1_main.a(bl1_security_cnt.o) (tfm_plat_init_nv_counter)
platform/target/bl1/libbl1_main.a(flash_otp_nv_counters_backend.o)
                              platform/target/bl1/libbl1_main.a(otp_flash.o) (read_otp_nv_counters_flash)
platform/target/bl1/libbl1_main.a(Driver_Flash.o)
                              platform/target/bl1/libbl1_main.a(bl1_boot_hal.o) (Driver_FLASH0)
platform/target/bl1/libbl1_main.a(firewall.o)
                              platform/target/bl1/libbl1_main.a(bl1_boot_hal.o) (fc_select)
platform/target/bl1/libbl1_main.a(fwu_agent.o)
                              platform/target/bl1/libbl1_main.a(bl1_boot_hal.o) (fwu_metadata_provision)
platform/target/bl1/libbl1_main.a(watchdog.o)
                              platform/target/bl1/libbl1_main.a(bl1_boot_hal.o) (corstone1000_watchdog_init)
platform/target/bl1/libbl1_main.a(bl1_rotpk.o)
                              platform/target/bl1/libbl1_main.a(keys.o) (tfm_plat_get_rotpk_hash)
platform/target/bl1/libbl1_main.a(spi_strataflashj3_flash_lib.o)
                              platform/target/bl1/libbl1_main.a(Driver_Flash.o) (cfi_strataflashj3_erase_chip)
platform/target/bl1/libbl1_main.a(cfi_drv.o)
                              platform/target/bl1/libbl1_main.a(spi_strataflashj3_flash_lib.o) (nor_cfi_reg_read)
platform/target/bl1/libbl1_main.a(arm_watchdog_drv.o)
[...]
Memory Configuration

Name             Origin             Length             Attributes
FLASH            0x0000000000000000 0x0000000000020000 xr
RAM              0x0000000030000000 0x0000000000010000 xrw
*default*        0x0000000000000000 0xffffffffffffffff

Linker script and memory map

LOAD /work/tmp/work/corstone1000_fvp-poky-linux-musl/trusted-firmware-m/1.6.0-r0/recipe-sysroot-native/usr/libexec/gcc-arm-none-eabi/bin/../lib/gcc/arm-none-eabi/11.2.1/thumb/v6-m/nofp/crti.o
LOAD /work/tmp/work/corstone1000_fvp-poky-linux-musl/trusted-firmware-m/1.6.0-r0/recipe-sysroot-native/usr/libexec/gcc-arm-none-eabi/bin/../lib/gcc/arm-none-eabi/11.2.1/thumb/v6-m/nofp/crtbegin.o
LOAD /work/tmp/work/corstone1000_fvp-poky-linux-musl/trusted-firmware-m/1.6.0-r0/recipe-sysroot-native/usr/libexec/gcc-arm-none-eabi/bin/../lib/gcc/arm-none-eabi/11.2.1/../../../../arm-none-eabi/lib/thumb/v6-m/nofp/crt0.o
LOAD platform/target/bl1/CMakeFiles/bl1.dir/__/Device/Source/gcc/startup_corstone1000_bl.o
LOAD platform/target/bl1/CMakeFiles/bl1.dir/__/__/__/__/accelerator/cc312/cc312_log.o
LOAD platform/target/bl1/libbl1_main.a
LOAD bl2/mbedcrypto/library/libmbedcrypto.a
LOAD platform/ext/accelerator/cc312/bl2_cc312/libbl2_cc312_mbedtls_api.a
LOAD platform/ext/accelerator/libbl2_crypto_hw.a
LOAD platform/ext/accelerator/cc312/bl2_cc312/libbl2_cc312.a
LOAD platform/libplatform_bl2.a
LOAD platform/ext/accelerator/cc312/bl2_cc312/libbl2_cc312_pal.a
LOAD bl2/mbedcrypto/library/libmbedcrypto.a
LOAD platform/ext/accelerator/cc312/bl2_cc312/libbl2_cc312_mbedtls_api.a
LOAD platform/ext/accelerator/libbl2_crypto_hw.a
LOAD platform/ext/accelerator/cc312/bl2_cc312/libbl2_cc312.a
LOAD platform/libplatform_bl2.a
LOAD platform/ext/accelerator/cc312/bl2_cc312/libbl2_cc312_pal.a
START GROUP
LOAD /work/tmp/work/corstone1000_fvp-poky-linux-musl/trusted-firmware-m/1.6.0-r0/recipe-sysroot-native/usr/libexec/gcc-arm-none-eabi/bin/../lib/gcc/arm-none-eabi/11.2.1/thumb/v6-m/nofp/libgcc.a
LOAD /work/tmp/work/corstone1000_fvp-poky-linux-musl/trusted-firmware-m/1.6.0-r0/recipe-sysroot-native/usr/libexec/gcc-arm-none-eabi/bin/../lib/gcc/arm-none-eabi/11.2.1/../../../../arm-none-eabi/lib/thumb/v6-m/nofp/libg_nano.a
LOAD /work/tmp/work/corstone1000_fvp-poky-linux-musl/trusted-firmware-m/1.6.0-r0/recipe-sysroot-native/usr/libexec/gcc-arm-none-eabi/bin/../lib/gcc/arm-none-eabi/11.2.1/../../../../arm-none-eabi/lib/thumb/v6-m/nofp/libc_nano.a
END GROUP
START GROUP
LOAD /work/tmp/work/corstone1000_fvp-poky-linux-musl/trusted-firmware-m/1.6.0-r0/recipe-sysroot-native/usr/libexec/gcc-arm-none-eabi/bin/../lib/gcc/arm-none-eabi/11.2.1/thumb/v6-m/nofp/libgcc.a
LOAD /work/tmp/work/corstone1000_fvp-poky-linux-musl/trusted-firmware-m/1.6.0-r0/recipe-sysroot-native/usr/libexec/gcc-arm-none-eabi/bin/../lib/gcc/arm-none-eabi/11.2.1/../../../../arm-none-eabi/lib/thumb/v6-m/nofp/libc_nano.a
END GROUP
LOAD /work/tmp/work/corstone1000_fvp-poky-linux-musl/trusted-firmware-m/1.6.0-r0/recipe-sysroot-native/usr/libexec/gcc-arm-none-eabi/bin/../lib/gcc/arm-none-eabi/11.2.1/thumb/v6-m/nofp/crtend.o
LOAD /work/tmp/work/corstone1000_fvp-poky-linux-musl/trusted-firmware-m/1.6.0-r0/recipe-sysroot-native/usr/libexec/gcc-arm-none-eabi/bin/../lib/gcc/arm-none-eabi/11.2.1/thumb/v6-m/nofp/crtn.o
                0x0000000000001000                __heap_size__ = 0x1000
                0x0000000000001800                __msp_stack_size__ = 0x1800
START GROUP
LOAD /work/tmp/work/corstone1000_fvp-poky-linux-musl/trusted-firmware-m/1.6.0-r0/recipe-sysroot-native/usr/libexec/gcc-arm-none-eabi/bin/../lib/gcc/arm-none-eabi/11.2.1/thumb/v6-m/nofp/libgcc.a
LOAD /work/tmp/work/corstone1000_fvp-poky-linux-musl/trusted-firmware-m/1.6.0-r0/recipe-sysroot-native/usr/libexec/gcc-arm-none-eabi/bin/../lib/gcc/arm-none-eabi/11.2.1/../../../../arm-none-eabi/lib/thumb/v6-m/nofp/libc.a
LOAD /work/tmp/work/corstone1000_fvp-poky-linux-musl/trusted-firmware-m/1.6.0-r0/recipe-sysroot-native/usr/libexec/gcc-arm-none-eabi/bin/../lib/gcc/arm-none-eabi/11.2.1/../../../../arm-none-eabi/lib/thumb/v6-m/nofp/libm.a
LOAD /work/tmp/work/corstone1000_fvp-poky-linux-musl/trusted-firmware-m/1.6.0-r0/recipe-sysroot-native/usr/libexec/gcc-arm-none-eabi/bin/../lib/gcc/arm-none-eabi/11.2.1/../../../../arm-none-eabi/lib/thumb/v6-m/nofp/libnosys.a
END GROUP

.text           0x0000000000000000     0xd978
 *(.vectors)
 .vectors       0x0000000000000000       0xc0 platform/target/bl1/CMakeFiles/bl1.dir/__/Device/Source/gcc/startup_corstone1000_bl.o
                0x0000000000000000                __Vectors
                0x00000000000000c0                __Vectors_End = .
                0x00000000000000c0                __Vectors_Size = (__Vectors_End - __Vectors)
                0x0000000030004220                __end__ = .
 *(.text*)
 .text.deregister_tm_clones
                0x00000000000000c0       0x20 /work/tmp/work/corstone1000_fvp-poky-linux-musl/trusted-firmware-m/1.6.0-r0/recipe-sysroot-native/usr/libexec/gcc-arm-none-eabi/bin/../lib/gcc/arm-none-eabi/11.2.1/thumb/v6-m/nofp/crtbegin.o
 .text.register_tm_clones
                0x00000000000000e0       0x28 /work/tmp/work/corstone1000_fvp-poky-linux-musl/trusted-firmware-m/1.6.0-r0/recipe-sysroot-native/usr/libexec/gcc-arm-none-eabi/bin/../lib/gcc/arm-none-eabi/11.2.1/thumb/v6-m/nofp/crtbegin.o
 .text.__do_global_dtors_aux
                0x0000000000000108       0x2c /work/tmp/work/corstone1000_fvp-poky-linux-musl/trusted-firmware-m/1.6.0-r0/recipe-sysroot-native/usr/libexec/gcc-arm-none-eabi/bin/../lib/gcc/arm-none-eabi/11.2.1/thumb/v6-m/nofp/crtbegin.o
 .text.frame_dummy
                0x0000000000000134       0x24 /work/tmp/work/corstone1000_fvp-poky-linux-musl/trusted-firmware-m/1.6.0-r0/recipe-sysroot-native/usr/libexec/gcc-arm-none-eabi/bin/../lib/gcc/arm-none-eabi/11.2.1/thumb/v6-m/nofp/crtbegin.o
 .text          0x0000000000000158       0x80 /work/tmp/work/corstone1000_fvp-poky-linux-musl/trusted-firmware-m/1.6.0-r0/recipe-sysroot-native/usr/libexec/gcc-arm-none-eabi/bin/../lib/gcc/arm-none-eabi/11.2.1/../../../../arm-none-eabi/lib/thumb/v6-m/nofp/crt0.o
                0x0000000000000158                _stack_init
                0x0000000000000164                _mainCRTStartup
                0x0000000000000164                _start
 .text          0x00000000000001d8       0x80 platform/target/bl1/CMakeFiles/bl1.dir/__/Device/Source/gcc/startup_corstone1000_bl.o
                0x00000000000001d8                Reset_Handler
                0x000000000000022a                HardFault_Handler
                0x000000000000022c                SVC_Handler
                0x000000000000022e                PendSV_Handler
                0x0000000000000232                SE_INTERRUPT_EXPANSION_IRQHandler
                0x0000000000000234                CRYPTO_ACCELERATOR_0_IRQHandler
                0x0000000000000236                CRYPTO_ACCELERATOR_1_IRQHandler
                0x000000000000023a                TIMER0_IRQHandler
                0x000000000000023c                TIMER1_IRQHandler
                0x000000000000023e                HS_FIREWALL_TAMPER_IRQHandler
                0x0000000000000240                INTERRUPT_ROUTER_TAMPER_IRQHandler
                0x0000000000000244                SECNENCTOP_PPU_IRQHandler
                0x0000000000000246                UART_UARTINTR_IRQHandler
                0x0000000000000248                SE_FIREWALL_INTERRUPT_IRQHandler
                0x000000000000024a                SE_CTI_TRIGGER_OUT_2_IRQHandler
                0x000000000000024c                SE_CTI_TRIGGER_OUT_3_IRQHandler
                0x000000000000024e                SEH0_SENDER_COMBINED_IRQHandler
                0x0000000000000250                HSE0_RECEIVER_COMBINED_IRQHandler
                0x0000000000000252                SEH1_SENDER_COMBINED_IRQHandler
                0x0000000000000254                HSE1_RECEIVER_COMBINED_IRQHandler
 .text.CC_PalLog
                0x0000000000000258       0x78 platform/target/bl1/CMakeFiles/bl1.dir/__/__/__/__/accelerator/cc312/cc312_log.o
                0x0000000000000258                CC_PalLog
 .text.do_boot  0x00000000000002d0       0x78 platform/target/bl1/libbl1_main.a(bl2_main.o)
 .text.main     0x0000000000000348      0x158 platform/target/bl1/libbl1_main.a(bl2_main.o)
                0x0000000000000348                main
 .text.flash_area_get_device_id
                0x00000000000004a0       0x14 platform/target/bl1/libbl1_main.a(loader.o)
 .text.flash_area_get_off
                0x00000000000004b4       0x14 platform/target/bl1/libbl1_main.a(loader.o)
 .text.flash_area_get_size
                0x00000000000004c8       0x14 platform/target/bl1/libbl1_main.a(loader.o)
 .text.boot_u32_safe_add
                0x00000000000004dc       0x2e platform/target/bl1/libbl1_main.a(loader.o)
 .text.boot_img_hdr
                0x000000000000050a       0x1c platform/target/bl1/libbl1_main.a(loader.o)
 .text.boot_img_slot_off
                0x0000000000000526       0x28 platform/target/bl1/libbl1_main.a(loader.o)
 .text.boot_read_image_headers
                0x000000000000054e       0x78 platform/target/bl1/libbl1_main.a(loader.o)
 *fill*         0x00000000000005c6        0x2 
 .text.boot_add_shared_data
                0x00000000000005c8       0x54 platform/target/bl1/libbl1_main.a(loader.o)
 .text.fill_rsp
                0x000000000000061c       0x58 platform/target/bl1/libbl1_main.a(loader.o)
 .text.close_all_flash_areas
                0x0000000000000674       0x3c platform/target/bl1/libbl1_main.a(loader.o)
 .text.boot_read_image_size
                0x00000000000006b0      0x118 platform/target/bl1/libbl1_main.a(loader.o)
 .text.boot_image_check
                0x00000000000007c8       0x64 platform/target/bl1/libbl1_main.a(loader.o)
 .text.boot_is_header_valid
                0x000000000000082c       0x60 platform/target/bl1/libbl1_main.a(loader.o)
 .text.boot_data_is_set_to
                0x000000000000088c       0x5c platform/target/bl1/libbl1_main.a(loader.o)
 .text.boot_check_header_erased
                0x00000000000008e8       0x8c platform/target/bl1/libbl1_main.a(loader.o)
 .text.boot_version_cmp
                0x0000000000000974       0x7a platform/target/bl1/libbl1_main.a(loader.o)
 *fill*         0x00000000000009ee        0x2 
 .text.boot_validate_slot
                0x00000000000009f0      0x144 platform/target/bl1/libbl1_main.a(loader.o)
 .text.boot_update_security_counter
                0x0000000000000b34       0x86 platform/target/bl1/libbl1_main.a(loader.o)
 *fill*         0x0000000000000bba        0x2 
 .text.boot_get_slot_usage
                0x0000000000000bbc      0x154 platform/target/bl1/libbl1_main.a(loader.o)
 .text.find_slot_with_highest_version
                0x0000000000000d10       0x7e platform/target/bl1/libbl1_main.a(loader.o)
 *fill*         0x0000000000000d8e        0x2 
 .text.print_loaded_images
                0x0000000000000d90       0x38 platform/target/bl1/libbl1_main.a(loader.o)
 .text.boot_verify_ram_load_address
                0x0000000000000dc8       0x68 platform/target/bl1/libbl1_main.a(loader.o)
 .text.boot_copy_image_to_sram
                0x0000000000000e30       0x78 platform/target/bl1/libbl1_main.a(loader.o)
 .text.boot_load_image_to_sram
                0x0000000000000ea8       0xdc platform/target/bl1/libbl1_main.a(loader.o)
 .text.boot_remove_image_from_sram
                0x0000000000000f84       0x44 platform/target/bl1/libbl1_main.a(loader.o)
 .text.boot_remove_image_from_flash
                0x0000000000000fc8       0x64 platform/target/bl1/libbl1_main.a(loader.o)
 .text.boot_load_and_validate_images
                0x000000000000102c       0xe8 platform/target/bl1/libbl1_main.a(loader.o)
                0x000000000000102c                boot_load_and_validate_images
 .text.boot_update_hw_rollback_protection
                0x0000000000001114       0x4c platform/target/bl1/libbl1_main.a(loader.o)
 .text.context_boot_go
                0x0000000000001160       0xe0 platform/target/bl1/libbl1_main.a(loader.o)
                0x0000000000001160                context_boot_go
 .text.boot_go  0x0000000000001240       0x44 platform/target/bl1/libbl1_main.a(loader.o)
                0x0000000000001240                boot_go
 .text.boot_state_clear
                0x0000000000001284       0x34 platform/target/bl1/libbl1_main.a(loader.o)
                0x0000000000001284                boot_state_clear
 .text.bootutil_sha256_init
                0x00000000000012b8       0x22 platform/target/bl1/libbl1_main.a(image_validate.o)
 .text.bootutil_sha256_drop
                0x00000000000012da       0x10 platform/target/bl1/libbl1_main.a(image_validate.o)
 .text.bootutil_sha256_update
                0x00000000000012ea       0x22 platform/target/bl1/libbl1_main.a(image_validate.o)
 .text.bootutil_sha256_finish
                0x000000000000130c       0x20 platform/target/bl1/libbl1_main.a(image_validate.o)
 .text.bootutil_img_hash
                0x000000000000132c       0xc8 platform/target/bl1/libbl1_main.a(image_validate.o)
 .text.bootutil_find_key
                0x00000000000013f4      0x11c platform/target/bl1/libbl1_main.a(image_validate.o)
 .text.bootutil_get_img_security_cnt
                0x0000000000001510       0xb0 platform/target/bl1/libbl1_main.a(image_validate.o)
                0x0000000000001510                bootutil_get_img_security_cnt
 .text.bootutil_img_validate
                0x00000000000015c0      0x5ac platform/target/bl1/libbl1_main.a(image_validate.o)
                0x00000000000015c0                bootutil_img_validate
 .text.bootutil_sha256_init
                0x0000000000001b6c       0x22 platform/target/bl1/libbl1_main.a(image_rsa.o)
 .text.bootutil_sha256_drop
                0x0000000000001b8e       0x10 platform/target/bl1/libbl1_main.a(image_rsa.o)
 .text.bootutil_sha256_update
                0x0000000000001b9e       0x22 platform/target/bl1/libbl1_main.a(image_rsa.o)
 .text.bootutil_sha256_finish
                0x0000000000001bc0       0x20 platform/target/bl1/libbl1_main.a(image_rsa.o)
 .text.bootutil_parse_rsakey
                0x0000000000001be0       0xf4 platform/target/bl1/libbl1_main.a(image_rsa.o)
 .text.pss_mgf1
                0x0000000000001cd4       0xd0 platform/target/bl1/libbl1_main.a(image_rsa.o)
 .text.bootutil_cmp_rsasig
                0x0000000000001da4      0x250 platform/target/bl1/libbl1_main.a(image_rsa.o)
 .text.bootutil_verify_sig
                0x0000000000001ff4       0xcc platform/target/bl1/libbl1_main.a(image_rsa.o)
                0x0000000000001ff4                bootutil_verify_sig
 .text.bootutil_tlv_iter_begin
                0x00000000000020c0      0x110 platform/target/bl1/libbl1_main.a(tlv.o)
                0x00000000000020c0                bootutil_tlv_iter_begin
 .text.bootutil_tlv_iter_next
                0x00000000000021d0      0x10c platform/target/bl1/libbl1_main.a(tlv.o)
                0x00000000000021d0                bootutil_tlv_iter_next
 .text.boot_u16_safe_add
                0x00000000000022dc       0x44 platform/target/bl1/libbl1_main.a(boot_record.o)
 .text.boot_add_data_to_shared_area
                0x0000000000002320      0x17c platform/target/bl1/libbl1_main.a(boot_record.o)
                0x0000000000002320                boot_add_data_to_shared_area
 .text.boot_save_boot_status
                0x000000000000249c      0x1cc platform/target/bl1/libbl1_main.a(boot_record.o)
                0x000000000000249c                boot_save_boot_status
 .text.boot_read_image_header
                0x0000000000002668       0x66 platform/target/bl1/libbl1_main.a(swap_scratch.o)
                0x0000000000002668                boot_read_image_header
 *fill*         0x00000000000026ce        0x2 
 .text.stdio_output_string
                0x00000000000026d0       0x50 platform/target/bl1/libbl1_main.a(uart_stdout.o)
                0x00000000000026d0                stdio_output_string
 .text._write   0x0000000000002720       0x22 platform/target/bl1/libbl1_main.a(uart_stdout.o)
                0x0000000000002720                _write
 *fill*         0x0000000000002742        0x2 
 .text.stdio_init
                0x0000000000002744       0x88 platform/target/bl1/libbl1_main.a(uart_stdout.o)
                0x0000000000002744                stdio_init
 .text.stdio_uninit
                0x00000000000027cc       0x44 platform/target/bl1/libbl1_main.a(uart_stdout.o)
                0x00000000000027cc                stdio_uninit
 .text.tfm_plat_otp_init
                0x0000000000002810       0x10 platform/target/bl1/libbl1_main.a(otp_flash.o)
                0x0000000000002810                tfm_plat_otp_init
 .text.write_to_output
                0x0000000000002820       0x5e platform/target/bl1/libbl1_main.a(otp_flash.o)
 *fill*         0x000000000000287e        0x2 
 .text.tfm_plat_otp_read
                0x0000000000002880      0x198 platform/target/bl1/libbl1_main.a(otp_flash.o)
                0x0000000000002880                tfm_plat_otp_read
 .text.read_from_input
                0x0000000000002a18      0x138 platform/target/bl1/libbl1_main.a(otp_flash.o)
 .text.tfm_plat_otp_write
                0x0000000000002b50      0x198 platform/target/bl1/libbl1_main.a(otp_flash.o)
                0x0000000000002b50                tfm_plat_otp_write
 .text.tfm_plat_otp_get_size
                0x0000000000002ce8       0xdc platform/target/bl1/libbl1_main.a(otp_flash.o)
                0x0000000000002ce8                tfm_plat_otp_get_size
 .text.ARM_USART_GetVersion
                0x0000000000002dc4       0x34 platform/target/bl1/libbl1_main.a(Driver_USART.o)
 .text.ARM_USART_GetCapabilities
                0x0000000000002df8       0x10 platform/target/bl1/libbl1_main.a(Driver_USART.o)
 .text.ARM_USARTx_Initialize
                0x0000000000002e08       0x30 platform/target/bl1/libbl1_main.a(Driver_USART.o)
 .text.ARM_USARTx_Uninitialize
                0x0000000000002e38       0x1c platform/target/bl1/libbl1_main.a(Driver_USART.o)
 .text.ARM_USARTx_PowerControl
                0x0000000000002e54       0x38 platform/target/bl1/libbl1_main.a(Driver_USART.o)
 .text.ARM_USARTx_Send
                0x0000000000002e8c       0xa2 platform/target/bl1/libbl1_main.a(Driver_USART.o)
 .text.ARM_USARTx_Receive
                0x0000000000002f2e       0x86 platform/target/bl1/libbl1_main.a(Driver_USART.o)
 .text.ARM_USARTx_GetTxCount
                0x0000000000002fb4       0x14 platform/target/bl1/libbl1_main.a(Driver_USART.o)
 .text.ARM_USARTx_GetRxCount
                0x0000000000002fc8       0x14 platform/target/bl1/libbl1_main.a(Driver_USART.o)
 .text.ARM_USARTx_Control
                0x0000000000002fdc       0x70 platform/target/bl1/libbl1_main.a(Driver_USART.o)
 .text.ARM_USART0_Initialize
                0x000000000000304c       0x24 platform/target/bl1/libbl1_main.a(Driver_USART.o)
 .text.ARM_USART0_Uninitialize
                0x0000000000003070       0x18 platform/target/bl1/libbl1_main.a(Driver_USART.o)
 .text.ARM_USART0_PowerControl
                0x0000000000003088       0x28 platform/target/bl1/libbl1_main.a(Driver_USART.o)
 .text.ARM_USART0_Send
                0x00000000000030b0       0x24 platform/target/bl1/libbl1_main.a(Driver_USART.o)
 .text.ARM_USART0_Receive
                0x00000000000030d4       0x24 platform/target/bl1/libbl1_main.a(Driver_USART.o)
 .text.ARM_USART0_Transfer
                0x00000000000030f8       0x18 platform/target/bl1/libbl1_main.a(Driver_USART.o)
 .text.ARM_USART0_GetTxCount
                0x0000000000003110       0x18 platform/target/bl1/libbl1_main.a(Driver_USART.o)
 .text.ARM_USART0_GetRxCount
                0x0000000000003128       0x18 platform/target/bl1/libbl1_main.a(Driver_USART.o)
 .text.ARM_USART0_Control
                0x0000000000003140       0x24 platform/target/bl1/libbl1_main.a(Driver_USART.o)
 .text.ARM_USART0_GetStatus
                0x0000000000003164       0x14 platform/target/bl1/libbl1_main.a(Driver_USART.o)
 .text.ARM_USART0_SetModemControl
                0x0000000000003178       0x18 platform/target/bl1/libbl1_main.a(Driver_USART.o)
 .text.ARM_USART0_GetModemStatus
                0x0000000000003190       0x14 platform/target/bl1/libbl1_main.a(Driver_USART.o)
 .text.SystemCoreClockUpdate
                0x00000000000031a4       0x24 platform/target/bl1/libbl1_main.a(system_core_init.o)
                0x00000000000031a4                SystemCoreClockUpdate
 .text.SystemInit
                0x00000000000031c8       0x1c platform/target/bl1/libbl1_main.a(system_core_init.o)
                0x00000000000031c8                SystemInit
 .text._uart_pl011_enable
                0x00000000000031e4       0x1c platform/target/bl1/libbl1_main.a(uart_pl011_drv.o)
 .text._uart_pl011_disable
                0x0000000000003200       0x1e platform/target/bl1/libbl1_main.a(uart_pl011_drv.o)
 .text._uart_pl011_is_enabled
                0x000000000000321e       0x1e platform/target/bl1/libbl1_main.a(uart_pl011_drv.o)
 .text._uart_pl011_enable_fifo
                0x000000000000323c       0x1c platform/target/bl1/libbl1_main.a(uart_pl011_drv.o)
 .text._uart_pl011_is_busy
                0x0000000000003258       0x1e platform/target/bl1/libbl1_main.a(uart_pl011_drv.o)
 *fill*         0x0000000000003276        0x2 
 .text._uart_pl011_set_baudrate
                0x0000000000003278       0xa8 platform/target/bl1/libbl1_main.a(uart_pl011_drv.o)
 .text._uart_pl011_set_format
                0x0000000000003320       0x6e platform/target/bl1/libbl1_main.a(uart_pl011_drv.o)
 *fill*         0x000000000000338e        0x2 
 .text._uart_pl011_reset_regs
                0x0000000000003390       0x58 platform/target/bl1/libbl1_main.a(uart_pl011_drv.o)
 .text.uart_pl011_init
                0x00000000000033e8       0x8a platform/target/bl1/libbl1_main.a(uart_pl011_drv.o)
                0x00000000000033e8                uart_pl011_init
 .text.uart_pl011_uninit
                0x0000000000003472       0x36 platform/target/bl1/libbl1_main.a(uart_pl011_drv.o)
                0x0000000000003472                uart_pl011_uninit
 .text.uart_pl011_get_state
                0x00000000000034a8       0x16 platform/target/bl1/libbl1_main.a(uart_pl011_drv.o)
                0x00000000000034a8                uart_pl011_get_state
 .text.uart_pl011_set_baudrate
                0x00000000000034be       0x96 platform/target/bl1/libbl1_main.a(uart_pl011_drv.o)
                0x00000000000034be                uart_pl011_set_baudrate
 .text.uart_pl011_is_readable
                0x0000000000003554       0x4c platform/target/bl1/libbl1_main.a(uart_pl011_drv.o)
                0x0000000000003554                uart_pl011_is_readable
 .text.uart_pl011_read
                0x00000000000035a0       0x30 platform/target/bl1/libbl1_main.a(uart_pl011_drv.o)
                0x00000000000035a0                uart_pl011_read
 .text.uart_pl011_is_writable
                0x00000000000035d0       0x4c platform/target/bl1/libbl1_main.a(uart_pl011_drv.o)
                0x00000000000035d0                uart_pl011_is_writable
 .text.uart_pl011_write
                0x000000000000361c       0x26 platform/target/bl1/libbl1_main.a(uart_pl011_drv.o)
                0x000000000000361c                uart_pl011_write
 .text.uart_pl011_enable
                0x0000000000003642       0x20 platform/target/bl1/libbl1_main.a(uart_pl011_drv.o)
                0x0000000000003642                uart_pl011_enable
 *fill*         0x0000000000003662        0x2 
 .text.setup_se_firewall
                0x0000000000003664      0x23c platform/target/bl1/libbl1_main.a(bl1_boot_hal.o)
 .text.boot_platform_init
                0x00000000000038a0       0xbc platform/target/bl1/libbl1_main.a(bl1_boot_hal.o)
                0x00000000000038a0                boot_platform_init
 .text.boot_platform_quit
                0x000000000000395c       0x74 platform/target/bl1/libbl1_main.a(bl1_boot_hal.o)
                0x000000000000395c                boot_platform_quit
 .text.add_bank_offset_to_image_offset
                0x00000000000039d0       0x48 platform/target/bl1/libbl1_main.a(bl1_flash_map.o)
                0x00000000000039d0                add_bank_offset_to_image_offset
 .text.boot_nv_security_counter_init
                0x0000000000003a18       0x38 platform/target/bl1/libbl1_main.a(bl1_security_cnt.o)
                0x0000000000003a18                boot_nv_security_counter_init
 .text.boot_nv_security_counter_get
                0x0000000000003a50       0x68 platform/target/bl1/libbl1_main.a(bl1_security_cnt.o)
                0x0000000000003a50                boot_nv_security_counter_get
 .text.boot_nv_security_counter_update
                0x0000000000003ab8       0x64 platform/target/bl1/libbl1_main.a(bl1_security_cnt.o)
                0x0000000000003ab8                boot_nv_security_counter_update
 .text.flash_device_base
                0x0000000000003b1c       0x40 platform/target/bl1/libbl1_main.a(flash_map_extended.o)
                0x0000000000003b1c                flash_device_base
 .text.flash_area_id_from_multi_image_slot
                0x0000000000003b5c       0x50 platform/target/bl1/libbl1_main.a(flash_map_extended.o)
                0x0000000000003b5c                flash_area_id_from_multi_image_slot
 .text.flash_area_erased_val
                0x0000000000003bac       0x1c platform/target/bl1/libbl1_main.a(flash_map_extended.o)
                0x0000000000003bac                flash_area_erased_val
 .text.boot_u32_safe_add
                0x0000000000003bc8       0x2e platform/target/bl1/libbl1_main.a(flash_map.o)
 .text.is_range_valid
                0x0000000000003bf6       0x4e platform/target/bl1/libbl1_main.a(flash_map.o)
 .text.flash_area_open
                0x0000000000003c44       0x68 platform/target/bl1/libbl1_main.a(flash_map.o)
                0x0000000000003c44                flash_area_open
 .text.flash_area_close
                0x0000000000003cac       0x10 platform/target/bl1/libbl1_main.a(flash_map.o)
                0x0000000000003cac                flash_area_close
 .text.flash_area_read
                0x0000000000003cbc      0x210 platform/target/bl1/libbl1_main.a(flash_map.o)
                0x0000000000003cbc                flash_area_read
 .text.flash_area_erase
                0x0000000000003ecc       0x90 platform/target/bl1/libbl1_main.a(flash_map.o)
                0x0000000000003ecc                flash_area_erase
 .text.tfm_plat_provisioning_check_for_dummy_keys
                0x0000000000003f5c       0x64 platform/target/bl1/libbl1_main.a(provisioning.o)
                0x0000000000003f5c                tfm_plat_provisioning_check_for_dummy_keys
 .text.tfm_plat_provisioning_is_required
                0x0000000000003fc0       0x3a platform/target/bl1/libbl1_main.a(provisioning.o)
                0x0000000000003fc0                tfm_plat_provisioning_is_required
 *fill*         0x0000000000003ffa        0x2 
 .text.provision_assembly_and_test
                0x0000000000003ffc       0x3c platform/target/bl1/libbl1_main.a(provisioning.o)
                0x0000000000003ffc                provision_assembly_and_test
 .text.tfm_plat_provisioning_perform
                0x0000000000004038       0x94 platform/target/bl1/libbl1_main.a(provisioning.o)
                0x0000000000004038                tfm_plat_provisioning_perform
 .text.boot_retrieve_public_key_hash
                0x00000000000040cc       0x2a platform/target/bl1/libbl1_main.a(keys.o)
                0x00000000000040cc                boot_retrieve_public_key_hash
 .text.boot_fih_memequal
                0x00000000000040f6       0x22 platform/target/bl1/libbl1_main.a(bootutil_misc.o)
                0x00000000000040f6                boot_fih_memequal
 .text.tfm_plat_init_nv_counter
                0x0000000000004118       0x10 platform/target/bl1/libbl1_main.a(nv_counters.o)
                0x0000000000004118                tfm_plat_init_nv_counter
 .text.read_nv_counter_otp
                0x0000000000004128       0xee platform/target/bl1/libbl1_main.a(nv_counters.o)
 *fill*         0x0000000000004216        0x2 
 .text.tfm_plat_read_nv_counter
                0x0000000000004218       0x90 platform/target/bl1/libbl1_main.a(nv_counters.o)
                0x0000000000004218                tfm_plat_read_nv_counter
 .text.set_nv_counter_otp
                0x00000000000042a8       0xe4 platform/target/bl1/libbl1_main.a(nv_counters.o)
 .text.tfm_plat_set_nv_counter
                0x000000000000438c       0x78 platform/target/bl1/libbl1_main.a(nv_counters.o)
                0x000000000000438c                tfm_plat_set_nv_counter
 .text.read_otp_nv_counters_flash
                0x0000000000004404       0xf0 platform/target/bl1/libbl1_main.a(flash_otp_nv_counters_backend.o)
                0x0000000000004404                read_otp_nv_counters_flash
 .text.init_otp_nv_counters_flash
                0x00000000000044f4       0xc4 platform/target/bl1/libbl1_main.a(flash_otp_nv_counters_backend.o)
                0x00000000000044f4                init_otp_nv_counters_flash
 .text.round_down
                0x00000000000045b8       0x24 platform/target/bl1/libbl1_main.a(flash_otp_nv_counters_backend.o)
 .text.round_up
                0x00000000000045dc       0x2e platform/target/bl1/libbl1_main.a(flash_otp_nv_counters_backend.o)
 *fill*         0x000000000000460a        0x2 
 .text.erase_flash_region
                0x000000000000460c       0x74 platform/target/bl1/libbl1_main.a(flash_otp_nv_counters_backend.o)
 .text.copy_flash_region
                0x0000000000004680       0xc8 platform/target/bl1/libbl1_main.a(flash_otp_nv_counters_backend.o)
 .text.make_backup
                0x0000000000004748       0x48 platform/target/bl1/libbl1_main.a(flash_otp_nv_counters_backend.o)
 .text.write_otp_nv_counters_flash
                0x0000000000004790      0x248 platform/target/bl1/libbl1_main.a(flash_otp_nv_counters_backend.o)
                0x0000000000004790                write_otp_nv_counters_flash
 .text.restore_backup
                0x00000000000049d8       0x48 platform/target/bl1/libbl1_main.a(flash_otp_nv_counters_backend.o)
 .text.create_or_restore_layout
                0x0000000000004a20      0x188 platform/target/bl1/libbl1_main.a(flash_otp_nv_counters_backend.o)
 .text.ARM_Flash_GetVersion
                0x0000000000004ba8       0x34 platform/target/bl1/libbl1_main.a(Driver_Flash.o)
 .text.ARM_Flash_GetStatus
                0x0000000000004bdc       0x14 platform/target/bl1/libbl1_main.a(Driver_Flash.o)
 .text.ARM_Flash_PowerControl
                0x0000000000004bf0       0x24 platform/target/bl1/libbl1_main.a(Driver_Flash.o)
 .text.ARM_Flash_Uninitialize
                0x0000000000004c14        0xc platform/target/bl1/libbl1_main.a(Driver_Flash.o)
 .text.STRATAFLASHJ3_Initialize
                0x0000000000004c20       0x64 platform/target/bl1/libbl1_main.a(Driver_Flash.o)
 .text.STRATAFLASHJ3_Driver_GetCapabilities
                0x0000000000004c84       0x10 platform/target/bl1/libbl1_main.a(Driver_Flash.o)
 .text.STRATAFLASHJ3_Flash_ReadData
                0x0000000000004c94       0x7c platform/target/bl1/libbl1_main.a(Driver_Flash.o)
 .text.STRATAFLASHJ3_Flash_ProgramData
                0x0000000000004d10       0x7c platform/target/bl1/libbl1_main.a(Driver_Flash.o)
 .text.STRATAFLASHJ3_Flash_EraseSector
                0x0000000000004d8c       0x3c platform/target/bl1/libbl1_main.a(Driver_Flash.o)
 .text.STRATAFLASHJ3_Flash_EraseChip
                0x0000000000004dc8       0x34 platform/target/bl1/libbl1_main.a(Driver_Flash.o)
 .text.STRATAFLASHJ3_Flash_GetInfo
                0x0000000000004dfc       0x10 platform/target/bl1/libbl1_main.a(Driver_Flash.o)
 .text.STRATAFLASHJ3_Initialize_SE
                0x0000000000004e0c       0x64 platform/target/bl1/libbl1_main.a(Driver_Flash.o)
 .text.STRATAFLASHJ3_Driver_GetCapabilities_SE
                0x0000000000004e70       0x10 platform/target/bl1/libbl1_main.a(Driver_Flash.o)
 .text.STRATAFLASHJ3_Flash_ReadData_SE
                0x0000000000004e80       0x7c platform/target/bl1/libbl1_main.a(Driver_Flash.o)
 .text.STRATAFLASHJ3_Flash_ProgramData_SE
                0x0000000000004efc       0x7c platform/target/bl1/libbl1_main.a(Driver_Flash.o)
 .text.STRATAFLASHJ3_Flash_EraseSector_SE
                0x0000000000004f78       0x3c platform/target/bl1/libbl1_main.a(Driver_Flash.o)
 .text.STRATAFLASHJ3_Flash_EraseChip_SE
                0x0000000000004fb4       0x34 platform/target/bl1/libbl1_main.a(Driver_Flash.o)
 .text.STRATAFLASHJ3_Flash_GetInfo_SE
                0x0000000000004fe8       0x10 platform/target/bl1/libbl1_main.a(Driver_Flash.o)
 .text.fc_select
                0x0000000000004ff8       0x4c platform/target/bl1/libbl1_main.a(firewall.o)
                0x0000000000004ff8                fc_select
 .text.fc_disable_bypass
                0x0000000000005044       0x34 platform/target/bl1/libbl1_main.a(firewall.o)
                0x0000000000005044                fc_disable_bypass
 .text.fc_pe_enable
                0x0000000000005078       0x34 platform/target/bl1/libbl1_main.a(firewall.o)
                0x0000000000005078                fc_pe_enable
 .text.fc_pe_disable
                0x00000000000050ac       0x30 platform/target/bl1/libbl1_main.a(firewall.o)
                0x00000000000050ac                fc_pe_disable
 .text.fc_select_region
                0x00000000000050dc       0x30 platform/target/bl1/libbl1_main.a(firewall.o)
                0x00000000000050dc                fc_select_region
 .text.fc_enable_regions
                0x000000000000510c       0x24 platform/target/bl1/libbl1_main.a(firewall.o)
                0x000000000000510c                fc_enable_regions
 .text.fc_disable_regions
                0x0000000000005130       0x28 platform/target/bl1/libbl1_main.a(firewall.o)
                0x0000000000005130                fc_disable_regions
 .text.fc_prog_rgn
                0x0000000000005158       0x40 platform/target/bl1/libbl1_main.a(firewall.o)
                0x0000000000005158                fc_prog_rgn
 .text.fc_prog_rgn_upper_addr
                0x0000000000005198       0x20 platform/target/bl1/libbl1_main.a(firewall.o)
                0x0000000000005198                fc_prog_rgn_upper_addr
 .text.fc_enable_addr_trans
                0x00000000000051b8       0x28 platform/target/bl1/libbl1_main.a(firewall.o)
                0x00000000000051b8                fc_enable_addr_trans
 .text.fc_init_mpl
                0x00000000000051e0       0x7c platform/target/bl1/libbl1_main.a(firewall.o)
                0x00000000000051e0                fc_init_mpl
 .text.fc_enable_mpl
                0x000000000000525c       0x94 platform/target/bl1/libbl1_main.a(firewall.o)
                0x000000000000525c                fc_enable_mpl
 .text.fc_prog_mid
                0x00000000000052f0       0x60 platform/target/bl1/libbl1_main.a(firewall.o)
                0x00000000000052f0                fc_prog_mid
 .text.fc_enable_mpe
                0x0000000000005350       0x40 platform/target/bl1/libbl1_main.a(firewall.o)
                0x0000000000005350                fc_enable_mpe
 .text.fc_disable_mpe
                0x0000000000005390       0x4c platform/target/bl1/libbl1_main.a(firewall.o)
                0x0000000000005390                fc_disable_mpe
 .text.__NVIC_SystemReset
                0x00000000000053dc       0x24 platform/target/bl1/libbl1_main.a(fwu_agent.o)
 .text.private_metadata_read
                0x0000000000005400       0x80 platform/target/bl1/libbl1_main.a(fwu_agent.o)
 .text.private_metadata_write
                0x0000000000005480       0x9c platform/target/bl1/libbl1_main.a(fwu_agent.o)
 .text.metadata_read
                0x000000000000551c       0x9c platform/target/bl1/libbl1_main.a(fwu_agent.o)
 .text.metadata_write
                0x00000000000055b8       0xb4 platform/target/bl1/libbl1_main.a(fwu_agent.o)
 .text.fwu_metadata_init
                0x000000000000566c       0x8c platform/target/bl1/libbl1_main.a(fwu_agent.o)
                0x000000000000566c                fwu_metadata_init
 .text.fwu_metadata_provision
                0x00000000000056f8      0x1fc platform/target/bl1/libbl1_main.a(fwu_agent.o)
                0x00000000000056f8                fwu_metadata_provision
 .text.get_fwu_agent_state
                0x00000000000058f4       0xbc platform/target/bl1/libbl1_main.a(fwu_agent.o)
 .text.bl1_get_boot_bank
                0x00000000000059b0      0x1e0 platform/target/bl1/libbl1_main.a(fwu_agent.o)
                0x00000000000059b0                bl1_get_boot_bank
 .text.SysTick_Handler
                0x0000000000005b90       0x60 platform/target/bl1/libbl1_main.a(fwu_agent.o)
                0x0000000000005b90                SysTick_Handler
 .text.fwu_stage_nv_counter
                0x0000000000005bf0       0xd0 platform/target/bl1/libbl1_main.a(fwu_agent.o)
                0x0000000000005bf0                fwu_stage_nv_counter
 .text.__NVIC_EnableIRQ
                0x0000000000005cc0       0x34 platform/target/bl1/libbl1_main.a(watchdog.o)
 .text.__NVIC_SystemReset
                0x0000000000005cf4       0x24 platform/target/bl1/libbl1_main.a(watchdog.o)
 .text.NMI_Handler
                0x0000000000005d18       0x28 platform/target/bl1/libbl1_main.a(watchdog.o)
                0x0000000000005d18                NMI_Handler
 .text.SE_WATCHDOG_TIMER_IRQHandler
                0x0000000000005d40       0x28 platform/target/bl1/libbl1_main.a(watchdog.o)
                0x0000000000005d40                SE_WATCHDOG_TIMER_IRQHandler
 .text.corstone1000_watchdog_init
                0x0000000000005d68       0xb8 platform/target/bl1/libbl1_main.a(watchdog.o)
                0x0000000000005d68                corstone1000_watchdog_init
 .text.SECURE_WATCHDOG_WS1_IRQHandler
                0x0000000000005e20        0x8 platform/target/bl1/libbl1_main.a(watchdog.o)
                0x0000000000005e20                SECURE_WATCHDOG_WS1_IRQHandler
 .text.get_rotpk_hash
                0x0000000000005e28       0x54 platform/target/bl1/libbl1_main.a(bl1_rotpk.o)
 .text.tfm_plat_get_rotpk_hash
                0x0000000000005e7c       0x38 platform/target/bl1/libbl1_main.a(bl1_rotpk.o)
                0x0000000000005e7c                tfm_plat_get_rotpk_hash
 .text.cfi_strataflashj3_erase_chip
                0x0000000000005eb4       0x6c platform/target/bl1/libbl1_main.a(spi_strataflashj3_flash_lib.o)
                0x0000000000005eb4                cfi_strataflashj3_erase_chip
 .text.erase_block
                0x0000000000005f20       0x58 platform/target/bl1/libbl1_main.a(spi_strataflashj3_flash_lib.o)
                0x0000000000005f20                erase_block
 .text.cfi_strataflashj3_erase
                0x0000000000005f78       0x48 platform/target/bl1/libbl1_main.a(spi_strataflashj3_flash_lib.o)
                0x0000000000005f78                cfi_strataflashj3_erase
 .text.cfi_strataflashj3_program_data_byte
                0x0000000000005fc0       0xb0 platform/target/bl1/libbl1_main.a(spi_strataflashj3_flash_lib.o)
 .text.cfi_strataflashj3_program
                0x0000000000006070       0xd0 platform/target/bl1/libbl1_main.a(spi_strataflashj3_flash_lib.o)
                0x0000000000006070                cfi_strataflashj3_program
 .text.cfi_strataflashj3_read
                0x0000000000006140       0xbc platform/target/bl1/libbl1_main.a(spi_strataflashj3_flash_lib.o)
                0x0000000000006140                cfi_strataflashj3_read
 .text.cfi_strataflashj3_initialize
                0x00000000000061fc       0x24 platform/target/bl1/libbl1_main.a(spi_strataflashj3_flash_lib.o)
                0x00000000000061fc                cfi_strataflashj3_initialize
 .text.mmio_write_32
                0x0000000000006220       0x18 platform/target/bl1/libbl1_main.a(cfi_drv.o)
 .text.mmio_write_8
                0x0000000000006238       0x1e platform/target/bl1/libbl1_main.a(cfi_drv.o)
 .text.mmio_read_32
                0x0000000000006256       0x14 platform/target/bl1/libbl1_main.a(cfi_drv.o)
 .text.nor_cfi_reg_read
                0x000000000000626a       0x16 platform/target/bl1/libbl1_main.a(cfi_drv.o)
                0x000000000000626a                nor_cfi_reg_read
 .text.nor_status
                0x0000000000006280       0x36 platform/target/bl1/libbl1_main.a(cfi_drv.o)
 .text.nor_send_cmd
                0x00000000000062b6       0x28 platform/target/bl1/libbl1_main.a(cfi_drv.o)
                0x00000000000062b6                nor_send_cmd
 .text.nor_send_cmd_byte
                0x00000000000062de       0x20 platform/target/bl1/libbl1_main.a(cfi_drv.o)
                0x00000000000062de                nor_send_cmd_byte
 *fill*         0x00000000000062fe        0x2 
 .text.nor_poll_dws
                0x0000000000006300       0x48 platform/target/bl1/libbl1_main.a(cfi_drv.o)
 .text.nor_poll_dws_byte
                0x0000000000006348       0x40 platform/target/bl1/libbl1_main.a(cfi_drv.o)
 .text.nor_full_status_check
                0x0000000000006388       0x36 platform/target/bl1/libbl1_main.a(cfi_drv.o)
 .text.nor_byte_program
                0x00000000000063be       0x8c platform/target/bl1/libbl1_main.a(cfi_drv.o)
                0x00000000000063be                nor_byte_program
 *fill*         0x000000000000644a        0x2 
 .text.nor_erase
                0x000000000000644c       0x64 platform/target/bl1/libbl1_main.a(cfi_drv.o)
                0x000000000000644c                nor_erase
 .text.arm_watchdog_init
                0x00000000000064b0       0x58 platform/target/bl1/libbl1_main.a(arm_watchdog_drv.o)
                0x00000000000064b0                arm_watchdog_init
 .text.arm_watchdog_clear_interrupt_and_refresh_counter
                0x0000000000006508       0x40 platform/target/bl1/libbl1_main.a(arm_watchdog_drv.o)
                0x0000000000006508                arm_watchdog_clear_interrupt_and_refresh_counter
 .text.arm_watchdog_enable
                0x0000000000006548       0x5a platform/target/bl1/libbl1_main.a(arm_watchdog_drv.o)
                0x0000000000006548                arm_watchdog_enable
 .text.arm_watchdog_is_enabled
                0x00000000000065a2       0x1a platform/target/bl1/libbl1_main.a(arm_watchdog_drv.o)
                0x00000000000065a2                arm_watchdog_is_enabled
 .text.arm_watchdog_disable
                0x00000000000065bc       0x58 platform/target/bl1/libbl1_main.a(arm_watchdog_drv.o)
                0x00000000000065bc                arm_watchdog_disable
 .text.arm_watchdog_lock
                0x0000000000006614       0x22 platform/target/bl1/libbl1_main.a(arm_watchdog_drv.o)
                0x0000000000006614                arm_watchdog_lock
 .text.arm_watchdog_is_locked
                0x0000000000006636       0x20 platform/target/bl1/libbl1_main.a(arm_watchdog_drv.o)
                0x0000000000006636                arm_watchdog_is_locked
 *fill*         0x0000000000006656        0x2 
 .text.arm_watchdog_unlock
                0x0000000000006658       0x28 platform/target/bl1/libbl1_main.a(arm_watchdog_drv.o)
                0x0000000000006658                arm_watchdog_unlock
 .text.arm_watchdog_is_initialized
                0x0000000000006680       0x1a platform/target/bl1/libbl1_main.a(arm_watchdog_drv.o)
                0x0000000000006680                arm_watchdog_is_initialized
 *fill*         0x000000000000669a        0x2 
 .text.mbedtls_asn1_get_len
                0x000000000000669c       0xb0 bl2/mbedcrypto/library/libmbedcrypto.a(asn1parse.o)
                0x000000000000669c                mbedtls_asn1_get_len
 .text.mbedtls_asn1_get_tag
                0x000000000000674c       0x28 bl2/mbedcrypto/library/libmbedcrypto.a(asn1parse.o)
                0x000000000000674c                mbedtls_asn1_get_tag
 .text.mbedtls_asn1_get_mpi
                0x0000000000006774       0x48 bl2/mbedcrypto/library/libmbedcrypto.a(asn1parse.o)
                0x0000000000006774                mbedtls_asn1_get_mpi
 .text.mbedtls_mpi_grow.part.0
                0x00000000000067bc       0x40 bl2/mbedcrypto/library/libmbedcrypto.a(bignum.o)
 .text.mbedtls_mpi_resize_clear
                0x00000000000067fc       0x80 bl2/mbedcrypto/library/libmbedcrypto.a(bignum.o)
 .text.mbedtls_mpi_free
                0x000000000000687c       0x28 bl2/mbedcrypto/library/libmbedcrypto.a(bignum.o)
                0x000000000000687c                mbedtls_mpi_free
 .text.mbedtls_mpi_copy
                0x00000000000068a4       0xa4 bl2/mbedcrypto/library/libmbedcrypto.a(bignum.o)
                0x00000000000068a4                mbedtls_mpi_copy
 .text.mbedtls_mpi_bitlen
                0x0000000000006948       0x4c bl2/mbedcrypto/library/libmbedcrypto.a(bignum.o)
                0x0000000000006948                mbedtls_mpi_bitlen
 .text.mbedtls_mpi_size
                0x0000000000006994        0xc bl2/mbedcrypto/library/libmbedcrypto.a(bignum.o)
                0x0000000000006994                mbedtls_mpi_size
 .text.mbedtls_mpi_read_binary
                0x00000000000069a0       0x68 bl2/mbedcrypto/library/libmbedcrypto.a(bignum.o)
                0x00000000000069a0                mbedtls_mpi_read_binary
 .text.mbedtls_mpi_cmp_mpi
                0x0000000000006a08       0xb0 bl2/mbedcrypto/library/libmbedcrypto.a(bignum.o)
                0x0000000000006a08                mbedtls_mpi_cmp_mpi
 .text.verify_header
                0x0000000000006ab8       0x44 bl2/mbedcrypto/library/libmbedcrypto.a(memory_buffer_alloc.o)
 .text.verify_chain
                0x0000000000006afc       0x70 bl2/mbedcrypto/library/libmbedcrypto.a(memory_buffer_alloc.o)
 .text.buffer_alloc_free
                0x0000000000006b6c      0x11c bl2/mbedcrypto/library/libmbedcrypto.a(memory_buffer_alloc.o)
 .text.buffer_alloc_calloc
                0x0000000000006c88      0x118 bl2/mbedcrypto/library/libmbedcrypto.a(memory_buffer_alloc.o)
 .text.mbedtls_memory_buffer_alloc_init
                0x0000000000006da0       0x68 bl2/mbedcrypto/library/libmbedcrypto.a(memory_buffer_alloc.o)
                0x0000000000006da0                mbedtls_memory_buffer_alloc_init
 .text.mbedtls_calloc
                0x0000000000006e08       0x10 bl2/mbedcrypto/library/libmbedcrypto.a(platform.o)
                0x0000000000006e08                mbedtls_calloc
 .text.mbedtls_free
                0x0000000000006e18       0x10 bl2/mbedcrypto/library/libmbedcrypto.a(platform.o)
                0x0000000000006e18                mbedtls_free
 .text.mbedtls_platform_set_calloc_free
                0x0000000000006e28       0x14 bl2/mbedcrypto/library/libmbedcrypto.a(platform.o)
                0x0000000000006e28                mbedtls_platform_set_calloc_free
 .text.mbedtls_platform_zeroize
                0x0000000000006e3c       0x18 bl2/mbedcrypto/library/libmbedcrypto.a(platform_util.o)
                0x0000000000006e3c                mbedtls_platform_zeroize
 .text.error_mapping_cc_to_mbedtls_rsa
                0x0000000000006e54      0x164 platform/ext/accelerator/cc312/bl2_cc312/libbl2_cc312_mbedtls_api.a(rsa_alt.o)
 .text.build_cc_pubkey
                0x0000000000006fb8      0x148 platform/ext/accelerator/cc312/bl2_cc312/libbl2_cc312_mbedtls_api.a(rsa_alt.o)
 .text.mbedtls_rsa_free.part.0
                0x0000000000007100       0x84 platform/ext/accelerator/cc312/bl2_cc312/libbl2_cc312_mbedtls_api.a(rsa_alt.o)
 .text.mbedtls_rsa_init
                0x0000000000007184       0x1c platform/ext/accelerator/cc312/bl2_cc312/libbl2_cc312_mbedtls_api.a(rsa_alt.o)
                0x0000000000007184                mbedtls_rsa_init
 .text.mbedtls_rsa_check_pubkey
                0x00000000000071a0       0x70 platform/ext/accelerator/cc312/bl2_cc312/libbl2_cc312_mbedtls_api.a(rsa_alt.o)
                0x00000000000071a0                mbedtls_rsa_check_pubkey
 .text.mbedtls_rsa_public
                0x0000000000007210       0xb8 platform/ext/accelerator/cc312/bl2_cc312/libbl2_cc312_mbedtls_api.a(rsa_alt.o)
                0x0000000000007210                mbedtls_rsa_public
 .text.mbedtls_rsa_free
                0x00000000000072c8        0xc platform/ext/accelerator/cc312/bl2_cc312/libbl2_cc312_mbedtls_api.a(rsa_alt.o)
                0x00000000000072c8                mbedtls_rsa_free
 .text.mbedtls_rsa_import
                0x00000000000072d4       0x8c platform/ext/accelerator/cc312/bl2_cc312/libbl2_cc312_mbedtls_api.a(rsa_alt.o)
                0x00000000000072d4                mbedtls_rsa_import
 .text.mbedtls_sha256_init
                0x0000000000007360       0x1c platform/ext/accelerator/cc312/bl2_cc312/libbl2_cc312_mbedtls_api.a(sha256_alt.o)
                0x0000000000007360                mbedtls_sha256_init
 .text.mbedtls_sha256_free
                0x000000000000737c       0x34 platform/ext/accelerator/cc312/bl2_cc312/libbl2_cc312_mbedtls_api.a(sha256_alt.o)
                0x000000000000737c                mbedtls_sha256_free
 .text.mbedtls_sha256_starts
                0x00000000000073b0       0x24 platform/ext/accelerator/cc312/bl2_cc312/libbl2_cc312_mbedtls_api.a(sha256_alt.o)
                0x00000000000073b0                mbedtls_sha256_starts
 .text.mbedtls_sha256_update
                0x00000000000073d4       0x14 platform/ext/accelerator/cc312/bl2_cc312/libbl2_cc312_mbedtls_api.a(sha256_alt.o)
                0x00000000000073d4                mbedtls_sha256_update
 .text.mbedtls_sha256_finish
                0x00000000000073e8       0x88 platform/ext/accelerator/cc312/bl2_cc312/libbl2_cc312_mbedtls_api.a(sha256_alt.o)
                0x00000000000073e8                mbedtls_sha256_finish
 .text.mbedtls_zeroize_internal
                0x0000000000007470       0x40 platform/ext/accelerator/cc312/bl2_cc312/libbl2_cc312_mbedtls_api.a(mbedtls_common.o)
                0x0000000000007470                mbedtls_zeroize_internal
 .text.mbedtls_hashUpdate
                0x00000000000074b0      0x130 platform/ext/accelerator/cc312/bl2_cc312/libbl2_cc312_mbedtls_api.a(mbedtls_hash_common.o)
 .text.mbedtls_sha_starts_internal
                0x00000000000075e0       0x50 platform/ext/accelerator/cc312/bl2_cc312/libbl2_cc312_mbedtls_api.a(mbedtls_hash_common.o)
                0x00000000000075e0                mbedtls_sha_starts_internal
 .text.mbedtls_sha_finish_internal
                0x0000000000007630       0xd4 platform/ext/accelerator/cc312/bl2_cc312/libbl2_cc312_mbedtls_api.a(mbedtls_hash_common.o)
                0x0000000000007630                mbedtls_sha_finish_internal
 .text.mbedtls_sha_update_internal
                0x0000000000007704       0xb4 platform/ext/accelerator/cc312/bl2_cc312/libbl2_cc312_mbedtls_api.a(mbedtls_hash_common.o)
                0x0000000000007704                mbedtls_sha_update_internal
 .text.CC_PalDataBufferAttrGet
                0x00000000000077b8       0x40 platform/ext/accelerator/libbl2_crypto_hw.a(cc312.o)
                0x00000000000077b8                CC_PalDataBufferAttrGet
 .text.crypto_hw_accelerator_init
                0x00000000000077f8      0x10c platform/ext/accelerator/libbl2_crypto_hw.a(cc312.o)
                0x00000000000077f8                crypto_hw_accelerator_init
 .text.crypto_hw_accelerator_finish
                0x0000000000007904       0x64 platform/ext/accelerator/libbl2_crypto_hw.a(cc312.o)
                0x0000000000007904                crypto_hw_accelerator_finish
 .text.SetDataBuffersInfo
                0x0000000000007968       0x9c platform/ext/accelerator/cc312/bl2_cc312/libbl2_cc312.a(driver_common.o)
                0x0000000000007968                SetDataBuffersInfo
 .text.InitHashDrv
                0x0000000000007a04       0x58 platform/ext/accelerator/cc312/bl2_cc312/libbl2_cc312.a(hash_driver.o)
                0x0000000000007a04                InitHashDrv
 .text.ProcessHashDrv
                0x0000000000007a5c      0x33c platform/ext/accelerator/cc312/bl2_cc312/libbl2_cc312.a(hash_driver.o)
                0x0000000000007a5c                ProcessHashDrv
 .text.FinishHashDrv
                0x0000000000007d98       0x20 platform/ext/accelerator/cc312/bl2_cc312/libbl2_cc312.a(hash_driver.o)
                0x0000000000007d98                FinishHashDrv
 .text.CC_CommonCmpLsWordsUnsignedCounters
                0x0000000000007db8       0xa8 platform/ext/accelerator/cc312/bl2_cc312/libbl2_cc312.a(cc_common_math.o)
                0x0000000000007db8                CC_CommonCmpLsWordsUnsignedCounters
 .text.CC_CommonGetWordsCounterEffectiveSizeInBits
                0x0000000000007e60       0x3c platform/ext/accelerator/cc312/bl2_cc312/libbl2_cc312.a(cc_common_math.o)
                0x0000000000007e60                CC_CommonGetWordsCounterEffectiveSizeInBits
 .text.PkaSetRegsSizesTab
                0x0000000000007e9c       0x38 platform/ext/accelerator/cc312/bl2_cc312/libbl2_cc312.a(pka.o)
                0x0000000000007e9c                PkaSetRegsSizesTab
 .text.PkaInitPka
                0x0000000000007ed4       0xf8 platform/ext/accelerator/cc312/bl2_cc312/libbl2_cc312.a(pka.o)
                0x0000000000007ed4                PkaInitPka
 .text.PkaInitAndMutexLock
                0x0000000000007fcc       0x98 platform/ext/accelerator/cc312/bl2_cc312/libbl2_cc312.a(pka.o)
                0x0000000000007fcc                PkaInitAndMutexLock
 .text.PkaCalcNpIntoPkaReg
                0x0000000000008064      0x360 platform/ext/accelerator/cc312/bl2_cc312/libbl2_cc312.a(pka.o)
                0x0000000000008064                PkaCalcNpIntoPkaReg
 .text.PkaClearBlockOfRegs
                0x00000000000083c4      0x170 platform/ext/accelerator/cc312/bl2_cc312/libbl2_cc312.a(pka.o)
                0x00000000000083c4                PkaClearBlockOfRegs
 .text.PkaFinishAndMutexUnlock
                0x0000000000008534       0x6c platform/ext/accelerator/cc312/bl2_cc312/libbl2_cc312.a(pka.o)
                0x0000000000008534                PkaFinishAndMutexUnlock
 .text.PkaCopyDataFromPkaReg
                0x00000000000085a0       0x50 platform/ext/accelerator/cc312/bl2_cc312/libbl2_cc312.a(pka.o)
                0x00000000000085a0                PkaCopyDataFromPkaReg
 .text.PkaCopyDataIntoPkaReg
                0x00000000000085f0       0xdc platform/ext/accelerator/cc312/bl2_cc312/libbl2_cc312.a(pka.o)
                0x00000000000085f0                PkaCopyDataIntoPkaReg
 .text.PkiCalcNp
                0x00000000000086cc       0x8c platform/ext/accelerator/cc312/bl2_cc312/libbl2_cc312.a(pki.o)
                0x00000000000086cc                PkiCalcNp
 .text.RsaInitPubKeyDb
                0x0000000000008758       0x24 platform/ext/accelerator/cc312/bl2_cc312/libbl2_cc312.a(rsa_public.o)
                0x0000000000008758                RsaInitPubKeyDb
 .text.RsaExecPubKeyExp
                0x000000000000877c      0x104 platform/ext/accelerator/cc312/bl2_cc312/libbl2_cc312.a(rsa_public.o)
                0x000000000000877c                RsaExecPubKeyExp
 .text.CC_RndSetGenerateVectorFunc
                0x0000000000008880       0x20 platform/ext/accelerator/cc312/bl2_cc312/libbl2_cc312.a(cc_rnd_common.o)
                0x0000000000008880                CC_RndSetGenerateVectorFunc
 .text.CC_RsaPrimEncrypt
                0x00000000000088a0      0x110 platform/ext/accelerator/cc312/bl2_cc312/libbl2_cc312.a(cc_rsa_prim.o)
                0x00000000000088a0                CC_RsaPrimEncrypt
 .text.CC_LibInit
                0x00000000000089b0      0x2e8 platform/ext/accelerator/cc312/bl2_cc312/libbl2_cc312.a(cc_lib.o)
                0x00000000000089b0                CC_LibInit
 .text.CC_LibFini
                0x0000000000008c98       0x34 platform/ext/accelerator/cc312/bl2_cc312/libbl2_cc312.a(cc_lib.o)
                0x0000000000008c98                CC_LibFini
 .text.RNG_PLAT_SetUserRngParameters
                0x0000000000008ccc       0x64 platform/ext/accelerator/cc312/bl2_cc312/libbl2_cc312.a(cc_rng_plat.o)
                0x0000000000008ccc                RNG_PLAT_SetUserRngParameters
 .text.mbedtls_mng_otpWordRead
                0x0000000000008d30       0x40 platform/ext/accelerator/cc312/bl2_cc312/libbl2_cc312.a(mbedtls_cc_mng_int.o)
                0x0000000000008d30                mbedtls_mng_otpWordRead
 .text.mbedtls_mng_lcsGet
                0x0000000000008d70       0x3c platform/ext/accelerator/cc312/bl2_cc312/libbl2_cc312.a(mbedtls_cc_mng_int.o)
                0x0000000000008d70                mbedtls_mng_lcsGet
 .text.CC_HalInit
                0x0000000000008dac       0x28 platform/ext/accelerator/cc312/bl2_cc312/libbl2_cc312.a(cc_hal.o)
                0x0000000000008dac                CC_HalInit
 .text.CC_HalTerminate
                0x0000000000008dd4       0x1c platform/ext/accelerator/cc312/bl2_cc312/libbl2_cc312.a(cc_hal.o)
                0x0000000000008dd4                CC_HalTerminate
 .text.CC_HalClearInterruptBit
                0x0000000000008df0       0x18 platform/ext/accelerator/cc312/bl2_cc312/libbl2_cc312.a(cc_hal.o)
                0x0000000000008df0                CC_HalClearInterruptBit
 .text.CC_HalMaskInterrupt
                0x0000000000008e08       0x18 platform/ext/accelerator/cc312/bl2_cc312/libbl2_cc312.a(cc_hal.o)
                0x0000000000008e08                CC_HalMaskInterrupt
 .text.CC_HalWaitInterrupt
                0x0000000000008e20       0x14 platform/ext/accelerator/cc312/bl2_cc312/libbl2_cc312.a(cc_hal.o)
                0x0000000000008e20                CC_HalWaitInterrupt
 .text.CC_HalWaitInterruptRND
                0x0000000000008e34       0x44 platform/ext/accelerator/cc312/bl2_cc312/libbl2_cc312.a(cc_hal.o)
                0x0000000000008e34                CC_HalWaitInterruptRND
 .text.CC_CommonInPlaceConvertBytesWordsAndArrayEndianness
                0x0000000000008e78       0x3c platform/ext/accelerator/cc312/bl2_cc312/libbl2_cc312.a(cc_common_conv_endian.o)
                0x0000000000008e78                CC_CommonInPlaceConvertBytesWordsAndArrayEndianness
 .text.CC_CommonConvertMsbLsbBytesToLswMswWords
                0x0000000000008eb4       0xa4 platform/ext/accelerator/cc312/bl2_cc312/libbl2_cc312.a(cc_common_conv_endian.o)
                0x0000000000008eb4                CC_CommonConvertMsbLsbBytesToLswMswWords
 .text.CC_CommonConvertLswMswWordsToMsbLsbBytes
                0x0000000000008f58       0x88 platform/ext/accelerator/cc312/bl2_cc312/libbl2_cc312.a(cc_common_conv_endian.o)
                0x0000000000008f58                CC_CommonConvertLswMswWordsToMsbLsbBytes
 .text.LLF_RND_TRNG_ReadEhrData
                0x0000000000008fe0       0x94 platform/ext/accelerator/cc312/bl2_cc312/libbl2_cc312.a(llf_rnd_fetrng.o)
 .text.LLF_RND_StartTrngHW
                0x0000000000009074      0x140 platform/ext/accelerator/cc312/bl2_cc312/libbl2_cc312.a(llf_rnd_fetrng.o)
                0x0000000000009074                LLF_RND_StartTrngHW
 .text.LLF_RND_GetTrngSource
                0x00000000000091b4      0x1e4 platform/ext/accelerator/cc312/bl2_cc312/libbl2_cc312.a(llf_rnd_fetrng.o)
                0x00000000000091b4                LLF_RND_GetTrngSource
 .text.LLF_RND_RunTrngStartupTest
                0x0000000000009398        0x4 platform/ext/accelerator/cc312/bl2_cc312/libbl2_cc312.a(llf_rnd_fetrng.o)
                0x0000000000009398                LLF_RND_RunTrngStartupTest
 .text.LoadIVState
                0x000000000000939c       0xc0 platform/ext/accelerator/cc312/bl2_cc312/libbl2_cc312.a(aes_driver.o)
 .text.LoadAesKey
                0x000000000000945c      0x1c8 platform/ext/accelerator/cc312/bl2_cc312/libbl2_cc312.a(aes_driver.o)
 .text.InitAes  0x0000000000009624       0xf8 platform/ext/accelerator/cc312/bl2_cc312/libbl2_cc312.a(aes_driver.o)
 .text.StoreIVState.isra.0
                0x000000000000971c       0x88 platform/ext/accelerator/cc312/bl2_cc312/libbl2_cc312.a(aes_driver.o)
 .text.ProcessAesDrv
                0x00000000000097a4      0x208 platform/ext/accelerator/cc312/bl2_cc312/libbl2_cc312.a(aes_driver.o)
                0x00000000000097a4                ProcessAesDrv
 .text.LLF_RND_WaitRngInterrupt
                0x00000000000099ac       0x60 platform/ext/accelerator/cc312/bl2_cc312/libbl2_cc312.a(llf_rnd.o)
                0x00000000000099ac                LLF_RND_WaitRngInterrupt
 .text.LLF_RND_GetRoscSampleCnt
                0x0000000000009a0c       0x3c platform/ext/accelerator/cc312/bl2_cc312/libbl2_cc312.a(llf_rnd.o)
                0x0000000000009a0c                LLF_RND_GetRoscSampleCnt
 .text.LLF_RND_GetFastestRosc
                0x0000000000009a48       0x20 platform/ext/accelerator/cc312/bl2_cc312/libbl2_cc312.a(llf_rnd.o)
                0x0000000000009a48                LLF_RND_GetFastestRosc
 .text.LLF_RND_TurnOffTrng
                0x0000000000009a68       0x38 platform/ext/accelerator/cc312/bl2_cc312/libbl2_cc312.a(llf_rnd.o)
                0x0000000000009a68                LLF_RND_TurnOffTrng
 .text.boot_clear_ram_area
                0x0000000000009aa0       0x1c platform/libplatform_bl2.a(boot_hal_bl2.o)
                0x0000000000009aa0                boot_clear_ram_area
 .text.boot_jump_to_next_image
                0x0000000000009abc       0x24 platform/libplatform_bl2.a(boot_hal_bl2.o)
                0x0000000000009abc                boot_jump_to_next_image
 .text.boot_platform_post_init
                0x0000000000009ae0       0x22 platform/libplatform_bl2.a(boot_hal_bl2.o)
                0x0000000000009ae0                boot_platform_post_init
 *fill*         0x0000000000009b02        0x2 
 .text.CC_PalTrngParamGet
                0x0000000000009b04       0x34 platform/ext/accelerator/cc312/bl2_cc312/libbl2_cc312_pal.a(cc_pal_trng.o)
                0x0000000000009b04                CC_PalTrngParamGet
 .text.CC_PalAbort
                0x0000000000009b38        0x8 platform/ext/accelerator/cc312/bl2_cc312/libbl2_cc312_pal.a(cc_pal_abort_plat.o)
                0x0000000000009b38                CC_PalAbort
 .text.CC_PalInit
                0x0000000000009b40       0x18 platform/ext/accelerator/cc312/bl2_cc312/libbl2_cc312_pal.a(cc_pal.o)
                0x0000000000009b40                CC_PalInit
 .text.CC_PalTerminate
                0x0000000000009b58        0x8 platform/ext/accelerator/cc312/bl2_cc312/libbl2_cc312_pal.a(cc_pal.o)
                0x0000000000009b58                CC_PalTerminate
 .text.CC_PalDmaInit
                0x0000000000009b60        0x4 platform/ext/accelerator/cc312/bl2_cc312/libbl2_cc312_pal.a(cc_pal_dma.o)
                0x0000000000009b60                CC_PalDmaInit
 .text.CC_PalDmaTerminate
                0x0000000000009b64        0x4 platform/ext/accelerator/cc312/bl2_cc312/libbl2_cc312_pal.a(cc_pal_dma.o)
                0x0000000000009b64                CC_PalDmaTerminate
 .text.CC_PalWaitInterrupt
                0x0000000000009b68       0x38 platform/ext/accelerator/cc312/bl2_cc312/libbl2_cc312_pal.a(cc_pal_interrupt_ctrl.o)
                0x0000000000009b68                CC_PalWaitInterrupt
 .text.CC_PalMemCmpPlat
                0x0000000000009ba0        0x8 platform/ext/accelerator/cc312/bl2_cc312/libbl2_cc312_pal.a(cc_pal_mem.o)
                0x0000000000009ba0                CC_PalMemCmpPlat
 .text.CC_PalMemCopyPlat
                0x0000000000009ba8        0x8 platform/ext/accelerator/cc312/bl2_cc312/libbl2_cc312_pal.a(cc_pal_mem.o)
                0x0000000000009ba8                CC_PalMemCopyPlat
 .text.CC_PalMemMovePlat
                0x0000000000009bb0        0x8 platform/ext/accelerator/cc312/bl2_cc312/libbl2_cc312_pal.a(cc_pal_mem.o)
                0x0000000000009bb0                CC_PalMemMovePlat
 .text.CC_PalMemSetPlat
                0x0000000000009bb8        0x8 platform/ext/accelerator/cc312/bl2_cc312/libbl2_cc312_pal.a(cc_pal_mem.o)
                0x0000000000009bb8                CC_PalMemSetPlat
 .text.CC_PalMemSetZeroPlat
                0x0000000000009bc0        0xc platform/ext/accelerator/cc312/bl2_cc312/libbl2_cc312_pal.a(cc_pal_mem.o)
                0x0000000000009bc0                CC_PalMemSetZeroPlat
 .text.CC_PalMemMap
                0x0000000000009bcc        0x8 platform/ext/accelerator/cc312/bl2_cc312/libbl2_cc312_pal.a(cc_pal_memmap.o)
                0x0000000000009bcc                CC_PalMemMap
 .text.CC_PalMemUnMap
                0x0000000000009bd4        0x4 platform/ext/accelerator/cc312/bl2_cc312/libbl2_cc312_pal.a(cc_pal_memmap.o)
                0x0000000000009bd4                CC_PalMemUnMap
 .text.CC_PalMutexLock
                0x0000000000009bd8        0x4 platform/ext/accelerator/cc312/bl2_cc312/libbl2_cc312_pal.a(cc_pal_mutex.o)
                0x0000000000009bd8                CC_PalMutexLock
 .text.CC_PalMutexUnlock
                0x0000000000009bdc        0x4 platform/ext/accelerator/cc312/bl2_cc312/libbl2_cc312_pal.a(cc_pal_mutex.o)
                0x0000000000009bdc                CC_PalMutexUnlock
 .text.CC_PalPowerSaveModeInit
                0x0000000000009be0        0x4 platform/ext/accelerator/cc312/bl2_cc312/libbl2_cc312_pal.a(cc_pal_pm.o)
                0x0000000000009be0                CC_PalPowerSaveModeInit
 .text.CC_PalPowerSaveModeSelect
                0x0000000000009be4        0x4 platform/ext/accelerator/cc312/bl2_cc312/libbl2_cc312_pal.a(cc_pal_pm.o)
                0x0000000000009be4                CC_PalPowerSaveModeSelect
 .text.block_cipher_df
                0x0000000000009be8      0x1c4 bl2/mbedcrypto/library/libmbedcrypto.a(ctr_drbg.o)
 .text.ctr_drbg_update_internal
                0x0000000000009dac       0x9c bl2/mbedcrypto/library/libmbedcrypto.a(ctr_drbg.o)
 .text.mbedtls_ctr_drbg_reseed_internal
                0x0000000000009e48       0xd4 bl2/mbedcrypto/library/libmbedcrypto.a(ctr_drbg.o)
 .text.mbedtls_ctr_drbg_init
                0x0000000000009f1c       0x1c bl2/mbedcrypto/library/libmbedcrypto.a(ctr_drbg.o)
                0x0000000000009f1c                mbedtls_ctr_drbg_init
 .text.mbedtls_ctr_drbg_free
                0x0000000000009f38       0x24 bl2/mbedcrypto/library/libmbedcrypto.a(ctr_drbg.o)
                0x0000000000009f38                mbedtls_ctr_drbg_free
 .text.mbedtls_ctr_drbg_seed
                0x0000000000009f5c       0x78 bl2/mbedcrypto/library/libmbedcrypto.a(ctr_drbg.o)
                0x0000000000009f5c                mbedtls_ctr_drbg_seed
 .text.mbedtls_ctr_drbg_random_with_add
                0x0000000000009fd4      0x118 bl2/mbedcrypto/library/libmbedcrypto.a(ctr_drbg.o)
                0x0000000000009fd4                mbedtls_ctr_drbg_random_with_add
 .text.mbedtls_ctr_drbg_random
                0x000000000000a0ec       0x10 bl2/mbedcrypto/library/libmbedcrypto.a(ctr_drbg.o)
                0x000000000000a0ec                mbedtls_ctr_drbg_random
 .text.entropy_update
                0x000000000000a0fc       0x8c bl2/mbedcrypto/library/libmbedcrypto.a(entropy.o)
 .text.entropy_gather_internal.part.0
                0x000000000000a188       0xac bl2/mbedcrypto/library/libmbedcrypto.a(entropy.o)
 .text.mbedtls_entropy_init
                0x000000000000a234       0x50 bl2/mbedcrypto/library/libmbedcrypto.a(entropy.o)
                0x000000000000a234                mbedtls_entropy_init
 .text.mbedtls_entropy_free
                0x000000000000a284       0x2c bl2/mbedcrypto/library/libmbedcrypto.a(entropy.o)
                0x000000000000a284                mbedtls_entropy_free
 .text.mbedtls_entropy_func
                0x000000000000a2b0      0x14c bl2/mbedcrypto/library/libmbedcrypto.a(entropy.o)
                0x000000000000a2b0                mbedtls_entropy_func
 .text.mbedtls_sha256
                0x000000000000a3fc       0x44 bl2/mbedcrypto/library/libmbedcrypto.a(sha256.o)
                0x000000000000a3fc                mbedtls_sha256
 .text.aes_setkey
                0x000000000000a440       0xac platform/ext/accelerator/cc312/bl2_cc312/libbl2_cc312_mbedtls_api.a(aes_alt.o)
 .text.mbedtls_aes_init
                0x000000000000a4ec       0x20 platform/ext/accelerator/cc312/bl2_cc312/libbl2_cc312_mbedtls_api.a(aes_alt.o)
                0x000000000000a4ec                mbedtls_aes_init
 .text.mbedtls_aes_free
                0x000000000000a50c       0x34 platform/ext/accelerator/cc312/bl2_cc312/libbl2_cc312_mbedtls_api.a(aes_alt.o)
                0x000000000000a50c                mbedtls_aes_free
 .text.mbedtls_aes_setkey_enc
                0x000000000000a540        0xc platform/ext/accelerator/cc312/bl2_cc312/libbl2_cc312_mbedtls_api.a(aes_alt.o)
                0x000000000000a540                mbedtls_aes_setkey_enc
 .text.mbedtls_aes_crypt_ecb
                0x000000000000a54c      0x104 platform/ext/accelerator/cc312/bl2_cc312/libbl2_cc312_mbedtls_api.a(aes_alt.o)
                0x000000000000a54c                mbedtls_aes_crypt_ecb
 .text.mbedtls_hardware_poll
                0x000000000000a650      0x170 platform/ext/accelerator/cc312/bl2_cc312/libbl2_cc312_mbedtls_api.a(trng_api.o)
                0x000000000000a650                mbedtls_hardware_poll
 .text          0x000000000000a7c0      0x114 /work/tmp/work/corstone1000_fvp-poky-linux-musl/trusted-firmware-m/1.6.0-r0/recipe-sysroot-native/usr/libexec/gcc-arm-none-eabi/bin/../lib/gcc/arm-none-eabi/11.2.1/thumb/v6-m/nofp/libgcc.a(_udivsi3.o)
                0x000000000000a7c0                __udivsi3
                0x000000000000a7c0                __aeabi_uidiv
                0x000000000000a8cc                __aeabi_uidivmod
 .text          0x000000000000a8d4      0x1d4 /work/tmp/work/corstone1000_fvp-poky-linux-musl/trusted-firmware-m/1.6.0-r0/recipe-sysroot-native/usr/libexec/gcc-arm-none-eabi/bin/../lib/gcc/arm-none-eabi/11.2.1/thumb/v6-m/nofp/libgcc.a(_divsi3.o)
                0x000000000000a8d4                __aeabi_idiv
                0x000000000000a8d4                __divsi3
                0x000000000000aaa0                __aeabi_idivmod
 .text          0x000000000000aaa8        0x4 /work/tmp/work/corstone1000_fvp-poky-linux-musl/trusted-firmware-m/1.6.0-r0/recipe-sysroot-native/usr/libexec/gcc-arm-none-eabi/bin/../lib/gcc/arm-none-eabi/11.2.1/thumb/v6-m/nofp/libgcc.a(_dvmd_tls.o)
                0x000000000000aaa8                __aeabi_ldiv0
                0x000000000000aaa8                __aeabi_idiv0
 .text          0x000000000000aaac       0x40 /work/tmp/work/corstone1000_fvp-poky-linux-musl/trusted-firmware-m/1.6.0-r0/recipe-sysroot-native/usr/libexec/gcc-arm-none-eabi/bin/../lib/gcc/arm-none-eabi/11.2.1/thumb/v6-m/nofp/libgcc.a(_aeabi_uldivmod.o)
                0x000000000000aaac                __aeabi_uldivmod
 .text.__udivmoddi4
                0x000000000000aaec      0x198 /work/tmp/work/corstone1000_fvp-poky-linux-musl/trusted-firmware-m/1.6.0-r0/recipe-sysroot-native/usr/libexec/gcc-arm-none-eabi/bin/../lib/gcc/arm-none-eabi/11.2.1/thumb/v6-m/nofp/libgcc.a(_udivmoddi4.o)
                0x000000000000aaec                __udivmoddi4
 .text          0x000000000000ac84       0x18 /work/tmp/work/corstone1000_fvp-poky-linux-musl/trusted-firmware-m/1.6.0-r0/recipe-sysroot-native/usr/libexec/gcc-arm-none-eabi/bin/../lib/gcc/arm-none-eabi/11.2.1/thumb/v6-m/nofp/libgcc.a(_clzdi2.o)
                0x000000000000ac84                __clzdi2
 .text          0x000000000000ac9c       0x3c /work/tmp/work/corstone1000_fvp-poky-linux-musl/trusted-firmware-m/1.6.0-r0/recipe-sysroot-native/usr/libexec/gcc-arm-none-eabi/bin/../lib/gcc/arm-none-eabi/11.2.1/thumb/v6-m/nofp/libgcc.a(_clzsi2.o)
                0x000000000000ac9c                __clzsi2
 .text.abort    0x000000000000acd8        0xe /work/tmp/work/corstone1000_fvp-poky-linux-musl/trusted-firmware-m/1.6.0-r0/recipe-sysroot-native/usr/libexec/gcc-arm-none-eabi/bin/../lib/gcc/arm-none-eabi/11.2.1/../../../../arm-none-eabi/lib/thumb/v6-m/nofp/libg_nano.a(lib_a-abort.o)
                0x000000000000acd8                abort
 *fill*         0x000000000000ace6        0x2 
 .text.__assert_func
                0x000000000000ace8       0x3c /work/tmp/work/corstone1000_fvp-poky-linux-musl/trusted-firmware-m/1.6.0-r0/recipe-sysroot-native/usr/libexec/gcc-arm-none-eabi/bin/../lib/gcc/arm-none-eabi/11.2.1/../../../../arm-none-eabi/lib/thumb/v6-m/nofp/libg_nano.a(lib_a-assert.o)
                0x000000000000ace8                __assert_func
 .text.calloc   0x000000000000ad24       0x14 /work/tmp/work/corstone1000_fvp-poky-linux-musl/trusted-firmware-m/1.6.0-r0/recipe-sysroot-native/usr/libexec/gcc-arm-none-eabi/bin/../lib/gcc/arm-none-eabi/11.2.1/../../../../arm-none-eabi/lib/thumb/v6-m/nofp/libg_nano.a(lib_a-calloc.o)
                0x000000000000ad24                calloc
 .text.exit     0x000000000000ad38       0x2c /work/tmp/work/corstone1000_fvp-poky-linux-musl/trusted-firmware-m/1.6.0-r0/recipe-sysroot-native/usr/libexec/gcc-arm-none-eabi/bin/../lib/gcc/arm-none-eabi/11.2.1/../../../../arm-none-eabi/lib/thumb/v6-m/nofp/libg_nano.a(lib_a-exit.o)
                0x000000000000ad38                exit
 .text.fprintf  0x000000000000ad64       0x20 /work/tmp/work/corstone1000_fvp-poky-linux-musl/trusted-firmware-m/1.6.0-r0/recipe-sysroot-native/usr/libexec/gcc-arm-none-eabi/bin/../lib/gcc/arm-none-eabi/11.2.1/../../../../arm-none-eabi/lib/thumb/v6-m/nofp/libg_nano.a(lib_a-fprintf.o)
                0x000000000000ad64                fprintf
                0x000000000000ad64                fiprintf
 .text.__libc_init_array
                0x000000000000ad84       0x48 /work/tmp/work/corstone1000_fvp-poky-linux-musl/trusted-firmware-m/1.6.0-r0/recipe-sysroot-native/usr/libexec/gcc-arm-none-eabi/bin/../lib/gcc/arm-none-eabi/11.2.1/../../../../arm-none-eabi/lib/thumb/v6-m/nofp/libg_nano.a(lib_a-init.o)
                0x000000000000ad84                __libc_init_array
 .text.free     0x000000000000adcc       0x14 /work/tmp/work/corstone1000_fvp-poky-linux-musl/trusted-firmware-m/1.6.0-r0/recipe-sysroot-native/usr/libexec/gcc-arm-none-eabi/bin/../lib/gcc/arm-none-eabi/11.2.1/../../../../arm-none-eabi/lib/thumb/v6-m/nofp/libg_nano.a(lib_a-malloc.o)
                0x000000000000adcc                free
 .text.memcmp   0x000000000000ade0       0x1c /work/tmp/work/corstone1000_fvp-poky-linux-musl/trusted-firmware-m/1.6.0-r0/recipe-sysroot-native/usr/libexec/gcc-arm-none-eabi/bin/../lib/gcc/arm-none-eabi/11.2.1/../../../../arm-none-eabi/lib/thumb/v6-m/nofp/libg_nano.a(lib_a-memcmp.o)
                0x000000000000ade0                memcmp
 .text.memcpy   0x000000000000adfc       0x12 /work/tmp/work/corstone1000_fvp-poky-linux-musl/trusted-firmware-m/1.6.0-r0/recipe-sysroot-native/usr/libexec/gcc-arm-none-eabi/bin/../lib/gcc/arm-none-eabi/11.2.1/../../../../arm-none-eabi/lib/thumb/v6-m/nofp/libg_nano.a(lib_a-memcpy-stub.o)
                0x000000000000adfc                memcpy
 .text.memmove  0x000000000000ae0e       0x26 /work/tmp/work/corstone1000_fvp-poky-linux-musl/trusted-firmware-m/1.6.0-r0/recipe-sysroot-native/usr/libexec/gcc-arm-none-eabi/bin/../lib/gcc/arm-none-eabi/11.2.1/../../../../arm-none-eabi/lib/thumb/v6-m/nofp/libg_nano.a(lib_a-memmove.o)
                0x000000000000ae0e                memmove
 .text.memset   0x000000000000ae34       0x10 /work/tmp/work/corstone1000_fvp-poky-linux-musl/trusted-firmware-m/1.6.0-r0/recipe-sysroot-native/usr/libexec/gcc-arm-none-eabi/bin/../lib/gcc/arm-none-eabi/11.2.1/../../../../arm-none-eabi/lib/thumb/v6-m/nofp/libg_nano.a(lib_a-memset.o)
                0x000000000000ae34                memset
 .text._calloc_r
                0x000000000000ae44       0x5a /work/tmp/work/corstone1000_fvp-poky-linux-musl/trusted-firmware-m/1.6.0-r0/recipe-sysroot-native/usr/libexec/gcc-arm-none-eabi/bin/../lib/gcc/arm-none-eabi/11.2.1/../../../../arm-none-eabi/lib/thumb/v6-m/nofp/libg_nano.a(lib_a-nano-callocr.o)
                0x000000000000ae44                _calloc_r
 *fill*         0x000000000000ae9e        0x2 
 .text._free_r  0x000000000000aea0       0x94 /work/tmp/work/corstone1000_fvp-poky-linux-musl/trusted-firmware-m/1.6.0-r0/recipe-sysroot-native/usr/libexec/gcc-arm-none-eabi/bin/../lib/gcc/arm-none-eabi/11.2.1/../../../../arm-none-eabi/lib/thumb/v6-m/nofp/libg_nano.a(lib_a-nano-freer.o)
                0x000000000000aea0                _free_r
 .text.sbrk_aligned
                0x000000000000af34       0x44 /work/tmp/work/corstone1000_fvp-poky-linux-musl/trusted-firmware-m/1.6.0-r0/recipe-sysroot-native/usr/libexec/gcc-arm-none-eabi/bin/../lib/gcc/arm-none-eabi/11.2.1/../../../../arm-none-eabi/lib/thumb/v6-m/nofp/libg_nano.a(lib_a-nano-mallocr.o)
 .text._malloc_r
                0x000000000000af78       0xf0 /work/tmp/work/corstone1000_fvp-poky-linux-musl/trusted-firmware-m/1.6.0-r0/recipe-sysroot-native/usr/libexec/gcc-arm-none-eabi/bin/../lib/gcc/arm-none-eabi/11.2.1/../../../../arm-none-eabi/lib/thumb/v6-m/nofp/libg_nano.a(lib_a-nano-mallocr.o)
                0x000000000000af78                _malloc_r
 .text.__sfputc_r
                0x000000000000b068       0x2a /work/tmp/work/corstone1000_fvp-poky-linux-musl/trusted-firmware-m/1.6.0-r0/recipe-sysroot-native/usr/libexec/gcc-arm-none-eabi/bin/../lib/gcc/arm-none-eabi/11.2.1/../../../../arm-none-eabi/lib/thumb/v6-m/nofp/libg_nano.a(lib_a-nano-vfprintf.o)
 .text.__sfputs_r
                0x000000000000b092       0x24 /work/tmp/work/corstone1000_fvp-poky-linux-musl/trusted-firmware-m/1.6.0-r0/recipe-sysroot-native/usr/libexec/gcc-arm-none-eabi/bin/../lib/gcc/arm-none-eabi/11.2.1/../../../../arm-none-eabi/lib/thumb/v6-m/nofp/libg_nano.a(lib_a-nano-vfprintf.o)
                0x000000000000b092                __sfputs_r
 *fill*         0x000000000000b0b6        0x2 
 .text._vfprintf_r
                0x000000000000b0b8      0x238 /work/tmp/work/corstone1000_fvp-poky-linux-musl/trusted-firmware-m/1.6.0-r0/recipe-sysroot-native/usr/libexec/gcc-arm-none-eabi/bin/../lib/gcc/arm-none-eabi/11.2.1/../../../../arm-none-eabi/lib/thumb/v6-m/nofp/libg_nano.a(lib_a-nano-vfprintf.o)
                0x000000000000b0b8                _vfiprintf_r
                0x000000000000b0b8                _vfprintf_r
 .text.printf   0x000000000000b2f0       0x34 /work/tmp/work/corstone1000_fvp-poky-linux-musl/trusted-firmware-m/1.6.0-r0/recipe-sysroot-native/usr/libexec/gcc-arm-none-eabi/bin/../lib/gcc/arm-none-eabi/11.2.1/../../../../arm-none-eabi/lib/thumb/v6-m/nofp/libg_nano.a(lib_a-printf.o)
                0x000000000000b2f0                printf
                0x000000000000b2f0                iprintf
 .text._sbrk_r  0x000000000000b324       0x24 /work/tmp/work/corstone1000_fvp-poky-linux-musl/trusted-firmware-m/1.6.0-r0/recipe-sysroot-native/usr/libexec/gcc-arm-none-eabi/bin/../lib/gcc/arm-none-eabi/11.2.1/../../../../arm-none-eabi/lib/thumb/v6-m/nofp/libg_nano.a(lib_a-sbrkr.o)
                0x000000000000b324                _sbrk_r
 .text._raise_r
                0x000000000000b348       0x54 /work/tmp/work/corstone1000_fvp-poky-linux-musl/trusted-firmware-m/1.6.0-r0/recipe-sysroot-native/usr/libexec/gcc-arm-none-eabi/bin/../lib/gcc/arm-none-eabi/11.2.1/../../../../arm-none-eabi/lib/thumb/v6-m/nofp/libg_nano.a(lib_a-signal.o)
                0x000000000000b348                _raise_r
 .text.raise    0x000000000000b39c       0x14 /work/tmp/work/corstone1000_fvp-poky-linux-musl/trusted-firmware-m/1.6.0-r0/recipe-sysroot-native/usr/libexec/gcc-arm-none-eabi/bin/../lib/gcc/arm-none-eabi/11.2.1/../../../../arm-none-eabi/lib/thumb/v6-m/nofp/libg_nano.a(lib_a-signal.o)
                0x000000000000b39c                raise
 .text._kill_r  0x000000000000b3b0       0x24 /work/tmp/work/corstone1000_fvp-poky-linux-musl/trusted-firmware-m/1.6.0-r0/recipe-sysroot-native/usr/libexec/gcc-arm-none-eabi/bin/../lib/gcc/arm-none-eabi/11.2.1/../../../../arm-none-eabi/lib/thumb/v6-m/nofp/libg_nano.a(lib_a-signalr.o)
                0x000000000000b3b0                _kill_r
 .text._getpid_r
                0x000000000000b3d4        0x8 /work/tmp/work/corstone1000_fvp-poky-linux-musl/trusted-firmware-m/1.6.0-r0/recipe-sysroot-native/usr/libexec/gcc-arm-none-eabi/bin/../lib/gcc/arm-none-eabi/11.2.1/../../../../arm-none-eabi/lib/thumb/v6-m/nofp/libg_nano.a(lib_a-signalr.o)
                0x000000000000b3d4                _getpid_r
 .text.strcpy   0x000000000000b3dc       0x10 /work/tmp/work/corstone1000_fvp-poky-linux-musl/trusted-firmware-m/1.6.0-r0/recipe-sysroot-native/usr/libexec/gcc-arm-none-eabi/bin/../lib/gcc/arm-none-eabi/11.2.1/../../../../arm-none-eabi/lib/thumb/v6-m/nofp/libg_nano.a(lib_a-strcpy.o)
                0x000000000000b3dc                strcpy
 .text          0x000000000000b3ec        0xe /work/tmp/work/corstone1000_fvp-poky-linux-musl/trusted-firmware-m/1.6.0-r0/recipe-sysroot-native/usr/libexec/gcc-arm-none-eabi/bin/../lib/gcc/arm-none-eabi/11.2.1/../../../../arm-none-eabi/lib/thumb/v6-m/nofp/libg_nano.a(lib_a-strlen.o)
                0x000000000000b3ec                strlen
 *fill*         0x000000000000b3fa        0x2 
 .text.vprintf  0x000000000000b3fc       0x2c /work/tmp/work/corstone1000_fvp-poky-linux-musl/trusted-firmware-m/1.6.0-r0/recipe-sysroot-native/usr/libexec/gcc-arm-none-eabi/bin/../lib/gcc/arm-none-eabi/11.2.1/../../../../arm-none-eabi/lib/thumb/v6-m/nofp/libg_nano.a(lib_a-vprintf.o)
                0x000000000000b3fc                vprintf
                0x000000000000b3fc                viprintf
 .text.__swbuf_r
                0x000000000000b428       0xac /work/tmp/work/corstone1000_fvp-poky-linux-musl/trusted-firmware-m/1.6.0-r0/recipe-sysroot-native/usr/libexec/gcc-arm-none-eabi/bin/../lib/gcc/arm-none-eabi/11.2.1/../../../../arm-none-eabi/lib/thumb/v6-m/nofp/libg_nano.a(lib_a-wbuf.o)
                0x000000000000b428                __swbuf_r
 .text.__swsetup_r
                0x000000000000b4d4       0xf0 /work/tmp/work/corstone1000_fvp-poky-linux-musl/trusted-firmware-m/1.6.0-r0/recipe-sysroot-native/usr/libexec/gcc-arm-none-eabi/bin/../lib/gcc/arm-none-eabi/11.2.1/../../../../arm-none-eabi/lib/thumb/v6-m/nofp/libg_nano.a(lib_a-wsetup.o)
                0x000000000000b4d4                __swsetup_r
 .text.__sflush_r
                0x000000000000b5c4      0x114 /work/tmp/work/corstone1000_fvp-poky-linux-musl/trusted-firmware-m/1.6.0-r0/recipe-sysroot-native/usr/libexec/gcc-arm-none-eabi/bin/../lib/gcc/arm-none-eabi/11.2.1/../../../../arm-none-eabi/lib/thumb/v6-m/nofp/libg_nano.a(lib_a-fflush.o)
                0x000000000000b5c4                __sflush_r
 .text._fflush_r
                0x000000000000b6d8       0x58 /work/tmp/work/corstone1000_fvp-poky-linux-musl/trusted-firmware-m/1.6.0-r0/recipe-sysroot-native/usr/libexec/gcc-arm-none-eabi/bin/../lib/gcc/arm-none-eabi/11.2.1/../../../../arm-none-eabi/lib/thumb/v6-m/nofp/libg_nano.a(lib_a-fflush.o)
                0x000000000000b6d8                _fflush_r
 .text.std      0x000000000000b730       0x48 /work/tmp/work/corstone1000_fvp-poky-linux-musl/trusted-firmware-m/1.6.0-r0/recipe-sysroot-native/usr/libexec/gcc-arm-none-eabi/bin/../lib/gcc/arm-none-eabi/11.2.1/../../../../arm-none-eabi/lib/thumb/v6-m/nofp/libg_nano.a(lib_a-findfp.o)
 .text._cleanup_r
                0x000000000000b778       0x10 /work/tmp/work/corstone1000_fvp-poky-linux-musl/trusted-firmware-m/1.6.0-r0/recipe-sysroot-native/usr/libexec/gcc-arm-none-eabi/bin/../lib/gcc/arm-none-eabi/11.2.1/../../../../arm-none-eabi/lib/thumb/v6-m/nofp/libg_nano.a(lib_a-findfp.o)
                0x000000000000b778                _cleanup_r
 .text.__sfmoreglue
                0x000000000000b788       0x2c /work/tmp/work/corstone1000_fvp-poky-linux-musl/trusted-firmware-m/1.6.0-r0/recipe-sysroot-native/usr/libexec/gcc-arm-none-eabi/bin/../lib/gcc/arm-none-eabi/11.2.1/../../../../arm-none-eabi/lib/thumb/v6-m/nofp/libg_nano.a(lib_a-findfp.o)
                0x000000000000b788                __sfmoreglue
 .text.__sinit  0x000000000000b7b4       0x64 /work/tmp/work/corstone1000_fvp-poky-linux-musl/trusted-firmware-m/1.6.0-r0/recipe-sysroot-native/usr/libexec/gcc-arm-none-eabi/bin/../lib/gcc/arm-none-eabi/11.2.1/../../../../arm-none-eabi/lib/thumb/v6-m/nofp/libg_nano.a(lib_a-findfp.o)
                0x000000000000b7b4                __sinit
 .text.__sfp    0x000000000000b818       0x7c /work/tmp/work/corstone1000_fvp-poky-linux-musl/trusted-firmware-m/1.6.0-r0/recipe-sysroot-native/usr/libexec/gcc-arm-none-eabi/bin/../lib/gcc/arm-none-eabi/11.2.1/../../../../arm-none-eabi/lib/thumb/v6-m/nofp/libg_nano.a(lib_a-findfp.o)
                0x000000000000b818                __sfp
 .text._fwalk_reent
                0x000000000000b894       0x40 /work/tmp/work/corstone1000_fvp-poky-linux-musl/trusted-firmware-m/1.6.0-r0/recipe-sysroot-native/usr/libexec/gcc-arm-none-eabi/bin/../lib/gcc/arm-none-eabi/11.2.1/../../../../arm-none-eabi/lib/thumb/v6-m/nofp/libg_nano.a(lib_a-fwalk.o)
                0x000000000000b894                _fwalk_reent
 .text.__swhatbuf_r
                0x000000000000b8d4       0x50 /work/tmp/work/corstone1000_fvp-poky-linux-musl/trusted-firmware-m/1.6.0-r0/recipe-sysroot-native/usr/libexec/gcc-arm-none-eabi/bin/../lib/gcc/arm-none-eabi/11.2.1/../../../../arm-none-eabi/lib/thumb/v6-m/nofp/libg_nano.a(lib_a-makebuf.o)
                0x000000000000b8d4                __swhatbuf_r
 .text.__smakebuf_r
                0x000000000000b924       0x84 /work/tmp/work/corstone1000_fvp-poky-linux-musl/trusted-firmware-m/1.6.0-r0/recipe-sysroot-native/usr/libexec/gcc-arm-none-eabi/bin/../lib/gcc/arm-none-eabi/11.2.1/../../../../arm-none-eabi/lib/thumb/v6-m/nofp/libg_nano.a(lib_a-makebuf.o)
                0x000000000000b924                __smakebuf_r
 .text.memchr   0x000000000000b9a8       0x16 /work/tmp/work/corstone1000_fvp-poky-linux-musl/trusted-firmware-m/1.6.0-r0/recipe-sysroot-native/usr/libexec/gcc-arm-none-eabi/bin/../lib/gcc/arm-none-eabi/11.2.1/../../../../arm-none-eabi/lib/thumb/v6-m/nofp/libg_nano.a(lib_a-memchr-stub.o)
                0x000000000000b9a8                memchr
 .text.__malloc_lock
                0x000000000000b9be        0x2 /work/tmp/work/corstone1000_fvp-poky-linux-musl/trusted-firmware-m/1.6.0-r0/recipe-sysroot-native/usr/libexec/gcc-arm-none-eabi/bin/../lib/gcc/arm-none-eabi/11.2.1/../../../../arm-none-eabi/lib/thumb/v6-m/nofp/libg_nano.a(lib_a-mlock.o)
                0x000000000000b9be                __malloc_lock
 .text.__malloc_unlock
                0x000000000000b9c0        0x2 /work/tmp/work/corstone1000_fvp-poky-linux-musl/trusted-firmware-m/1.6.0-r0/recipe-sysroot-native/usr/libexec/gcc-arm-none-eabi/bin/../lib/gcc/arm-none-eabi/11.2.1/../../../../arm-none-eabi/lib/thumb/v6-m/nofp/libg_nano.a(lib_a-mlock.o)
                0x000000000000b9c0                __malloc_unlock
 .text._printf_common
                0x000000000000b9c2       0xde /work/tmp/work/corstone1000_fvp-poky-linux-musl/trusted-firmware-m/1.6.0-r0/recipe-sysroot-native/usr/libexec/gcc-arm-none-eabi/bin/../lib/gcc/arm-none-eabi/11.2.1/../../../../arm-none-eabi/lib/thumb/v6-m/nofp/libg_nano.a(lib_a-nano-vfprintf_i.o)
                0x000000000000b9c2                _printf_common
 .text._printf_i
                0x000000000000baa0      0x220 /work/tmp/work/corstone1000_fvp-poky-linux-musl/trusted-firmware-m/1.6.0-r0/recipe-sysroot-native/usr/libexec/gcc-arm-none-eabi/bin/../lib/gcc/arm-none-eabi/11.2.1/../../../../arm-none-eabi/lib/thumb/v6-m/nofp/libg_nano.a(lib_a-nano-vfprintf_i.o)
                0x000000000000baa0                _printf_i
 .text.__sread  0x000000000000bcc0       0x28 /work/tmp/work/corstone1000_fvp-poky-linux-musl/trusted-firmware-m/1.6.0-r0/recipe-sysroot-native/usr/libexec/gcc-arm-none-eabi/bin/../lib/gcc/arm-none-eabi/11.2.1/../../../../arm-none-eabi/lib/thumb/v6-m/nofp/libg_nano.a(lib_a-stdio.o)
                0x000000000000bcc0                __sread
 .text.__swrite
                0x000000000000bce8       0x38 /work/tmp/work/corstone1000_fvp-poky-linux-musl/trusted-firmware-m/1.6.0-r0/recipe-sysroot-native/usr/libexec/gcc-arm-none-eabi/bin/../lib/gcc/arm-none-eabi/11.2.1/../../../../arm-none-eabi/lib/thumb/v6-m/nofp/libg_nano.a(lib_a-stdio.o)
                0x000000000000bce8                __swrite
 .text.__sseek  0x000000000000bd20       0x2c /work/tmp/work/corstone1000_fvp-poky-linux-musl/trusted-firmware-m/1.6.0-r0/recipe-sysroot-native/usr/libexec/gcc-arm-none-eabi/bin/../lib/gcc/arm-none-eabi/11.2.1/../../../../arm-none-eabi/lib/thumb/v6-m/nofp/libg_nano.a(lib_a-stdio.o)
                0x000000000000bd20                __sseek
 .text.__sclose
                0x000000000000bd4c        0xc /work/tmp/work/corstone1000_fvp-poky-linux-musl/trusted-firmware-m/1.6.0-r0/recipe-sysroot-native/usr/libexec/gcc-arm-none-eabi/bin/../lib/gcc/arm-none-eabi/11.2.1/../../../../arm-none-eabi/lib/thumb/v6-m/nofp/libg_nano.a(lib_a-stdio.o)
                0x000000000000bd4c                __sclose
 .text._write_r
                0x000000000000bd58       0x28 /work/tmp/work/corstone1000_fvp-poky-linux-musl/trusted-firmware-m/1.6.0-r0/recipe-sysroot-native/usr/libexec/gcc-arm-none-eabi/bin/../lib/gcc/arm-none-eabi/11.2.1/../../../../arm-none-eabi/lib/thumb/v6-m/nofp/libg_nano.a(lib_a-writer.o)
                0x000000000000bd58                _write_r
 .text._close_r
                0x000000000000bd80       0x24 /work/tmp/work/corstone1000_fvp-poky-linux-musl/trusted-firmware-m/1.6.0-r0/recipe-sysroot-native/usr/libexec/gcc-arm-none-eabi/bin/../lib/gcc/arm-none-eabi/11.2.1/../../../../arm-none-eabi/lib/thumb/v6-m/nofp/libg_nano.a(lib_a-closer.o)
                0x000000000000bd80                _close_r
 .text._fstat_r
                0x000000000000bda4       0x24 /work/tmp/work/corstone1000_fvp-poky-linux-musl/trusted-firmware-m/1.6.0-r0/recipe-sysroot-native/usr/libexec/gcc-arm-none-eabi/bin/../lib/gcc/arm-none-eabi/11.2.1/../../../../arm-none-eabi/lib/thumb/v6-m/nofp/libg_nano.a(lib_a-fstatr.o)
                0x000000000000bda4                _fstat_r
 .text._isatty_r
                0x000000000000bdc8       0x24 /work/tmp/work/corstone1000_fvp-poky-linux-musl/trusted-firmware-m/1.6.0-r0/recipe-sysroot-native/usr/libexec/gcc-arm-none-eabi/bin/../lib/gcc/arm-none-eabi/11.2.1/../../../../arm-none-eabi/lib/thumb/v6-m/nofp/libg_nano.a(lib_a-isattyr.o)
                0x000000000000bdc8                _isatty_r
 .text._lseek_r
                0x000000000000bdec       0x28 /work/tmp/work/corstone1000_fvp-poky-linux-musl/trusted-firmware-m/1.6.0-r0/recipe-sysroot-native/usr/libexec/gcc-arm-none-eabi/bin/../lib/gcc/arm-none-eabi/11.2.1/../../../../arm-none-eabi/lib/thumb/v6-m/nofp/libg_nano.a(lib_a-lseekr.o)
                0x000000000000bdec                _lseek_r
 .text._read_r  0x000000000000be14       0x28 /work/tmp/work/corstone1000_fvp-poky-linux-musl/trusted-firmware-m/1.6.0-r0/recipe-sysroot-native/usr/libexec/gcc-arm-none-eabi/bin/../lib/gcc/arm-none-eabi/11.2.1/../../../../arm-none-eabi/lib/thumb/v6-m/nofp/libg_nano.a(lib_a-readr.o)
                0x000000000000be14                _read_r
 .text          0x000000000000be3c       0x14 /work/tmp/work/corstone1000_fvp-poky-linux-musl/trusted-firmware-m/1.6.0-r0/recipe-sysroot-native/usr/libexec/gcc-arm-none-eabi/bin/../lib/gcc/arm-none-eabi/11.2.1/thumb/v6-m/nofp/libgcc.a(_thumb1_case_shi.o)
                0x000000000000be3c                __gnu_thumb1_case_shi
 .text._close   0x000000000000be50       0x10 /work/tmp/work/corstone1000_fvp-poky-linux-musl/trusted-firmware-m/1.6.0-r0/recipe-sysroot-native/usr/libexec/gcc-arm-none-eabi/bin/../lib/gcc/arm-none-eabi/11.2.1/../../../../arm-none-eabi/lib/thumb/v6-m/nofp/libnosys.a(close.o)
                0x000000000000be50                _close
 .text._fstat   0x000000000000be60       0x10 /work/tmp/work/corstone1000_fvp-poky-linux-musl/trusted-firmware-m/1.6.0-r0/recipe-sysroot-native/usr/libexec/gcc-arm-none-eabi/bin/../lib/gcc/arm-none-eabi/11.2.1/../../../../arm-none-eabi/lib/thumb/v6-m/nofp/libnosys.a(fstat.o)
                0x000000000000be60                _fstat
 .text._getpid  0x000000000000be70       0x10 /work/tmp/work/corstone1000_fvp-poky-linux-musl/trusted-firmware-m/1.6.0-r0/recipe-sysroot-native/usr/libexec/gcc-arm-none-eabi/bin/../lib/gcc/arm-none-eabi/11.2.1/../../../../arm-none-eabi/lib/thumb/v6-m/nofp/libnosys.a(getpid.o)
                0x000000000000be70                _getpid
 .text._isatty  0x000000000000be80       0x10 /work/tmp/work/corstone1000_fvp-poky-linux-musl/trusted-firmware-m/1.6.0-r0/recipe-sysroot-native/usr/libexec/gcc-arm-none-eabi/bin/../lib/gcc/arm-none-eabi/11.2.1/../../../../arm-none-eabi/lib/thumb/v6-m/nofp/libnosys.a(isatty.o)
                0x000000000000be80                _isatty
 .text._kill    0x000000000000be90       0x10 /work/tmp/work/corstone1000_fvp-poky-linux-musl/trusted-firmware-m/1.6.0-r0/recipe-sysroot-native/usr/libexec/gcc-arm-none-eabi/bin/../lib/gcc/arm-none-eabi/11.2.1/../../../../arm-none-eabi/lib/thumb/v6-m/nofp/libnosys.a(kill.o)
                0x000000000000be90                _kill
 .text._lseek   0x000000000000bea0       0x10 /work/tmp/work/corstone1000_fvp-poky-linux-musl/trusted-firmware-m/1.6.0-r0/recipe-sysroot-native/usr/libexec/gcc-arm-none-eabi/bin/../lib/gcc/arm-none-eabi/11.2.1/../../../../arm-none-eabi/lib/thumb/v6-m/nofp/libnosys.a(lseek.o)
                0x000000000000bea0                _lseek
 .text._read    0x000000000000beb0       0x10 /work/tmp/work/corstone1000_fvp-poky-linux-musl/trusted-firmware-m/1.6.0-r0/recipe-sysroot-native/usr/libexec/gcc-arm-none-eabi/bin/../lib/gcc/arm-none-eabi/11.2.1/../../../../arm-none-eabi/lib/thumb/v6-m/nofp/libnosys.a(read.o)
                0x000000000000beb0                _read
 .text._sbrk    0x000000000000bec0       0x1c /work/tmp/work/corstone1000_fvp-poky-linux-musl/trusted-firmware-m/1.6.0-r0/recipe-sysroot-native/usr/libexec/gcc-arm-none-eabi/bin/../lib/gcc/arm-none-eabi/11.2.1/../../../../arm-none-eabi/lib/thumb/v6-m/nofp/libnosys.a(sbrk.o)
                0x000000000000bec0                _sbrk
 .text._exit    0x000000000000bedc        0x4 /work/tmp/work/corstone1000_fvp-poky-linux-musl/trusted-firmware-m/1.6.0-r0/recipe-sysroot-native/usr/libexec/gcc-arm-none-eabi/bin/../lib/gcc/arm-none-eabi/11.2.1/../../../../arm-none-eabi/lib/thumb/v6-m/nofp/libnosys.a(_exit.o)
                0x000000000000bedc                _exit
 *(.init)
 .init          0x000000000000bee0        0x4 /work/tmp/work/corstone1000_fvp-poky-linux-musl/trusted-firmware-m/1.6.0-r0/recipe-sysroot-native/usr/libexec/gcc-arm-none-eabi/bin/../lib/gcc/arm-none-eabi/11.2.1/thumb/v6-m/nofp/crti.o