Archive member included to satisfy reference by file (symbol)

bl2/ext/mcuboot/bootutil/libbootutil.a(fault_injection_hardening.o)
                              bl2/CMakeFiles/bl2.dir/ext/mcuboot/bl2_main.o (FIH_SUCCESS)
bl2/ext/mcuboot/bootutil/libbootutil.a(loader.o)
                              bl2/CMakeFiles/bl2.dir/ext/mcuboot/bl2_main.o (boot_go)
bl2/ext/mcuboot/bootutil/libbootutil.a(swap_scratch.o)
                              bl2/ext/mcuboot/bootutil/libbootutil.a(loader.o) (boot_read_image_header)
bl2/ext/mcuboot/bootutil/libbootutil.a(tlv.o)
                              bl2/ext/mcuboot/bootutil/libbootutil.a(loader.o) (bootutil_tlv_iter_begin)
bl2/ext/mcuboot/bootutil/libbootutil.a(boot_record.o)
                              bl2/ext/mcuboot/bootutil/libbootutil.a(loader.o) (boot_save_boot_status)
bl2/ext/mcuboot/bootutil/libbootutil.a(image_validate.o)
                              bl2/ext/mcuboot/bootutil/libbootutil.a(loader.o) (bootutil_get_img_security_cnt)
bl2/ext/mcuboot/bootutil/libbootutil.a(bootutil_misc.o)
                              bl2/ext/mcuboot/bootutil/libbootutil.a(image_validate.o) (boot_fih_memequal)
bl2/ext/mcuboot/bootutil/libbootutil.a(bootutil_public.o)
                              bl2/ext/mcuboot/bootutil/libbootutil.a(bootutil_misc.o) (boot_img_magic)
bl2/ext/mcuboot/bootutil/libbootutil.a(image_rsa.o)
                              bl2/ext/mcuboot/bootutil/libbootutil.a(image_validate.o) (bootutil_verify_sig)
platform/libplatform_bl2.a(Driver_Flash.o)
                              bl2/CMakeFiles/bl2.dir/__/platform/ext/target/arm/corstone1000/bl2_flash_map.o (Driver_FLASH0)
platform/libplatform_bl2.a(device_definition.o)
                              platform/libplatform_bl2.a(Driver_Flash.o) (SPI_STRATAFLASHJ3_DEV)
platform/libplatform_bl2.a(system_core_init.o)
                              bl2/CMakeFiles/bl2.dir/__/platform/ext/target/arm/corstone1000/Device/Source/gcc/startup_corstone1000_bl.o (SystemInit)
platform/libplatform_bl2.a(watchdog.o)
                              bl2/CMakeFiles/bl2.dir/__/platform/ext/target/arm/corstone1000/boot_hal_bl2.o (corstone1000_watchdog_init)
platform/libplatform_bl2.a(arm_watchdog_drv.o)
                              platform/libplatform_bl2.a(watchdog.o) (arm_watchdog_init)
platform/libplatform_bl2.a(fip_parser.o)
                              bl2/CMakeFiles/bl2.dir/__/platform/ext/target/arm/corstone1000/boot_hal_bl2.o (parse_fip_and_extract_tfa_info)
platform/libplatform_bl2.a(fwu_agent.o)
                              bl2/CMakeFiles/bl2.dir/__/platform/ext/target/arm/corstone1000/boot_hal_bl2.o (bl2_get_boot_bank)
platform/libplatform_bl2.a(bl2_security_cnt.o)
                              bl2/CMakeFiles/bl2.dir/ext/mcuboot/bl2_main.o (boot_nv_security_counter_init)
platform/libplatform_bl2.a(spi_strataflashj3_flash_lib.o)
                              platform/libplatform_bl2.a(Driver_Flash.o) (cfi_strataflashj3_erase_chip)
platform/libplatform_bl2.a(cfi_drv.o)
                              platform/libplatform_bl2.a(spi_strataflashj3_flash_lib.o) (nor_cfi_reg_read)
platform/libplatform_bl2.a(boot_hal_bl2.o)
                              bl2/CMakeFiles/bl2.dir/__/platform/ext/target/arm/corstone1000/boot_hal_bl2.o (boot_jump_to_next_image)
platform/libplatform_bl2.a(uart_stdout.o)
                              bl2/CMakeFiles/bl2.dir/ext/mcuboot/bl2_main.o (stdio_init)
platform/libplatform_bl2.a(nv_counters.o)
                              platform/libplatform_bl2.a(bl2_security_cnt.o) (tfm_plat_init_nv_counter)
platform/libplatform_bl2.a(tfm_rotpk.o)
                              bl2/CMakeFiles/bl2.dir/ext/mcuboot/keys.o (tfm_plat_get_rotpk_hash)
platform/libplatform_bl2.a(flash_otp_nv_counters_backend.o)
                              platform/libplatform_bl2.a(nv_counters.o) (init_otp_nv_counters_flash)
platform/libplatform_bl2.a(otp_flash.o)
                              bl2/CMakeFiles/bl2.dir/ext/mcuboot/bl2_main.o (tfm_plat_otp_init)
platform/libplatform_bl2.a(Driver_USART.o)
                              platform/libplatform_bl2.a(uart_stdout.o) (Driver_USART0)
platform/libplatform_bl2.a(uart_pl011_drv.o)
                              platform/libplatform_bl2.a(Driver_USART.o) (uart_pl011_init)
bl2/mbedcrypto/library/libmbedcrypto.a(asn1parse.o)
                              bl2/ext/mcuboot/bootutil/libbootutil.a(image_rsa.o) (mbedtls_asn1_get_tag)
bl2/mbedcrypto/library/libmbedcrypto.a(bignum.o)
                              bl2/ext/mcuboot/bootutil/libbootutil.a(image_rsa.o) (mbedtls_mpi_size)
bl2/mbedcrypto/library/libmbedcrypto.a(constant_time.o)
                              bl2/mbedcrypto/library/libmbedcrypto.a(bignum.o) (mbedtls_ct_size_bool_eq)
bl2/mbedcrypto/library/libmbedcrypto.a(memory_buffer_alloc.o)
                              bl2/CMakeFiles/bl2.dir/ext/mcuboot/bl2_main.o (mbedtls_memory_buffer_alloc_init)
bl2/mbedcrypto/library/libmbedcrypto.a(platform.o)
[...]
Memory Configuration

Name             Origin             Length             Attributes
FLASH            0x0000000030067400 0x0000000000018400 xr
RAM              0x0000000030060400 0x0000000000006c00 xrw
*default*        0x0000000000000000 0xffffffffffffffff

Linker script and memory map

LOAD /work/tmp/work/corstone1000_fvp-poky-linux-musl/trusted-firmware-m/1.6.0-r0/recipe-sysroot-native/usr/libexec/gcc-arm-none-eabi/bin/../lib/gcc/arm-none-eabi/11.2.1/thumb/v6-m/nofp/crti.o
LOAD /work/tmp/work/corstone1000_fvp-poky-linux-musl/trusted-firmware-m/1.6.0-r0/recipe-sysroot-native/usr/libexec/gcc-arm-none-eabi/bin/../lib/gcc/arm-none-eabi/11.2.1/thumb/v6-m/nofp/crtbegin.o
LOAD /work/tmp/work/corstone1000_fvp-poky-linux-musl/trusted-firmware-m/1.6.0-r0/recipe-sysroot-native/usr/libexec/gcc-arm-none-eabi/bin/../lib/gcc/arm-none-eabi/11.2.1/../../../../arm-none-eabi/lib/thumb/v6-m/nofp/crt0.o
LOAD bl2/CMakeFiles/bl2.dir/src/flash_map.o
LOAD bl2/CMakeFiles/bl2.dir/src/provisioning.o
LOAD bl2/CMakeFiles/bl2.dir/ext/mcuboot/bl2_main.o
LOAD bl2/CMakeFiles/bl2.dir/ext/mcuboot/keys.o
LOAD bl2/CMakeFiles/bl2.dir/ext/mcuboot/flash_map_extended.o
LOAD bl2/CMakeFiles/bl2.dir/ext/mcuboot/flash_map_legacy.o
LOAD bl2/CMakeFiles/bl2.dir/__/platform/ext/target/arm/corstone1000/Device/Source/gcc/startup_corstone1000_bl.o
LOAD bl2/CMakeFiles/bl2.dir/__/platform/ext/target/arm/corstone1000/bl2_flash_map.o
LOAD bl2/CMakeFiles/bl2.dir/__/platform/ext/target/arm/corstone1000/boot_hal_bl2.o
LOAD bl2/CMakeFiles/bl2.dir/__/platform/ext/accelerator/cc312/cc312_log.o
LOAD bl2/ext/mcuboot/bootutil/libbootutil.a
LOAD platform/libplatform_bl2.a
LOAD bl2/mbedcrypto/library/libmbedcrypto.a
LOAD platform/ext/accelerator/libbl2_crypto_hw.a
LOAD platform/ext/accelerator/cc312/bl2_cc312/libbl2_cc312_mbedtls_api.a
LOAD platform/ext/accelerator/cc312/bl2_cc312/libbl2_cc312.a
LOAD platform/ext/accelerator/cc312/bl2_cc312/libbl2_cc312_pal.a
LOAD platform/libplatform_bl2.a
LOAD bl2/mbedcrypto/library/libmbedcrypto.a
LOAD platform/ext/accelerator/libbl2_crypto_hw.a
LOAD platform/ext/accelerator/cc312/bl2_cc312/libbl2_cc312_mbedtls_api.a
LOAD platform/ext/accelerator/cc312/bl2_cc312/libbl2_cc312.a
LOAD platform/ext/accelerator/cc312/bl2_cc312/libbl2_cc312_pal.a
START GROUP
LOAD /work/tmp/work/corstone1000_fvp-poky-linux-musl/trusted-firmware-m/1.6.0-r0/recipe-sysroot-native/usr/libexec/gcc-arm-none-eabi/bin/../lib/gcc/arm-none-eabi/11.2.1/thumb/v6-m/nofp/libgcc.a
LOAD /work/tmp/work/corstone1000_fvp-poky-linux-musl/trusted-firmware-m/1.6.0-r0/recipe-sysroot-native/usr/libexec/gcc-arm-none-eabi/bin/../lib/gcc/arm-none-eabi/11.2.1/../../../../arm-none-eabi/lib/thumb/v6-m/nofp/libg_nano.a
LOAD /work/tmp/work/corstone1000_fvp-poky-linux-musl/trusted-firmware-m/1.6.0-r0/recipe-sysroot-native/usr/libexec/gcc-arm-none-eabi/bin/../lib/gcc/arm-none-eabi/11.2.1/../../../../arm-none-eabi/lib/thumb/v6-m/nofp/libc_nano.a
END GROUP
START GROUP
LOAD /work/tmp/work/corstone1000_fvp-poky-linux-musl/trusted-firmware-m/1.6.0-r0/recipe-sysroot-native/usr/libexec/gcc-arm-none-eabi/bin/../lib/gcc/arm-none-eabi/11.2.1/thumb/v6-m/nofp/libgcc.a
LOAD /work/tmp/work/corstone1000_fvp-poky-linux-musl/trusted-firmware-m/1.6.0-r0/recipe-sysroot-native/usr/libexec/gcc-arm-none-eabi/bin/../lib/gcc/arm-none-eabi/11.2.1/../../../../arm-none-eabi/lib/thumb/v6-m/nofp/libc_nano.a
END GROUP
LOAD /work/tmp/work/corstone1000_fvp-poky-linux-musl/trusted-firmware-m/1.6.0-r0/recipe-sysroot-native/usr/libexec/gcc-arm-none-eabi/bin/../lib/gcc/arm-none-eabi/11.2.1/thumb/v6-m/nofp/crtend.o
LOAD /work/tmp/work/corstone1000_fvp-poky-linux-musl/trusted-firmware-m/1.6.0-r0/recipe-sysroot-native/usr/libexec/gcc-arm-none-eabi/bin/../lib/gcc/arm-none-eabi/11.2.1/thumb/v6-m/nofp/crtn.o
                0x0000000000001000                __heap_size__ = 0x1000
                0x0000000000001e00                __msp_stack_size__ = 0x1e00
START GROUP
LOAD /work/tmp/work/corstone1000_fvp-poky-linux-musl/trusted-firmware-m/1.6.0-r0/recipe-sysroot-native/usr/libexec/gcc-arm-none-eabi/bin/../lib/gcc/arm-none-eabi/11.2.1/thumb/v6-m/nofp/libgcc.a
LOAD /work/tmp/work/corstone1000_fvp-poky-linux-musl/trusted-firmware-m/1.6.0-r0/recipe-sysroot-native/usr/libexec/gcc-arm-none-eabi/bin/../lib/gcc/arm-none-eabi/11.2.1/../../../../arm-none-eabi/lib/thumb/v6-m/nofp/libc.a
LOAD /work/tmp/work/corstone1000_fvp-poky-linux-musl/trusted-firmware-m/1.6.0-r0/recipe-sysroot-native/usr/libexec/gcc-arm-none-eabi/bin/../lib/gcc/arm-none-eabi/11.2.1/../../../../arm-none-eabi/lib/thumb/v6-m/nofp/libm.a
LOAD /work/tmp/work/corstone1000_fvp-poky-linux-musl/trusted-firmware-m/1.6.0-r0/recipe-sysroot-native/usr/libexec/gcc-arm-none-eabi/bin/../lib/gcc/arm-none-eabi/11.2.1/../../../../arm-none-eabi/lib/thumb/v6-m/nofp/libnosys.a
END GROUP

.text           0x0000000030067400     0xd844
 *(.vectors)
 .vectors       0x0000000030067400       0xc0 bl2/CMakeFiles/bl2.dir/__/platform/ext/target/arm/corstone1000/Device/Source/gcc/startup_corstone1000_bl.o
                0x0000000030067400                __Vectors
                0x00000000300674c0                __Vectors_End = .
                0x00000000300674c0                __Vectors_Size = (__Vectors_End - __Vectors)
                0x0000000030064b60                __end__ = .
 *(.text*)
 .text.deregister_tm_clones
                0x00000000300674c0       0x20 /work/tmp/work/corstone1000_fvp-poky-linux-musl/trusted-firmware-m/1.6.0-r0/recipe-sysroot-native/usr/libexec/gcc-arm-none-eabi/bin/../lib/gcc/arm-none-eabi/11.2.1/thumb/v6-m/nofp/crtbegin.o
 .text.register_tm_clones
                0x00000000300674e0       0x28 /work/tmp/work/corstone1000_fvp-poky-linux-musl/trusted-firmware-m/1.6.0-r0/recipe-sysroot-native/usr/libexec/gcc-arm-none-eabi/bin/../lib/gcc/arm-none-eabi/11.2.1/thumb/v6-m/nofp/crtbegin.o
 .text.__do_global_dtors_aux
                0x0000000030067508       0x2c /work/tmp/work/corstone1000_fvp-poky-linux-musl/trusted-firmware-m/1.6.0-r0/recipe-sysroot-native/usr/libexec/gcc-arm-none-eabi/bin/../lib/gcc/arm-none-eabi/11.2.1/thumb/v6-m/nofp/crtbegin.o
 .text.frame_dummy
                0x0000000030067534       0x24 /work/tmp/work/corstone1000_fvp-poky-linux-musl/trusted-firmware-m/1.6.0-r0/recipe-sysroot-native/usr/libexec/gcc-arm-none-eabi/bin/../lib/gcc/arm-none-eabi/11.2.1/thumb/v6-m/nofp/crtbegin.o
 .text          0x0000000030067558       0x80 /work/tmp/work/corstone1000_fvp-poky-linux-musl/trusted-firmware-m/1.6.0-r0/recipe-sysroot-native/usr/libexec/gcc-arm-none-eabi/bin/../lib/gcc/arm-none-eabi/11.2.1/../../../../arm-none-eabi/lib/thumb/v6-m/nofp/crt0.o
                0x0000000030067558                _stack_init
                0x0000000030067564                _mainCRTStartup
                0x0000000030067564                _start
 .text.boot_u32_safe_add
                0x00000000300675d8       0x2e bl2/CMakeFiles/bl2.dir/src/flash_map.o
 .text.is_range_valid
                0x0000000030067606       0x4e bl2/CMakeFiles/bl2.dir/src/flash_map.o
 .text.flash_area_open
                0x0000000030067654       0x68 bl2/CMakeFiles/bl2.dir/src/flash_map.o
                0x0000000030067654                flash_area_open
 .text.flash_area_close
                0x00000000300676bc       0x10 bl2/CMakeFiles/bl2.dir/src/flash_map.o
                0x00000000300676bc                flash_area_close
 .text.flash_area_read
                0x00000000300676cc      0x210 bl2/CMakeFiles/bl2.dir/src/flash_map.o
                0x00000000300676cc                flash_area_read
 .text.flash_area_erase
                0x00000000300678dc       0x90 bl2/CMakeFiles/bl2.dir/src/flash_map.o
                0x00000000300678dc                flash_area_erase
 .text.tfm_plat_provisioning_check_for_dummy_keys
                0x000000003006796c       0x64 bl2/CMakeFiles/bl2.dir/src/provisioning.o
                0x000000003006796c                tfm_plat_provisioning_check_for_dummy_keys
 .text.tfm_plat_provisioning_is_required
                0x00000000300679d0       0x3a bl2/CMakeFiles/bl2.dir/src/provisioning.o
                0x00000000300679d0                tfm_plat_provisioning_is_required
 *fill*         0x0000000030067a0a        0x2 
 .text.provision_assembly_and_test
                0x0000000030067a0c       0x88 bl2/CMakeFiles/bl2.dir/src/provisioning.o
                0x0000000030067a0c                provision_assembly_and_test
 .text.tfm_plat_provisioning_perform
                0x0000000030067a94       0x94 bl2/CMakeFiles/bl2.dir/src/provisioning.o
                0x0000000030067a94                tfm_plat_provisioning_perform
 .text.do_boot  0x0000000030067b28       0x78 bl2/CMakeFiles/bl2.dir/ext/mcuboot/bl2_main.o
 .text.main     0x0000000030067ba0      0x158 bl2/CMakeFiles/bl2.dir/ext/mcuboot/bl2_main.o
                0x0000000030067ba0                main
 .text.boot_retrieve_public_key_hash
                0x0000000030067cf8       0x2a bl2/CMakeFiles/bl2.dir/ext/mcuboot/keys.o
                0x0000000030067cf8                boot_retrieve_public_key_hash
 *fill*         0x0000000030067d22        0x2 
 .text.flash_device_base
                0x0000000030067d24       0x40 bl2/CMakeFiles/bl2.dir/ext/mcuboot/flash_map_extended.o
                0x0000000030067d24                flash_device_base
 .text.flash_area_id_from_multi_image_slot
                0x0000000030067d64       0x64 bl2/CMakeFiles/bl2.dir/ext/mcuboot/flash_map_extended.o
                0x0000000030067d64                flash_area_id_from_multi_image_slot
 .text.flash_area_erased_val
                0x0000000030067dc8       0x1c bl2/CMakeFiles/bl2.dir/ext/mcuboot/flash_map_extended.o
                0x0000000030067dc8                flash_area_erased_val
 .text          0x0000000030067de4       0x80 bl2/CMakeFiles/bl2.dir/__/platform/ext/target/arm/corstone1000/Device/Source/gcc/startup_corstone1000_bl.o
                0x0000000030067de4                Reset_Handler
                0x0000000030067e36                HardFault_Handler
                0x0000000030067e38                SVC_Handler
                0x0000000030067e3a                PendSV_Handler
                0x0000000030067e3e                SE_INTERRUPT_EXPANSION_IRQHandler
                0x0000000030067e40                CRYPTO_ACCELERATOR_0_IRQHandler
                0x0000000030067e42                CRYPTO_ACCELERATOR_1_IRQHandler
                0x0000000030067e46                TIMER0_IRQHandler
                0x0000000030067e48                TIMER1_IRQHandler
                0x0000000030067e4a                HS_FIREWALL_TAMPER_IRQHandler
                0x0000000030067e4c                INTERRUPT_ROUTER_TAMPER_IRQHandler
                0x0000000030067e50                SECNENCTOP_PPU_IRQHandler
                0x0000000030067e52                UART_UARTINTR_IRQHandler
                0x0000000030067e54                SE_FIREWALL_INTERRUPT_IRQHandler
                0x0000000030067e56                SE_CTI_TRIGGER_OUT_2_IRQHandler
                0x0000000030067e58                SE_CTI_TRIGGER_OUT_3_IRQHandler
                0x0000000030067e5a                SEH0_SENDER_COMBINED_IRQHandler
                0x0000000030067e5c                HSE0_RECEIVER_COMBINED_IRQHandler
                0x0000000030067e5e                SEH1_SENDER_COMBINED_IRQHandler
                0x0000000030067e60                HSE1_RECEIVER_COMBINED_IRQHandler
 .text.add_bank_offset_to_image_offset
                0x0000000030067e64       0x48 bl2/CMakeFiles/bl2.dir/__/platform/ext/target/arm/corstone1000/bl2_flash_map.o
                0x0000000030067e64                add_bank_offset_to_image_offset
 .text.boot_get_image_exec_ram_info
                0x0000000030067eac       0x58 bl2/CMakeFiles/bl2.dir/__/platform/ext/target/arm/corstone1000/bl2_flash_map.o
                0x0000000030067eac                boot_get_image_exec_ram_info
 .text.fill_bl2_flash_map_by_parsing_fips
                0x0000000030067f04       0x78 bl2/CMakeFiles/bl2.dir/__/platform/ext/target/arm/corstone1000/boot_hal_bl2.o
                0x0000000030067f04                fill_bl2_flash_map_by_parsing_fips
 .text.boot_platform_init
                0x0000000030067f7c       0x54 bl2/CMakeFiles/bl2.dir/__/platform/ext/target/arm/corstone1000/boot_hal_bl2.o
                0x0000000030067f7c                boot_platform_init
 .text.boot_platform_post_init
                0x0000000030067fd0       0x50 bl2/CMakeFiles/bl2.dir/__/platform/ext/target/arm/corstone1000/boot_hal_bl2.o
                0x0000000030067fd0                boot_platform_post_init
 .text.boot_platform_quit
                0x0000000030068020       0x60 bl2/CMakeFiles/bl2.dir/__/platform/ext/target/arm/corstone1000/boot_hal_bl2.o
                0x0000000030068020                boot_platform_quit
 .text.CC_PalLog
                0x0000000030068080       0x78 bl2/CMakeFiles/bl2.dir/__/platform/ext/accelerator/cc312/cc312_log.o
                0x0000000030068080                CC_PalLog
 .text.flash_area_get_device_id
                0x00000000300680f8       0x14 bl2/ext/mcuboot/bootutil/libbootutil.a(loader.o)
 .text.flash_area_get_off
                0x000000003006810c       0x14 bl2/ext/mcuboot/bootutil/libbootutil.a(loader.o)
 .text.flash_area_get_size
                0x0000000030068120       0x14 bl2/ext/mcuboot/bootutil/libbootutil.a(loader.o)
 .text.boot_u32_safe_add
                0x0000000030068134       0x2e bl2/ext/mcuboot/bootutil/libbootutil.a(loader.o)
 .text.boot_img_hdr
                0x0000000030068162       0x2a bl2/ext/mcuboot/bootutil/libbootutil.a(loader.o)
 .text.boot_img_slot_off
                0x000000003006818c       0x36 bl2/ext/mcuboot/bootutil/libbootutil.a(loader.o)
 .text.boot_read_image_headers
                0x00000000300681c2       0x78 bl2/ext/mcuboot/bootutil/libbootutil.a(loader.o)
 *fill*         0x000000003006823a        0x2 
 .text.boot_add_shared_data
                0x000000003006823c       0x68 bl2/ext/mcuboot/bootutil/libbootutil.a(loader.o)
 .text.fill_rsp
                0x00000000300682a4       0xc0 bl2/ext/mcuboot/bootutil/libbootutil.a(loader.o)
 .text.close_all_flash_areas
                0x0000000030068364       0x88 bl2/ext/mcuboot/bootutil/libbootutil.a(loader.o)
 .text.boot_read_image_size
                0x00000000300683ec      0x120 bl2/ext/mcuboot/bootutil/libbootutil.a(loader.o)
 .text.boot_image_check
                0x000000003006850c       0x68 bl2/ext/mcuboot/bootutil/libbootutil.a(loader.o)
 .text.boot_is_header_valid
                0x0000000030068574       0x60 bl2/ext/mcuboot/bootutil/libbootutil.a(loader.o)
 .text.boot_data_is_set_to
                0x00000000300685d4       0x5c bl2/ext/mcuboot/bootutil/libbootutil.a(loader.o)
 .text.boot_check_header_erased
                0x0000000030068630       0x94 bl2/ext/mcuboot/bootutil/libbootutil.a(loader.o)
 .text.boot_version_cmp
                0x00000000300686c4       0x7a bl2/ext/mcuboot/bootutil/libbootutil.a(loader.o)
 *fill*         0x000000003006873e        0x2 
 .text.boot_validate_slot
                0x0000000030068740      0x14c bl2/ext/mcuboot/bootutil/libbootutil.a(loader.o)
 .text.boot_update_security_counter
                0x000000003006888c       0x86 bl2/ext/mcuboot/bootutil/libbootutil.a(loader.o)
 *fill*         0x0000000030068912        0x2 
 .text.boot_get_slot_usage
                0x0000000030068914      0x1e0 bl2/ext/mcuboot/bootutil/libbootutil.a(loader.o)
 .text.find_slot_with_highest_version
                0x0000000030068af4       0x88 bl2/ext/mcuboot/bootutil/libbootutil.a(loader.o)
 .text.print_loaded_images
                0x0000000030068b7c       0x8c bl2/ext/mcuboot/bootutil/libbootutil.a(loader.o)
 .text.boot_verify_ram_load_address
                0x0000000030068c08       0x9a bl2/ext/mcuboot/bootutil/libbootutil.a(loader.o)
 *fill*         0x0000000030068ca2        0x2 
 .text.boot_copy_image_to_sram
                0x0000000030068ca4       0x80 bl2/ext/mcuboot/bootutil/libbootutil.a(loader.o)
 .text.do_regions_overlap
                0x0000000030068d24       0x3c bl2/ext/mcuboot/bootutil/libbootutil.a(loader.o)
 .text.boot_check_ram_load_overlapping
                0x0000000030068d60       0xa6 bl2/ext/mcuboot/bootutil/libbootutil.a(loader.o)
 *fill*         0x0000000030068e06        0x2 
 .text.boot_load_image_to_sram
                0x0000000030068e08      0x148 bl2/ext/mcuboot/bootutil/libbootutil.a(loader.o)
 .text.boot_remove_image_from_sram
                0x0000000030068f50       0x88 bl2/ext/mcuboot/bootutil/libbootutil.a(loader.o)
 .text.boot_remove_image_from_flash
                0x0000000030068fd8       0x70 bl2/ext/mcuboot/bootutil/libbootutil.a(loader.o)
 .text.boot_verify_slot_dependency
                0x0000000030069048       0x5e bl2/ext/mcuboot/bootutil/libbootutil.a(loader.o)
 .text.boot_verify_slot_dependencies
                0x00000000300690a6      0x132 bl2/ext/mcuboot/bootutil/libbootutil.a(loader.o)
 .text.boot_verify_dependencies
                0x00000000300691d8       0xb4 bl2/ext/mcuboot/bootutil/libbootutil.a(loader.o)
 .text.boot_load_and_validate_images
                0x000000003006928c      0x17c bl2/ext/mcuboot/bootutil/libbootutil.a(loader.o)
                0x000000003006928c                boot_load_and_validate_images
 .text.boot_update_hw_rollback_protection
                0x0000000030069408       0x70 bl2/ext/mcuboot/bootutil/libbootutil.a(loader.o)
 .text.context_boot_go
                0x0000000030069478      0x148 bl2/ext/mcuboot/bootutil/libbootutil.a(loader.o)
                0x0000000030069478                context_boot_go
 .text.boot_go  0x00000000300695c0       0x44 bl2/ext/mcuboot/bootutil/libbootutil.a(loader.o)
                0x00000000300695c0                boot_go
 .text.boot_state_clear
                0x0000000030069604       0x34 bl2/ext/mcuboot/bootutil/libbootutil.a(loader.o)
                0x0000000030069604                boot_state_clear
 .text.boot_read_image_header
                0x0000000030069638       0x6e bl2/ext/mcuboot/bootutil/libbootutil.a(swap_scratch.o)
                0x0000000030069638                boot_read_image_header
 *fill*         0x00000000300696a6        0x2 
 .text.bootutil_tlv_iter_begin
                0x00000000300696a8      0x110 bl2/ext/mcuboot/bootutil/libbootutil.a(tlv.o)
                0x00000000300696a8                bootutil_tlv_iter_begin
 .text.bootutil_tlv_iter_next
                0x00000000300697b8      0x10c bl2/ext/mcuboot/bootutil/libbootutil.a(tlv.o)
                0x00000000300697b8                bootutil_tlv_iter_next
 .text.boot_u16_safe_add
                0x00000000300698c4       0x44 bl2/ext/mcuboot/bootutil/libbootutil.a(boot_record.o)
 .text.boot_add_data_to_shared_area
                0x0000000030069908      0x17c bl2/ext/mcuboot/bootutil/libbootutil.a(boot_record.o)
                0x0000000030069908                boot_add_data_to_shared_area
 .text.boot_save_boot_status
                0x0000000030069a84      0x1cc bl2/ext/mcuboot/bootutil/libbootutil.a(boot_record.o)
                0x0000000030069a84                boot_save_boot_status
 .text.bootutil_sha256_init
                0x0000000030069c50       0x22 bl2/ext/mcuboot/bootutil/libbootutil.a(image_validate.o)
 .text.bootutil_sha256_drop
                0x0000000030069c72       0x10 bl2/ext/mcuboot/bootutil/libbootutil.a(image_validate.o)
 .text.bootutil_sha256_update
                0x0000000030069c82       0x22 bl2/ext/mcuboot/bootutil/libbootutil.a(image_validate.o)
 .text.bootutil_sha256_finish
                0x0000000030069ca4       0x20 bl2/ext/mcuboot/bootutil/libbootutil.a(image_validate.o)
 .text.bootutil_img_hash
                0x0000000030069cc4       0xc8 bl2/ext/mcuboot/bootutil/libbootutil.a(image_validate.o)
 .text.bootutil_find_key
                0x0000000030069d8c      0x11c bl2/ext/mcuboot/bootutil/libbootutil.a(image_validate.o)
 .text.bootutil_get_img_security_cnt
                0x0000000030069ea8       0xb0 bl2/ext/mcuboot/bootutil/libbootutil.a(image_validate.o)
                0x0000000030069ea8                bootutil_get_img_security_cnt
 .text.bootutil_img_validate
                0x0000000030069f58      0x5ac bl2/ext/mcuboot/bootutil/libbootutil.a(image_validate.o)
                0x0000000030069f58                bootutil_img_validate
 .text.boot_fih_memequal
                0x000000003006a504       0x22 bl2/ext/mcuboot/bootutil/libbootutil.a(bootutil_misc.o)
                0x000000003006a504                boot_fih_memequal
 .text.bootutil_sha256_init
                0x000000003006a526       0x22 bl2/ext/mcuboot/bootutil/libbootutil.a(image_rsa.o)
 .text.bootutil_sha256_drop
                0x000000003006a548       0x10 bl2/ext/mcuboot/bootutil/libbootutil.a(image_rsa.o)
 .text.bootutil_sha256_update
                0x000000003006a558       0x22 bl2/ext/mcuboot/bootutil/libbootutil.a(image_rsa.o)
 .text.bootutil_sha256_finish
                0x000000003006a57a       0x20 bl2/ext/mcuboot/bootutil/libbootutil.a(image_rsa.o)
 .text.bootutil_parse_rsakey
                0x000000003006a59a       0xf4 bl2/ext/mcuboot/bootutil/libbootutil.a(image_rsa.o)
 .text.pss_mgf1
                0x000000003006a68e       0xd0 bl2/ext/mcuboot/bootutil/libbootutil.a(image_rsa.o)
 *fill*         0x000000003006a75e        0x2 
 .text.bootutil_cmp_rsasig
                0x000000003006a760      0x250 bl2/ext/mcuboot/bootutil/libbootutil.a(image_rsa.o)
 .text.bootutil_verify_sig
                0x000000003006a9b0       0xcc bl2/ext/mcuboot/bootutil/libbootutil.a(image_rsa.o)
                0x000000003006a9b0                bootutil_verify_sig
 .text.ARM_Flash_GetVersion
                0x000000003006aa7c       0x34 platform/libplatform_bl2.a(Driver_Flash.o)
 .text.ARM_Flash_GetStatus
                0x000000003006aab0       0x14 platform/libplatform_bl2.a(Driver_Flash.o)
 .text.ARM_Flash_PowerControl
                0x000000003006aac4       0x24 platform/libplatform_bl2.a(Driver_Flash.o)
 .text.ARM_Flash_Uninitialize
                0x000000003006aae8        0xc platform/libplatform_bl2.a(Driver_Flash.o)
 .text.STRATAFLASHJ3_Initialize
                0x000000003006aaf4       0x64 platform/libplatform_bl2.a(Driver_Flash.o)
 .text.STRATAFLASHJ3_Driver_GetCapabilities
                0x000000003006ab58       0x10 platform/libplatform_bl2.a(Driver_Flash.o)
 .text.STRATAFLASHJ3_Flash_ReadData
                0x000000003006ab68       0x7c platform/libplatform_bl2.a(Driver_Flash.o)
 .text.STRATAFLASHJ3_Flash_ProgramData
                0x000000003006abe4       0x7c platform/libplatform_bl2.a(Driver_Flash.o)
 .text.STRATAFLASHJ3_Flash_EraseSector
                0x000000003006ac60       0x3c platform/libplatform_bl2.a(Driver_Flash.o)
 .text.STRATAFLASHJ3_Flash_EraseChip
                0x000000003006ac9c       0x34 platform/libplatform_bl2.a(Driver_Flash.o)
 .text.STRATAFLASHJ3_Flash_GetInfo
                0x000000003006acd0       0x10 platform/libplatform_bl2.a(Driver_Flash.o)
 .text.STRATAFLASHJ3_Initialize_SE
                0x000000003006ace0       0x64 platform/libplatform_bl2.a(Driver_Flash.o)
 .text.STRATAFLASHJ3_Driver_GetCapabilities_SE
                0x000000003006ad44       0x10 platform/libplatform_bl2.a(Driver_Flash.o)
 .text.STRATAFLASHJ3_Flash_ReadData_SE
                0x000000003006ad54       0x7c platform/libplatform_bl2.a(Driver_Flash.o)
 .text.STRATAFLASHJ3_Flash_ProgramData_SE
                0x000000003006add0       0x7c platform/libplatform_bl2.a(Driver_Flash.o)
 .text.STRATAFLASHJ3_Flash_EraseSector_SE
                0x000000003006ae4c       0x3c platform/libplatform_bl2.a(Driver_Flash.o)
 .text.STRATAFLASHJ3_Flash_EraseChip_SE
                0x000000003006ae88       0x34 platform/libplatform_bl2.a(Driver_Flash.o)
 .text.STRATAFLASHJ3_Flash_GetInfo_SE
                0x000000003006aebc       0x10 platform/libplatform_bl2.a(Driver_Flash.o)
 .text.SystemCoreClockUpdate
                0x000000003006aecc       0x24 platform/libplatform_bl2.a(system_core_init.o)
                0x000000003006aecc                SystemCoreClockUpdate
 .text.SystemInit
                0x000000003006aef0       0x1c platform/libplatform_bl2.a(system_core_init.o)
                0x000000003006aef0                SystemInit
 .text.__NVIC_EnableIRQ
                0x000000003006af0c       0x34 platform/libplatform_bl2.a(watchdog.o)
 .text.__NVIC_SystemReset
                0x000000003006af40       0x24 platform/libplatform_bl2.a(watchdog.o)
 .text.NMI_Handler
                0x000000003006af64       0x28 platform/libplatform_bl2.a(watchdog.o)
                0x000000003006af64                NMI_Handler
 .text.SE_WATCHDOG_TIMER_IRQHandler
                0x000000003006af8c       0x28 platform/libplatform_bl2.a(watchdog.o)
                0x000000003006af8c                SE_WATCHDOG_TIMER_IRQHandler
 .text.corstone1000_watchdog_init
                0x000000003006afb4       0xb8 platform/libplatform_bl2.a(watchdog.o)
                0x000000003006afb4                corstone1000_watchdog_init
 .text.SECURE_WATCHDOG_WS1_IRQHandler
                0x000000003006b06c        0x8 platform/libplatform_bl2.a(watchdog.o)
                0x000000003006b06c                SECURE_WATCHDOG_WS1_IRQHandler
 .text.arm_watchdog_init
                0x000000003006b074       0x58 platform/libplatform_bl2.a(arm_watchdog_drv.o)
                0x000000003006b074                arm_watchdog_init
 .text.arm_watchdog_clear_interrupt_and_refresh_counter
                0x000000003006b0cc       0x40 platform/libplatform_bl2.a(arm_watchdog_drv.o)
                0x000000003006b0cc                arm_watchdog_clear_interrupt_and_refresh_counter
 .text.arm_watchdog_enable
                0x000000003006b10c       0x5a platform/libplatform_bl2.a(arm_watchdog_drv.o)
                0x000000003006b10c                arm_watchdog_enable
 .text.arm_watchdog_is_enabled
                0x000000003006b166       0x1a platform/libplatform_bl2.a(arm_watchdog_drv.o)
                0x000000003006b166                arm_watchdog_is_enabled
 .text.arm_watchdog_disable
                0x000000003006b180       0x58 platform/libplatform_bl2.a(arm_watchdog_drv.o)
                0x000000003006b180                arm_watchdog_disable
 .text.arm_watchdog_lock
                0x000000003006b1d8       0x22 platform/libplatform_bl2.a(arm_watchdog_drv.o)
                0x000000003006b1d8                arm_watchdog_lock
 .text.arm_watchdog_is_locked
                0x000000003006b1fa       0x20 platform/libplatform_bl2.a(arm_watchdog_drv.o)
                0x000000003006b1fa                arm_watchdog_is_locked
 *fill*         0x000000003006b21a        0x2 
 .text.arm_watchdog_unlock
                0x000000003006b21c       0x28 platform/libplatform_bl2.a(arm_watchdog_drv.o)
                0x000000003006b21c                arm_watchdog_unlock
 .text.arm_watchdog_is_initialized
                0x000000003006b244       0x1a platform/libplatform_bl2.a(arm_watchdog_drv.o)
                0x000000003006b244                arm_watchdog_is_initialized
 *fill*         0x000000003006b25e        0x2 
 .text.parse_fip_and_extract_tfa_info
                0x000000003006b260       0xd0 platform/libplatform_bl2.a(fip_parser.o)
                0x000000003006b260                parse_fip_and_extract_tfa_info
 .text.__NVIC_SystemReset
                0x000000003006b330       0x24 platform/libplatform_bl2.a(fwu_agent.o)
 .text.private_metadata_read
                0x000000003006b354       0x80 platform/libplatform_bl2.a(fwu_agent.o)
 .text.private_metadata_write
                0x000000003006b3d4       0x9c platform/libplatform_bl2.a(fwu_agent.o)
 .text.fwu_metadata_init
                0x000000003006b470       0x8c platform/libplatform_bl2.a(fwu_agent.o)
                0x000000003006b470                fwu_metadata_init
 .text.bl2_get_boot_bank
                0x000000003006b4fc       0xb0 platform/libplatform_bl2.a(fwu_agent.o)
                0x000000003006b4fc                bl2_get_boot_bank
 .text.SysTick_Handler
                0x000000003006b5ac       0x60 platform/libplatform_bl2.a(fwu_agent.o)
                0x000000003006b5ac                SysTick_Handler
 .text.fwu_stage_nv_counter
                0x000000003006b60c       0xd0 platform/libplatform_bl2.a(fwu_agent.o)
                0x000000003006b60c                fwu_stage_nv_counter
 .text.get_nv_counter_from_image_id
                0x000000003006b6dc       0x2c platform/libplatform_bl2.a(bl2_security_cnt.o)
 .text.boot_nv_security_counter_init
                0x000000003006b708       0x38 platform/libplatform_bl2.a(bl2_security_cnt.o)
                0x000000003006b708                boot_nv_security_counter_init
 .text.boot_nv_security_counter_get
                0x000000003006b740       0x74 platform/libplatform_bl2.a(bl2_security_cnt.o)
                0x000000003006b740                boot_nv_security_counter_get
 .text.boot_nv_security_counter_update
                0x000000003006b7b4       0x9c platform/libplatform_bl2.a(bl2_security_cnt.o)
                0x000000003006b7b4                boot_nv_security_counter_update
 .text.cfi_strataflashj3_erase_chip
                0x000000003006b850       0x6c platform/libplatform_bl2.a(spi_strataflashj3_flash_lib.o)
                0x000000003006b850                cfi_strataflashj3_erase_chip
 .text.erase_block
                0x000000003006b8bc       0x58 platform/libplatform_bl2.a(spi_strataflashj3_flash_lib.o)
                0x000000003006b8bc                erase_block
 .text.cfi_strataflashj3_erase
                0x000000003006b914       0x48 platform/libplatform_bl2.a(spi_strataflashj3_flash_lib.o)
                0x000000003006b914                cfi_strataflashj3_erase
 .text.cfi_strataflashj3_program_data_byte
                0x000000003006b95c       0xb0 platform/libplatform_bl2.a(spi_strataflashj3_flash_lib.o)
 .text.cfi_strataflashj3_program
                0x000000003006ba0c       0xd0 platform/libplatform_bl2.a(spi_strataflashj3_flash_lib.o)
                0x000000003006ba0c                cfi_strataflashj3_program
 .text.cfi_strataflashj3_read
                0x000000003006badc       0xbc platform/libplatform_bl2.a(spi_strataflashj3_flash_lib.o)
                0x000000003006badc                cfi_strataflashj3_read
 .text.cfi_strataflashj3_initialize
                0x000000003006bb98       0x24 platform/libplatform_bl2.a(spi_strataflashj3_flash_lib.o)
                0x000000003006bb98                cfi_strataflashj3_initialize
 .text.mmio_write_32
                0x000000003006bbbc       0x18 platform/libplatform_bl2.a(cfi_drv.o)
 .text.mmio_write_8
                0x000000003006bbd4       0x1e platform/libplatform_bl2.a(cfi_drv.o)
 .text.mmio_read_32
                0x000000003006bbf2       0x14 platform/libplatform_bl2.a(cfi_drv.o)
 .text.nor_cfi_reg_read
                0x000000003006bc06       0x16 platform/libplatform_bl2.a(cfi_drv.o)
                0x000000003006bc06                nor_cfi_reg_read
 .text.nor_status
                0x000000003006bc1c       0x36 platform/libplatform_bl2.a(cfi_drv.o)
 .text.nor_send_cmd
                0x000000003006bc52       0x28 platform/libplatform_bl2.a(cfi_drv.o)
                0x000000003006bc52                nor_send_cmd
 .text.nor_send_cmd_byte
                0x000000003006bc7a       0x20 platform/libplatform_bl2.a(cfi_drv.o)
                0x000000003006bc7a                nor_send_cmd_byte
 *fill*         0x000000003006bc9a        0x2 
 .text.nor_poll_dws
                0x000000003006bc9c       0x48 platform/libplatform_bl2.a(cfi_drv.o)
 .text.nor_poll_dws_byte
                0x000000003006bce4       0x40 platform/libplatform_bl2.a(cfi_drv.o)
 .text.nor_full_status_check
                0x000000003006bd24       0x36 platform/libplatform_bl2.a(cfi_drv.o)
 .text.nor_byte_program
                0x000000003006bd5a       0x8c platform/libplatform_bl2.a(cfi_drv.o)
                0x000000003006bd5a                nor_byte_program
 *fill*         0x000000003006bde6        0x2 
 .text.nor_erase
                0x000000003006bde8       0x64 platform/libplatform_bl2.a(cfi_drv.o)
                0x000000003006bde8                nor_erase
 .text.boot_clear_ram_area
                0x000000003006be4c       0x1c platform/libplatform_bl2.a(boot_hal_bl2.o)
                0x000000003006be4c                boot_clear_ram_area
 .text.boot_jump_to_next_image
                0x000000003006be68       0x24 platform/libplatform_bl2.a(boot_hal_bl2.o)
                0x000000003006be68                boot_jump_to_next_image
 .text.stdio_output_string
                0x000000003006be8c       0x50 platform/libplatform_bl2.a(uart_stdout.o)
                0x000000003006be8c                stdio_output_string
 .text._write   0x000000003006bedc       0x22 platform/libplatform_bl2.a(uart_stdout.o)
                0x000000003006bedc                _write
 *fill*         0x000000003006befe        0x2 
 .text.stdio_init
                0x000000003006bf00       0x88 platform/libplatform_bl2.a(uart_stdout.o)
                0x000000003006bf00                stdio_init
 .text.stdio_uninit
                0x000000003006bf88       0x44 platform/libplatform_bl2.a(uart_stdout.o)
                0x000000003006bf88                stdio_uninit
 .text.tfm_plat_init_nv_counter
                0x000000003006bfcc       0x10 platform/libplatform_bl2.a(nv_counters.o)
                0x000000003006bfcc                tfm_plat_init_nv_counter
 .text.read_nv_counter_otp
                0x000000003006bfdc       0xee platform/libplatform_bl2.a(nv_counters.o)
 *fill*         0x000000003006c0ca        0x2 
 .text.tfm_plat_read_nv_counter
                0x000000003006c0cc       0x90 platform/libplatform_bl2.a(nv_counters.o)
                0x000000003006c0cc                tfm_plat_read_nv_counter
 .text.set_nv_counter_otp
                0x000000003006c15c       0xe4 platform/libplatform_bl2.a(nv_counters.o)
 .text.tfm_plat_set_nv_counter
                0x000000003006c240       0x78 platform/libplatform_bl2.a(nv_counters.o)
                0x000000003006c240                tfm_plat_set_nv_counter
 .text.get_rotpk_hash
                0x000000003006c2b8       0x54 platform/libplatform_bl2.a(tfm_rotpk.o)
 .text.tfm_plat_get_rotpk_hash
                0x000000003006c30c       0x64 platform/libplatform_bl2.a(tfm_rotpk.o)
                0x000000003006c30c                tfm_plat_get_rotpk_hash
 .text.read_otp_nv_counters_flash
                0x000000003006c370       0xf0 platform/libplatform_bl2.a(flash_otp_nv_counters_backend.o)
                0x000000003006c370                read_otp_nv_counters_flash
 .text.init_otp_nv_counters_flash
                0x000000003006c460       0xc4 platform/libplatform_bl2.a(flash_otp_nv_counters_backend.o)
                0x000000003006c460                init_otp_nv_counters_flash
 .text.round_down
                0x000000003006c524       0x24 platform/libplatform_bl2.a(flash_otp_nv_counters_backend.o)
 .text.round_up
                0x000000003006c548       0x2e platform/libplatform_bl2.a(flash_otp_nv_counters_backend.o)
 *fill*         0x000000003006c576        0x2 
 .text.erase_flash_region
                0x000000003006c578       0x74 platform/libplatform_bl2.a(flash_otp_nv_counters_backend.o)
 .text.copy_flash_region
                0x000000003006c5ec       0xc8 platform/libplatform_bl2.a(flash_otp_nv_counters_backend.o)
 .text.make_backup
                0x000000003006c6b4       0x48 platform/libplatform_bl2.a(flash_otp_nv_counters_backend.o)
 .text.write_otp_nv_counters_flash
                0x000000003006c6fc      0x248 platform/libplatform_bl2.a(flash_otp_nv_counters_backend.o)
                0x000000003006c6fc                write_otp_nv_counters_flash
 .text.restore_backup
                0x000000003006c944       0x48 platform/libplatform_bl2.a(flash_otp_nv_counters_backend.o)
 .text.create_or_restore_layout
                0x000000003006c98c      0x188 platform/libplatform_bl2.a(flash_otp_nv_counters_backend.o)
 .text.tfm_plat_otp_init
                0x000000003006cb14       0x10 platform/libplatform_bl2.a(otp_flash.o)
                0x000000003006cb14                tfm_plat_otp_init
 .text.write_to_output
                0x000000003006cb24       0x5e platform/libplatform_bl2.a(otp_flash.o)
 *fill*         0x000000003006cb82        0x2 
 .text.tfm_plat_otp_read
                0x000000003006cb84      0x198 platform/libplatform_bl2.a(otp_flash.o)
                0x000000003006cb84                tfm_plat_otp_read
 .text.read_from_input
                0x000000003006cd1c      0x138 platform/libplatform_bl2.a(otp_flash.o)
 .text.tfm_plat_otp_write
                0x000000003006ce54      0x198 platform/libplatform_bl2.a(otp_flash.o)
                0x000000003006ce54                tfm_plat_otp_write
 .text.tfm_plat_otp_get_size
                0x000000003006cfec       0xdc platform/libplatform_bl2.a(otp_flash.o)
                0x000000003006cfec                tfm_plat_otp_get_size
 .text.ARM_USART_GetVersion
                0x000000003006d0c8       0x34 platform/libplatform_bl2.a(Driver_USART.o)
 .text.ARM_USART_GetCapabilities
                0x000000003006d0fc       0x10 platform/libplatform_bl2.a(Driver_USART.o)
 .text.ARM_USARTx_Initialize
                0x000000003006d10c       0x30 platform/libplatform_bl2.a(Driver_USART.o)
 .text.ARM_USARTx_Uninitialize
                0x000000003006d13c       0x1c platform/libplatform_bl2.a(Driver_USART.o)
 .text.ARM_USARTx_PowerControl
                0x000000003006d158       0x38 platform/libplatform_bl2.a(Driver_USART.o)
 .text.ARM_USARTx_Send
                0x000000003006d190       0xa2 platform/libplatform_bl2.a(Driver_USART.o)
 .text.ARM_USARTx_Receive
                0x000000003006d232       0x86 platform/libplatform_bl2.a(Driver_USART.o)
 .text.ARM_USARTx_GetTxCount
                0x000000003006d2b8       0x14 platform/libplatform_bl2.a(Driver_USART.o)
 .text.ARM_USARTx_GetRxCount
                0x000000003006d2cc       0x14 platform/libplatform_bl2.a(Driver_USART.o)
 .text.ARM_USARTx_Control
                0x000000003006d2e0       0x70 platform/libplatform_bl2.a(Driver_USART.o)
 .text.ARM_USART0_Initialize
                0x000000003006d350       0x24 platform/libplatform_bl2.a(Driver_USART.o)
 .text.ARM_USART0_Uninitialize
                0x000000003006d374       0x18 platform/libplatform_bl2.a(Driver_USART.o)
 .text.ARM_USART0_PowerControl
                0x000000003006d38c       0x28 platform/libplatform_bl2.a(Driver_USART.o)
 .text.ARM_USART0_Send
                0x000000003006d3b4       0x24 platform/libplatform_bl2.a(Driver_USART.o)
 .text.ARM_USART0_Receive
                0x000000003006d3d8       0x24 platform/libplatform_bl2.a(Driver_USART.o)
 .text.ARM_USART0_Transfer
                0x000000003006d3fc       0x18 platform/libplatform_bl2.a(Driver_USART.o)
 .text.ARM_USART0_GetTxCount
                0x000000003006d414       0x18 platform/libplatform_bl2.a(Driver_USART.o)
 .text.ARM_USART0_GetRxCount
                0x000000003006d42c       0x18 platform/libplatform_bl2.a(Driver_USART.o)
 .text.ARM_USART0_Control
                0x000000003006d444       0x24 platform/libplatform_bl2.a(Driver_USART.o)
 .text.ARM_USART0_GetStatus
                0x000000003006d468       0x14 platform/libplatform_bl2.a(Driver_USART.o)
 .text.ARM_USART0_SetModemControl
                0x000000003006d47c       0x18 platform/libplatform_bl2.a(Driver_USART.o)
 .text.ARM_USART0_GetModemStatus
                0x000000003006d494       0x14 platform/libplatform_bl2.a(Driver_USART.o)
 .text._uart_pl011_enable
                0x000000003006d4a8       0x1c platform/libplatform_bl2.a(uart_pl011_drv.o)
 .text._uart_pl011_disable
                0x000000003006d4c4       0x1e platform/libplatform_bl2.a(uart_pl011_drv.o)
 .text._uart_pl011_is_enabled
                0x000000003006d4e2       0x1e platform/libplatform_bl2.a(uart_pl011_drv.o)
 .text._uart_pl011_enable_fifo
                0x000000003006d500       0x1c platform/libplatform_bl2.a(uart_pl011_drv.o)
 .text._uart_pl011_is_busy
                0x000000003006d51c       0x1e platform/libplatform_bl2.a(uart_pl011_drv.o)
 *fill*         0x000000003006d53a        0x2 
 .text._uart_pl011_set_baudrate
                0x000000003006d53c       0xa8 platform/libplatform_bl2.a(uart_pl011_drv.o)
 .text._uart_pl011_set_format
                0x000000003006d5e4       0x6e platform/libplatform_bl2.a(uart_pl011_drv.o)
 *fill*         0x000000003006d652        0x2 
 .text._uart_pl011_reset_regs
                0x000000003006d654       0x58 platform/libplatform_bl2.a(uart_pl011_drv.o)
 .text.uart_pl011_init
                0x000000003006d6ac       0x8a platform/libplatform_bl2.a(uart_pl011_drv.o)
                0x000000003006d6ac                uart_pl011_init
 .text.uart_pl011_uninit
                0x000000003006d736       0x36 platform/libplatform_bl2.a(uart_pl011_drv.o)
                0x000000003006d736                uart_pl011_uninit
 .text.uart_pl011_get_state
                0x000000003006d76c       0x16 platform/libplatform_bl2.a(uart_pl011_drv.o)
                0x000000003006d76c                uart_pl011_get_state
 .text.uart_pl011_set_baudrate
                0x000000003006d782       0x96 platform/libplatform_bl2.a(uart_pl011_drv.o)
                0x000000003006d782                uart_pl011_set_baudrate
 .text.uart_pl011_is_readable
                0x000000003006d818       0x4c platform/libplatform_bl2.a(uart_pl011_drv.o)
                0x000000003006d818                uart_pl011_is_readable
 .text.uart_pl011_read
                0x000000003006d864       0x30 platform/libplatform_bl2.a(uart_pl011_drv.o)
                0x000000003006d864                uart_pl011_read
 .text.uart_pl011_is_writable
                0x000000003006d894       0x4c platform/libplatform_bl2.a(uart_pl011_drv.o)
                0x000000003006d894                uart_pl011_is_writable
 .text.uart_pl011_write
                0x000000003006d8e0       0x26 platform/libplatform_bl2.a(uart_pl011_drv.o)
                0x000000003006d8e0                uart_pl011_write
 .text.uart_pl011_enable
                0x000000003006d906       0x20 platform/libplatform_bl2.a(uart_pl011_drv.o)
                0x000000003006d906                uart_pl011_enable
 *fill*         0x000000003006d926        0x2 
 .text.mbedtls_asn1_get_len
                0x000000003006d928       0xb0 bl2/mbedcrypto/library/libmbedcrypto.a(asn1parse.o)
                0x000000003006d928                mbedtls_asn1_get_len
 .text.mbedtls_asn1_get_tag
                0x000000003006d9d8       0x28 bl2/mbedcrypto/library/libmbedcrypto.a(asn1parse.o)
                0x000000003006d9d8                mbedtls_asn1_get_tag
 .text.mbedtls_asn1_get_mpi
                0x000000003006da00       0x48 bl2/mbedcrypto/library/libmbedcrypto.a(asn1parse.o)
                0x000000003006da00                mbedtls_asn1_get_mpi
 .text.mbedtls_mpi_grow.part.0
                0x000000003006da48       0x40 bl2/mbedcrypto/library/libmbedcrypto.a(bignum.o)
 .text.mbedtls_mpi_resize_clear
                0x000000003006da88       0x80 bl2/mbedcrypto/library/libmbedcrypto.a(bignum.o)
 .text.mbedtls_mpi_free
                0x000000003006db08       0x28 bl2/mbedcrypto/library/libmbedcrypto.a(bignum.o)
                0x000000003006db08                mbedtls_mpi_free
 .text.mbedtls_mpi_copy
                0x000000003006db30       0xa4 bl2/mbedcrypto/library/libmbedcrypto.a(bignum.o)
                0x000000003006db30                mbedtls_mpi_copy
 .text.mbedtls_mpi_bitlen
                0x000000003006dbd4       0x4c bl2/mbedcrypto/library/libmbedcrypto.a(bignum.o)
                0x000000003006dbd4                mbedtls_mpi_bitlen
 .text.mbedtls_mpi_size
                0x000000003006dc20        0xc bl2/mbedcrypto/library/libmbedcrypto.a(bignum.o)
                0x000000003006dc20                mbedtls_mpi_size
 .text.mbedtls_mpi_read_binary
                0x000000003006dc2c       0x68 bl2/mbedcrypto/library/libmbedcrypto.a(bignum.o)
                0x000000003006dc2c                mbedtls_mpi_read_binary
 .text.mbedtls_mpi_cmp_mpi
                0x000000003006dc94       0xb0 bl2/mbedcrypto/library/libmbedcrypto.a(bignum.o)
                0x000000003006dc94                mbedtls_mpi_cmp_mpi
 .text.verify_header
                0x000000003006dd44       0x44 bl2/mbedcrypto/library/libmbedcrypto.a(memory_buffer_alloc.o)
 .text.verify_chain
                0x000000003006dd88       0x70 bl2/mbedcrypto/library/libmbedcrypto.a(memory_buffer_alloc.o)
 .text.buffer_alloc_free
                0x000000003006ddf8      0x11c bl2/mbedcrypto/library/libmbedcrypto.a(memory_buffer_alloc.o)
 .text.buffer_alloc_calloc
                0x000000003006df14      0x118 bl2/mbedcrypto/library/libmbedcrypto.a(memory_buffer_alloc.o)
 .text.mbedtls_memory_buffer_alloc_init
                0x000000003006e02c       0x68 bl2/mbedcrypto/library/libmbedcrypto.a(memory_buffer_alloc.o)
                0x000000003006e02c                mbedtls_memory_buffer_alloc_init
 .text.mbedtls_calloc
                0x000000003006e094       0x10 bl2/mbedcrypto/library/libmbedcrypto.a(platform.o)
                0x000000003006e094                mbedtls_calloc
 .text.mbedtls_free
                0x000000003006e0a4       0x10 bl2/mbedcrypto/library/libmbedcrypto.a(platform.o)
                0x000000003006e0a4                mbedtls_free
 .text.mbedtls_platform_set_calloc_free
                0x000000003006e0b4       0x14 bl2/mbedcrypto/library/libmbedcrypto.a(platform.o)
                0x000000003006e0b4                mbedtls_platform_set_calloc_free
 .text.mbedtls_platform_zeroize
                0x000000003006e0c8       0x18 bl2/mbedcrypto/library/libmbedcrypto.a(platform_util.o)
                0x000000003006e0c8                mbedtls_platform_zeroize
 .text.CC_PalDataBufferAttrGet
                0x000000003006e0e0       0x40 platform/ext/accelerator/libbl2_crypto_hw.a(cc312.o)
                0x000000003006e0e0                CC_PalDataBufferAttrGet
 .text.crypto_hw_accelerator_init
                0x000000003006e120      0x10c platform/ext/accelerator/libbl2_crypto_hw.a(cc312.o)
                0x000000003006e120                crypto_hw_accelerator_init
 .text.crypto_hw_accelerator_finish
                0x000000003006e22c       0x64 platform/ext/accelerator/libbl2_crypto_hw.a(cc312.o)
                0x000000003006e22c                crypto_hw_accelerator_finish
 .text.error_mapping_cc_to_mbedtls_rsa
                0x000000003006e290      0x164 platform/ext/accelerator/cc312/bl2_cc312/libbl2_cc312_mbedtls_api.a(rsa_alt.o)
 .text.build_cc_pubkey
                0x000000003006e3f4      0x148 platform/ext/accelerator/cc312/bl2_cc312/libbl2_cc312_mbedtls_api.a(rsa_alt.o)
 .text.mbedtls_rsa_free.part.0
                0x000000003006e53c       0x84 platform/ext/accelerator/cc312/bl2_cc312/libbl2_cc312_mbedtls_api.a(rsa_alt.o)
 .text.mbedtls_rsa_init
                0x000000003006e5c0       0x1c platform/ext/accelerator/cc312/bl2_cc312/libbl2_cc312_mbedtls_api.a(rsa_alt.o)
                0x000000003006e5c0                mbedtls_rsa_init
 .text.mbedtls_rsa_check_pubkey
                0x000000003006e5dc       0x70 platform/ext/accelerator/cc312/bl2_cc312/libbl2_cc312_mbedtls_api.a(rsa_alt.o)
                0x000000003006e5dc                mbedtls_rsa_check_pubkey
 .text.mbedtls_rsa_public
                0x000000003006e64c       0xb8 platform/ext/accelerator/cc312/bl2_cc312/libbl2_cc312_mbedtls_api.a(rsa_alt.o)
                0x000000003006e64c                mbedtls_rsa_public
 .text.mbedtls_rsa_free
                0x000000003006e704        0xc platform/ext/accelerator/cc312/bl2_cc312/libbl2_cc312_mbedtls_api.a(rsa_alt.o)
                0x000000003006e704                mbedtls_rsa_free
 .text.mbedtls_rsa_import
                0x000000003006e710       0x8c platform/ext/accelerator/cc312/bl2_cc312/libbl2_cc312_mbedtls_api.a(rsa_alt.o)
                0x000000003006e710                mbedtls_rsa_import
 .text.mbedtls_sha256_init
                0x000000003006e79c       0x1c platform/ext/accelerator/cc312/bl2_cc312/libbl2_cc312_mbedtls_api.a(sha256_alt.o)
                0x000000003006e79c                mbedtls_sha256_init
 .text.mbedtls_sha256_free
                0x000000003006e7b8       0x34 platform/ext/accelerator/cc312/bl2_cc312/libbl2_cc312_mbedtls_api.a(sha256_alt.o)
                0x000000003006e7b8                mbedtls_sha256_free
 .text.mbedtls_sha256_starts
                0x000000003006e7ec       0x24 platform/ext/accelerator/cc312/bl2_cc312/libbl2_cc312_mbedtls_api.a(sha256_alt.o)
                0x000000003006e7ec                mbedtls_sha256_starts
 .text.mbedtls_sha256_update
                0x000000003006e810       0x14 platform/ext/accelerator/cc312/bl2_cc312/libbl2_cc312_mbedtls_api.a(sha256_alt.o)
                0x000000003006e810                mbedtls_sha256_update
 .text.mbedtls_sha256_finish
                0x000000003006e824       0x88 platform/ext/accelerator/cc312/bl2_cc312/libbl2_cc312_mbedtls_api.a(sha256_alt.o)
                0x000000003006e824                mbedtls_sha256_finish
 .text.mbedtls_zeroize_internal
                0x000000003006e8ac       0x40 platform/ext/accelerator/cc312/bl2_cc312/libbl2_cc312_mbedtls_api.a(mbedtls_common.o)
                0x000000003006e8ac                mbedtls_zeroize_internal
 .text.mbedtls_hashUpdate
                0x000000003006e8ec      0x130 platform/ext/accelerator/cc312/bl2_cc312/libbl2_cc312_mbedtls_api.a(mbedtls_hash_common.o)
 .text.mbedtls_sha_starts_internal
                0x000000003006ea1c       0x50 platform/ext/accelerator/cc312/bl2_cc312/libbl2_cc312_mbedtls_api.a(mbedtls_hash_common.o)
                0x000000003006ea1c                mbedtls_sha_starts_internal
 .text.mbedtls_sha_finish_internal
                0x000000003006ea6c       0xd4 platform/ext/accelerator/cc312/bl2_cc312/libbl2_cc312_mbedtls_api.a(mbedtls_hash_common.o)
                0x000000003006ea6c                mbedtls_sha_finish_internal
 .text.mbedtls_sha_update_internal
                0x000000003006eb40       0xb4 platform/ext/accelerator/cc312/bl2_cc312/libbl2_cc312_mbedtls_api.a(mbedtls_hash_common.o)
                0x000000003006eb40                mbedtls_sha_update_internal
 .text.SetDataBuffersInfo
                0x000000003006ebf4       0x9c platform/ext/accelerator/cc312/bl2_cc312/libbl2_cc312.a(driver_common.o)
                0x000000003006ebf4                SetDataBuffersInfo
 .text.InitHashDrv
                0x000000003006ec90       0x58 platform/ext/accelerator/cc312/bl2_cc312/libbl2_cc312.a(hash_driver.o)
                0x000000003006ec90                InitHashDrv
 .text.ProcessHashDrv
                0x000000003006ece8      0x33c platform/ext/accelerator/cc312/bl2_cc312/libbl2_cc312.a(hash_driver.o)
                0x000000003006ece8                ProcessHashDrv
 .text.FinishHashDrv
                0x000000003006f024       0x20 platform/ext/accelerator/cc312/bl2_cc312/libbl2_cc312.a(hash_driver.o)
                0x000000003006f024                FinishHashDrv
 .text.CC_CommonCmpLsWordsUnsignedCounters
                0x000000003006f044       0xa8 platform/ext/accelerator/cc312/bl2_cc312/libbl2_cc312.a(cc_common_math.o)
                0x000000003006f044                CC_CommonCmpLsWordsUnsignedCounters
 .text.CC_CommonGetWordsCounterEffectiveSizeInBits
                0x000000003006f0ec       0x3c platform/ext/accelerator/cc312/bl2_cc312/libbl2_cc312.a(cc_common_math.o)
                0x000000003006f0ec                CC_CommonGetWordsCounterEffectiveSizeInBits
 .text.PkaSetRegsSizesTab
                0x000000003006f128       0x38 platform/ext/accelerator/cc312/bl2_cc312/libbl2_cc312.a(pka.o)
                0x000000003006f128                PkaSetRegsSizesTab
 .text.PkaInitPka
                0x000000003006f160       0xf8 platform/ext/accelerator/cc312/bl2_cc312/libbl2_cc312.a(pka.o)
                0x000000003006f160                PkaInitPka
 .text.PkaInitAndMutexLock
                0x000000003006f258       0x98 platform/ext/accelerator/cc312/bl2_cc312/libbl2_cc312.a(pka.o)
                0x000000003006f258                PkaInitAndMutexLock
 .text.PkaCalcNpIntoPkaReg
                0x000000003006f2f0      0x360 platform/ext/accelerator/cc312/bl2_cc312/libbl2_cc312.a(pka.o)
                0x000000003006f2f0                PkaCalcNpIntoPkaReg
 .text.PkaClearBlockOfRegs
                0x000000003006f650      0x170 platform/ext/accelerator/cc312/bl2_cc312/libbl2_cc312.a(pka.o)
                0x000000003006f650                PkaClearBlockOfRegs
 .text.PkaFinishAndMutexUnlock
                0x000000003006f7c0       0x6c platform/ext/accelerator/cc312/bl2_cc312/libbl2_cc312.a(pka.o)
                0x000000003006f7c0                PkaFinishAndMutexUnlock
 .text.PkaCopyDataFromPkaReg
                0x000000003006f82c       0x50 platform/ext/accelerator/cc312/bl2_cc312/libbl2_cc312.a(pka.o)
                0x000000003006f82c                PkaCopyDataFromPkaReg
 .text.PkaCopyDataIntoPkaReg
                0x000000003006f87c       0xdc platform/ext/accelerator/cc312/bl2_cc312/libbl2_cc312.a(pka.o)
                0x000000003006f87c                PkaCopyDataIntoPkaReg
 .text.PkiCalcNp
                0x000000003006f958       0x8c platform/ext/accelerator/cc312/bl2_cc312/libbl2_cc312.a(pki.o)
                0x000000003006f958                PkiCalcNp
 .text.RsaInitPubKeyDb
                0x000000003006f9e4       0x24 platform/ext/accelerator/cc312/bl2_cc312/libbl2_cc312.a(rsa_public.o)
                0x000000003006f9e4                RsaInitPubKeyDb
 .text.RsaExecPubKeyExp
                0x000000003006fa08      0x104 platform/ext/accelerator/cc312/bl2_cc312/libbl2_cc312.a(rsa_public.o)
                0x000000003006fa08                RsaExecPubKeyExp
 .text.CC_RndSetGenerateVectorFunc
                0x000000003006fb0c       0x20 platform/ext/accelerator/cc312/bl2_cc312/libbl2_cc312.a(cc_rnd_common.o)
                0x000000003006fb0c                CC_RndSetGenerateVectorFunc
 .text.CC_RsaPrimEncrypt
                0x000000003006fb2c      0x110 platform/ext/accelerator/cc312/bl2_cc312/libbl2_cc312.a(cc_rsa_prim.o)
                0x000000003006fb2c                CC_RsaPrimEncrypt
 .text.CC_LibInit
                0x000000003006fc3c      0x2e8 platform/ext/accelerator/cc312/bl2_cc312/libbl2_cc312.a(cc_lib.o)
                0x000000003006fc3c                CC_LibInit
 .text.CC_LibFini
                0x000000003006ff24       0x34 platform/ext/accelerator/cc312/bl2_cc312/libbl2_cc312.a(cc_lib.o)
                0x000000003006ff24                CC_LibFini
 .text.RNG_PLAT_SetUserRngParameters
                0x000000003006ff58       0x64 platform/ext/accelerator/cc312/bl2_cc312/libbl2_cc312.a(cc_rng_plat.o)
                0x000000003006ff58                RNG_PLAT_SetUserRngParameters
 .text.mbedtls_mng_otpWordRead
                0x000000003006ffbc       0x40 platform/ext/accelerator/cc312/bl2_cc312/libbl2_cc312.a(mbedtls_cc_mng_int.o)
                0x000000003006ffbc                mbedtls_mng_otpWordRead
 .text.mbedtls_mng_lcsGet
                0x000000003006fffc       0x3c platform/ext/accelerator/cc312/bl2_cc312/libbl2_cc312.a(mbedtls_cc_mng_int.o)
                0x000000003006fffc                mbedtls_mng_lcsGet
 .text.CC_HalInit
                0x0000000030070038       0x28 platform/ext/accelerator/cc312/bl2_cc312/libbl2_cc312.a(cc_hal.o)
                0x0000000030070038                CC_HalInit
 .text.CC_HalTerminate
                0x0000000030070060       0x1c platform/ext/accelerator/cc312/bl2_cc312/libbl2_cc312.a(cc_hal.o)
                0x0000000030070060                CC_HalTerminate
 .text.CC_HalClearInterruptBit
                0x000000003007007c       0x18 platform/ext/accelerator/cc312/bl2_cc312/libbl2_cc312.a(cc_hal.o)
                0x000000003007007c                CC_HalClearInterruptBit
 .text.CC_HalMaskInterrupt
                0x0000000030070094       0x18 platform/ext/accelerator/cc312/bl2_cc312/libbl2_cc312.a(cc_hal.o)
                0x0000000030070094                CC_HalMaskInterrupt
 .text.CC_HalWaitInterrupt
                0x00000000300700ac       0x14 platform/ext/accelerator/cc312/bl2_cc312/libbl2_cc312.a(cc_hal.o)
                0x00000000300700ac                CC_HalWaitInterrupt
 .text.CC_HalWaitInterruptRND
                0x00000000300700c0       0x44 platform/ext/accelerator/cc312/bl2_cc312/libbl2_cc312.a(cc_hal.o)
                0x00000000300700c0                CC_HalWaitInterruptRND
 .text.CC_CommonInPlaceConvertBytesWordsAndArrayEndianness
                0x0000000030070104       0x3c platform/ext/accelerator/cc312/bl2_cc312/libbl2_cc312.a(cc_common_conv_endian.o)
                0x0000000030070104                CC_CommonInPlaceConvertBytesWordsAndArrayEndianness
 .text.CC_CommonConvertMsbLsbBytesToLswMswWords
                0x0000000030070140       0xa4 platform/ext/accelerator/cc312/bl2_cc312/libbl2_cc312.a(cc_common_conv_endian.o)
                0x0000000030070140                CC_CommonConvertMsbLsbBytesToLswMswWords
 .text.CC_CommonConvertLswMswWordsToMsbLsbBytes
                0x00000000300701e4       0x88 platform/ext/accelerator/cc312/bl2_cc312/libbl2_cc312.a(cc_common_conv_endian.o)
                0x00000000300701e4                CC_CommonConvertLswMswWordsToMsbLsbBytes
 .text.LLF_RND_TRNG_ReadEhrData
                0x000000003007026c       0x94 platform/ext/accelerator/cc312/bl2_cc312/libbl2_cc312.a(llf_rnd_fetrng.o)
 .text.LLF_RND_StartTrngHW
                0x0000000030070300      0x140 platform/ext/accelerator/cc312/bl2_cc312/libbl2_cc312.a(llf_rnd_fetrng.o)
                0x0000000030070300                LLF_RND_StartTrngHW
 .text.LLF_RND_GetTrngSource
                0x0000000030070440      0x1e4 platform/ext/accelerator/cc312/bl2_cc312/libbl2_cc312.a(llf_rnd_fetrng.o)
                0x0000000030070440                LLF_RND_GetTrngSource
 .text.LLF_RND_RunTrngStartupTest
                0x0000000030070624        0x4 platform/ext/accelerator/cc312/bl2_cc312/libbl2_cc312.a(llf_rnd_fetrng.o)
                0x0000000030070624                LLF_RND_RunTrngStartupTest
 .text.LoadIVState
                0x0000000030070628       0xc0 platform/ext/accelerator/cc312/bl2_cc312/libbl2_cc312.a(aes_driver.o)
 .text.LoadAesKey
                0x00000000300706e8      0x1c8 platform/ext/accelerator/cc312/bl2_cc312/libbl2_cc312.a(aes_driver.o)
 .text.InitAes  0x00000000300708b0       0xf8 platform/ext/accelerator/cc312/bl2_cc312/libbl2_cc312.a(aes_driver.o)
 .text.StoreIVState.isra.0
                0x00000000300709a8       0x88 platform/ext/accelerator/cc312/bl2_cc312/libbl2_cc312.a(aes_driver.o)
 .text.ProcessAesDrv
                0x0000000030070a30      0x208 platform/ext/accelerator/cc312/bl2_cc312/libbl2_cc312.a(aes_driver.o)
                0x0000000030070a30                ProcessAesDrv
 .text.LLF_RND_WaitRngInterrupt
                0x0000000030070c38       0x60 platform/ext/accelerator/cc312/bl2_cc312/libbl2_cc312.a(llf_rnd.o)
                0x0000000030070c38                LLF_RND_WaitRngInterrupt
 .text.LLF_RND_GetRoscSampleCnt
                0x0000000030070c98       0x3c platform/ext/accelerator/cc312/bl2_cc312/libbl2_cc312.a(llf_rnd.o)
                0x0000000030070c98                LLF_RND_GetRoscSampleCnt
 .text.LLF_RND_GetFastestRosc
                0x0000000030070cd4       0x20 platform/ext/accelerator/cc312/bl2_cc312/libbl2_cc312.a(llf_rnd.o)
                0x0000000030070cd4                LLF_RND_GetFastestRosc
 .text.LLF_RND_TurnOffTrng
                0x0000000030070cf4       0x38 platform/ext/accelerator/cc312/bl2_cc312/libbl2_cc312.a(llf_rnd.o)
                0x0000000030070cf4                LLF_RND_TurnOffTrng
 .text.CC_PalTrngParamGet
                0x0000000030070d2c       0x34 platform/ext/accelerator/cc312/bl2_cc312/libbl2_cc312_pal.a(cc_pal_trng.o)
                0x0000000030070d2c                CC_PalTrngParamGet
 .text.CC_PalAbort
                0x0000000030070d60        0x8 platform/ext/accelerator/cc312/bl2_cc312/libbl2_cc312_pal.a(cc_pal_abort_plat.o)
                0x0000000030070d60                CC_PalAbort
 .text.CC_PalInit
                0x0000000030070d68       0x18 platform/ext/accelerator/cc312/bl2_cc312/libbl2_cc312_pal.a(cc_pal.o)
                0x0000000030070d68                CC_PalInit
 .text.CC_PalTerminate
                0x0000000030070d80        0x8 platform/ext/accelerator/cc312/bl2_cc312/libbl2_cc312_pal.a(cc_pal.o)
                0x0000000030070d80                CC_PalTerminate
 .text.CC_PalDmaInit
                0x0000000030070d88        0x4 platform/ext/accelerator/cc312/bl2_cc312/libbl2_cc312_pal.a(cc_pal_dma.o)
                0x0000000030070d88                CC_PalDmaInit
 .text.CC_PalDmaTerminate
                0x0000000030070d8c        0x4 platform/ext/accelerator/cc312/bl2_cc312/libbl2_cc312_pal.a(cc_pal_dma.o)
                0x0000000030070d8c                CC_PalDmaTerminate
 .text.CC_PalWaitInterrupt
                0x0000000030070d90       0x38 platform/ext/accelerator/cc312/bl2_cc312/libbl2_cc312_pal.a(cc_pal_interrupt_ctrl.o)
                0x0000000030070d90                CC_PalWaitInterrupt
 .text.CC_PalMemCmpPlat
                0x0000000030070dc8        0x8 platform/ext/accelerator/cc312/bl2_cc312/libbl2_cc312_pal.a(cc_pal_mem.o)
                0x0000000030070dc8                CC_PalMemCmpPlat
 .text.CC_PalMemCopyPlat
                0x0000000030070dd0        0x8 platform/ext/accelerator/cc312/bl2_cc312/libbl2_cc312_pal.a(cc_pal_mem.o)
                0x0000000030070dd0                CC_PalMemCopyPlat
 .text.CC_PalMemMovePlat
                0x0000000030070dd8        0x8 platform/ext/accelerator/cc312/bl2_cc312/libbl2_cc312_pal.a(cc_pal_mem.o)
                0x0000000030070dd8                CC_PalMemMovePlat
 .text.CC_PalMemSetPlat
                0x0000000030070de0        0x8 platform/ext/accelerator/cc312/bl2_cc312/libbl2_cc312_pal.a(cc_pal_mem.o)
                0x0000000030070de0                CC_PalMemSetPlat
 .text.CC_PalMemSetZeroPlat
                0x0000000030070de8        0xc platform/ext/accelerator/cc312/bl2_cc312/libbl2_cc312_pal.a(cc_pal_mem.o)
                0x0000000030070de8                CC_PalMemSetZeroPlat
 .text.CC_PalMemMap
                0x0000000030070df4        0x8 platform/ext/accelerator/cc312/bl2_cc312/libbl2_cc312_pal.a(cc_pal_memmap.o)
                0x0000000030070df4                CC_PalMemMap
 .text.CC_PalMemUnMap
                0x0000000030070dfc        0x4 platform/ext/accelerator/cc312/bl2_cc312/libbl2_cc312_pal.a(cc_pal_memmap.o)
                0x0000000030070dfc                CC_PalMemUnMap
 .text.CC_PalMutexLock
                0x0000000030070e00        0x4 platform/ext/accelerator/cc312/bl2_cc312/libbl2_cc312_pal.a(cc_pal_mutex.o)
                0x0000000030070e00                CC_PalMutexLock
 .text.CC_PalMutexUnlock
                0x0000000030070e04        0x4 platform/ext/accelerator/cc312/bl2_cc312/libbl2_cc312_pal.a(cc_pal_mutex.o)
                0x0000000030070e04                CC_PalMutexUnlock
 .text.CC_PalPowerSaveModeInit
                0x0000000030070e08        0x4 platform/ext/accelerator/cc312/bl2_cc312/libbl2_cc312_pal.a(cc_pal_pm.o)
                0x0000000030070e08                CC_PalPowerSaveModeInit
 .text.CC_PalPowerSaveModeSelect
                0x0000000030070e0c        0x4 platform/ext/accelerator/cc312/bl2_cc312/libbl2_cc312_pal.a(cc_pal_pm.o)
                0x0000000030070e0c                CC_PalPowerSaveModeSelect
 .text.block_cipher_df
                0x0000000030070e10      0x1c4 bl2/mbedcrypto/library/libmbedcrypto.a(ctr_drbg.o)
 .text.ctr_drbg_update_internal
                0x0000000030070fd4       0x9c bl2/mbedcrypto/library/libmbedcrypto.a(ctr_drbg.o)
 .text.mbedtls_ctr_drbg_reseed_internal
                0x0000000030071070       0xd4 bl2/mbedcrypto/library/libmbedcrypto.a(ctr_drbg.o)
 .text.mbedtls_ctr_drbg_init
                0x0000000030071144       0x1c bl2/mbedcrypto/library/libmbedcrypto.a(ctr_drbg.o)
                0x0000000030071144                mbedtls_ctr_drbg_init
 .text.mbedtls_ctr_drbg_free
                0x0000000030071160       0x24 bl2/mbedcrypto/library/libmbedcrypto.a(ctr_drbg.o)
                0x0000000030071160                mbedtls_ctr_drbg_free
 .text.mbedtls_ctr_drbg_seed
                0x0000000030071184       0x78 bl2/mbedcrypto/library/libmbedcrypto.a(ctr_drbg.o)
                0x0000000030071184                mbedtls_ctr_drbg_seed
 .text.mbedtls_ctr_drbg_random_with_add
                0x00000000300711fc      0x118 bl2/mbedcrypto/library/libmbedcrypto.a(ctr_drbg.o)
                0x00000000300711fc                mbedtls_ctr_drbg_random_with_add
 .text.mbedtls_ctr_drbg_random
                0x0000000030071314       0x10 bl2/mbedcrypto/library/libmbedcrypto.a(ctr_drbg.o)
                0x0000000030071314                mbedtls_ctr_drbg_random
 .text.entropy_update
                0x0000000030071324       0x8c bl2/mbedcrypto/library/libmbedcrypto.a(entropy.o)
 .text.entropy_gather_internal.part.0
                0x00000000300713b0       0xac bl2/mbedcrypto/library/libmbedcrypto.a(entropy.o)
 .text.mbedtls_entropy_init
                0x000000003007145c       0x50 bl2/mbedcrypto/library/libmbedcrypto.a(entropy.o)
                0x000000003007145c                mbedtls_entropy_init
 .text.mbedtls_entropy_free
                0x00000000300714ac       0x2c bl2/mbedcrypto/library/libmbedcrypto.a(entropy.o)
                0x00000000300714ac                mbedtls_entropy_free
 .text.mbedtls_entropy_func
                0x00000000300714d8      0x14c bl2/mbedcrypto/library/libmbedcrypto.a(entropy.o)
                0x00000000300714d8                mbedtls_entropy_func
 .text.mbedtls_sha256
                0x0000000030071624       0x44 bl2/mbedcrypto/library/libmbedcrypto.a(sha256.o)
                0x0000000030071624                mbedtls_sha256
 .text.aes_setkey
                0x0000000030071668       0xac platform/ext/accelerator/cc312/bl2_cc312/libbl2_cc312_mbedtls_api.a(aes_alt.o)
 .text.mbedtls_aes_init
                0x0000000030071714       0x20 platform/ext/accelerator/cc312/bl2_cc312/libbl2_cc312_mbedtls_api.a(aes_alt.o)
                0x0000000030071714                mbedtls_aes_init
 .text.mbedtls_aes_free
                0x0000000030071734       0x34 platform/ext/accelerator/cc312/bl2_cc312/libbl2_cc312_mbedtls_api.a(aes_alt.o)
                0x0000000030071734                mbedtls_aes_free
 .text.mbedtls_aes_setkey_enc
                0x0000000030071768        0xc platform/ext/accelerator/cc312/bl2_cc312/libbl2_cc312_mbedtls_api.a(aes_alt.o)
                0x0000000030071768                mbedtls_aes_setkey_enc
 .text.mbedtls_aes_crypt_ecb
                0x0000000030071774      0x104 platform/ext/accelerator/cc312/bl2_cc312/libbl2_cc312_mbedtls_api.a(aes_alt.o)
                0x0000000030071774                mbedtls_aes_crypt_ecb
 .text.mbedtls_hardware_poll
                0x0000000030071878      0x170 platform/ext/accelerator/cc312/bl2_cc312/libbl2_cc312_mbedtls_api.a(trng_api.o)
                0x0000000030071878                mbedtls_hardware_poll
 .text          0x00000000300719e8      0x114 /work/tmp/work/corstone1000_fvp-poky-linux-musl/trusted-firmware-m/1.6.0-r0/recipe-sysroot-native/usr/libexec/gcc-arm-none-eabi/bin/../lib/gcc/arm-none-eabi/11.2.1/thumb/v6-m/nofp/libgcc.a(_udivsi3.o)
                0x00000000300719e8                __udivsi3
                0x00000000300719e8                __aeabi_uidiv
                0x0000000030071af4                __aeabi_uidivmod
 .text          0x0000000030071afc      0x1d4 /work/tmp/work/corstone1000_fvp-poky-linux-musl/trusted-firmware-m/1.6.0-r0/recipe-sysroot-native/usr/libexec/gcc-arm-none-eabi/bin/../lib/gcc/arm-none-eabi/11.2.1/thumb/v6-m/nofp/libgcc.a(_divsi3.o)
                0x0000000030071afc                __aeabi_idiv
                0x0000000030071afc                __divsi3
                0x0000000030071cc8                __aeabi_idivmod
 .text          0x0000000030071cd0        0x4 /work/tmp/work/corstone1000_fvp-poky-linux-musl/trusted-firmware-m/1.6.0-r0/recipe-sysroot-native/usr/libexec/gcc-arm-none-eabi/bin/../lib/gcc/arm-none-eabi/11.2.1/thumb/v6-m/nofp/libgcc.a(_dvmd_tls.o)
                0x0000000030071cd0                __aeabi_ldiv0
                0x0000000030071cd0                __aeabi_idiv0
 .text          0x0000000030071cd4       0x40 /work/tmp/work/corstone1000_fvp-poky-linux-musl/trusted-firmware-m/1.6.0-r0/recipe-sysroot-native/usr/libexec/gcc-arm-none-eabi/bin/../lib/gcc/arm-none-eabi/11.2.1/thumb/v6-m/nofp/libgcc.a(_aeabi_uldivmod.o)
                0x0000000030071cd4                __aeabi_uldivmod
 .text.__udivmoddi4
                0x0000000030071d14      0x198 /work/tmp/work/corstone1000_fvp-poky-linux-musl/trusted-firmware-m/1.6.0-r0/recipe-sysroot-native/usr/libexec/gcc-arm-none-eabi/bin/../lib/gcc/arm-none-eabi/11.2.1/thumb/v6-m/nofp/libgcc.a(_udivmoddi4.o)
                0x0000000030071d14                __udivmoddi4
 .text          0x0000000030071eac       0x18 /work/tmp/work/corstone1000_fvp-poky-linux-musl/trusted-firmware-m/1.6.0-r0/recipe-sysroot-native/usr/libexec/gcc-arm-none-eabi/bin/../lib/gcc/arm-none-eabi/11.2.1/thumb/v6-m/nofp/libgcc.a(_clzdi2.o)
                0x0000000030071eac                __clzdi2
 .text          0x0000000030071ec4       0x3c /work/tmp/work/corstone1000_fvp-poky-linux-musl/trusted-firmware-m/1.6.0-r0/recipe-sysroot-native/usr/libexec/gcc-arm-none-eabi/bin/../lib/gcc/arm-none-eabi/11.2.1/thumb/v6-m/nofp/libgcc.a(_clzsi2.o)
                0x0000000030071ec4                __clzsi2
 .text.abort    0x0000000030071f00        0xe /work/tmp/work/corstone1000_fvp-poky-linux-musl/trusted-firmware-m/1.6.0-r0/recipe-sysroot-native/usr/libexec/gcc-arm-none-eabi/bin/../lib/gcc/arm-none-eabi/11.2.1/../../../../arm-none-eabi/lib/thumb/v6-m/nofp/libg_nano.a(lib_a-abort.o)
                0x0000000030071f00                abort
 *fill*         0x0000000030071f0e        0x2 
 .text.__assert_func
                0x0000000030071f10       0x3c /work/tmp/work/corstone1000_fvp-poky-linux-musl/trusted-firmware-m/1.6.0-r0/recipe-sysroot-native/usr/libexec/gcc-arm-none-eabi/bin/../lib/gcc/arm-none-eabi/11.2.1/../../../../arm-none-eabi/lib/thumb/v6-m/nofp/libg_nano.a(lib_a-assert.o)
                0x0000000030071f10                __assert_func
 .text.calloc   0x0000000030071f4c       0x14 /work/tmp/work/corstone1000_fvp-poky-linux-musl/trusted-firmware-m/1.6.0-r0/recipe-sysroot-native/usr/libexec/gcc-arm-none-eabi/bin/../lib/gcc/arm-none-eabi/11.2.1/../../../../arm-none-eabi/lib/thumb/v6-m/nofp/libg_nano.a(lib_a-calloc.o)
                0x0000000030071f4c                calloc
 .text.exit     0x0000000030071f60       0x2c /work/tmp/work/corstone1000_fvp-poky-linux-musl/trusted-firmware-m/1.6.0-r0/recipe-sysroot-native/usr/libexec/gcc-arm-none-eabi/bin/../lib/gcc/arm-none-eabi/11.2.1/../../../../arm-none-eabi/lib/thumb/v6-m/nofp/libg_nano.a(lib_a-exit.o)
                0x0000000030071f60                exit
 .text.fprintf  0x0000000030071f8c       0x20 /work/tmp/work/corstone1000_fvp-poky-linux-musl/trusted-firmware-m/1.6.0-r0/recipe-sysroot-native/usr/libexec/gcc-arm-none-eabi/bin/../lib/gcc/arm-none-eabi/11.2.1/../../../../arm-none-eabi/lib/thumb/v6-m/nofp/libg_nano.a(lib_a-fprintf.o)
                0x0000000030071f8c                fprintf
                0x0000000030071f8c                fiprintf
 .text.__libc_init_array
                0x0000000030071fac       0x48 /work/tmp/work/corstone1000_fvp-poky-linux-musl/trusted-firmware-m/1.6.0-r0/recipe-sysroot-native/usr/libexec/gcc-arm-none-eabi/bin/../lib/gcc/arm-none-eabi/11.2.1/../../../../arm-none-eabi/lib/thumb/v6-m/nofp/libg_nano.a(lib_a-init.o)
                0x0000000030071fac                __libc_init_array
 .text.free     0x0000000030071ff4       0x14 /work/tmp/work/corstone1000_fvp-poky-linux-musl/trusted-firmware-m/1.6.0-r0/recipe-sysroot-native/usr/libexec/gcc-arm-none-eabi/bin/../lib/gcc/arm-none-eabi/11.2.1/../../../../arm-none-eabi/lib/thumb/v6-m/nofp/libg_nano.a(lib_a-malloc.o)
                0x0000000030071ff4                free
 .text.memcmp   0x0000000030072008       0x1c /work/tmp/work/corstone1000_fvp-poky-linux-musl/trusted-firmware-m/1.6.0-r0/recipe-sysroot-native/usr/libexec/gcc-arm-none-eabi/bin/../lib/gcc/arm-none-eabi/11.2.1/../../../../arm-none-eabi/lib/thumb/v6-m/nofp/libg_nano.a(lib_a-memcmp.o)
                0x0000000030072008                memcmp
 .text.memcpy   0x0000000030072024       0x12 /work/tmp/work/corstone1000_fvp-poky-linux-musl/trusted-firmware-m/1.6.0-r0/recipe-sysroot-native/usr/libexec/gcc-arm-none-eabi/bin/../lib/gcc/arm-none-eabi/11.2.1/../../../../arm-none-eabi/lib/thumb/v6-m/nofp/libg_nano.a(lib_a-memcpy-stub.o)
                0x0000000030072024                memcpy
 .text.memmove  0x0000000030072036       0x26 /work/tmp/work/corstone1000_fvp-poky-linux-musl/trusted-firmware-m/1.6.0-r0/recipe-sysroot-native/usr/libexec/gcc-arm-none-eabi/bin/../lib/gcc/arm-none-eabi/11.2.1/../../../../arm-none-eabi/lib/thumb/v6-m/nofp/libg_nano.a(lib_a-memmove.o)
                0x0000000030072036                memmove
 .text.memset   0x000000003007205c       0x10 /work/tmp/work/corstone1000_fvp-poky-linux-musl/trusted-firmware-m/1.6.0-r0/recipe-sysroot-native/usr/libexec/gcc-arm-none-eabi/bin/../lib/gcc/arm-none-eabi/11.2.1/../../../../arm-none-eabi/lib/thumb/v6-m/nofp/libg_nano.a(lib_a-memset.o)
                0x000000003007205c                memset
 .text._calloc_r
                0x000000003007206c       0x5a /work/tmp/work/corstone1000_fvp-poky-linux-musl/trusted-firmware-m/1.6.0-r0/recipe-sysroot-native/usr/libexec/gcc-arm-none-eabi/bin/../lib/gcc/arm-none-eabi/11.2.1/../../../../arm-none-eabi/lib/thumb/v6-m/nofp/libg_nano.a(lib_a-nano-callocr.o)
                0x000000003007206c                _calloc_r
 *fill*         0x00000000300720c6        0x2 
 .text._free_r  0x00000000300720c8       0x94 /work/tmp/work/corstone1000_fvp-poky-linux-musl/trusted-firmware-m/1.6.0-r0/recipe-sysroot-native/usr/libexec/gcc-arm-none-eabi/bin/../lib/gcc/arm-none-eabi/11.2.1/../../../../arm-none-eabi/lib/thumb/v6-m/nofp/libg_nano.a(lib_a-nano-freer.o)
                0x00000000300720c8                _free_r
 .text.sbrk_aligned
                0x000000003007215c       0x44 /work/tmp/work/corstone1000_fvp-poky-linux-musl/trusted-firmware-m/1.6.0-r0/recipe-sysroot-native/usr/libexec/gcc-arm-none-eabi/bin/../lib/gcc/arm-none-eabi/11.2.1/../../../../arm-none-eabi/lib/thumb/v6-m/nofp/libg_nano.a(lib_a-nano-mallocr.o)
 .text._malloc_r
                0x00000000300721a0       0xf0 /work/tmp/work/corstone1000_fvp-poky-linux-musl/trusted-firmware-m/1.6.0-r0/recipe-sysroot-native/usr/libexec/gcc-arm-none-eabi/bin/../lib/gcc/arm-none-eabi/11.2.1/../../../../arm-none-eabi/lib/thumb/v6-m/nofp/libg_nano.a(lib_a-nano-mallocr.o)
                0x00000000300721a0                _malloc_r
 .text.__sfputc_r
                0x0000000030072290       0x2a /work/tmp/work/corstone1000_fvp-poky-linux-musl/trusted-firmware-m/1.6.0-r0/recipe-sysroot-native/usr/libexec/gcc-arm-none-eabi/bin/../lib/gcc/arm-none-eabi/11.2.1/../../../../arm-none-eabi/lib/thumb/v6-m/nofp/libg_nano.a(lib_a-nano-vfprintf.o)
 .text.__sfputs_r
                0x00000000300722ba       0x24 /work/tmp/work/corstone1000_fvp-poky-linux-musl/trusted-firmware-m/1.6.0-r0/recipe-sysroot-native/usr/libexec/gcc-arm-none-eabi/bin/../lib/gcc/arm-none-eabi/11.2.1/../../../../arm-none-eabi/lib/thumb/v6-m/nofp/libg_nano.a(lib_a-nano-vfprintf.o)
                0x00000000300722ba                __sfputs_r
 *fill*         0x00000000300722de        0x2 
 .text._vfprintf_r
                0x00000000300722e0      0x238 /work/tmp/work/corstone1000_fvp-poky-linux-musl/trusted-firmware-m/1.6.0-r0/recipe-sysroot-native/usr/libexec/gcc-arm-none-eabi/bin/../lib/gcc/arm-none-eabi/11.2.1/../../../../arm-none-eabi/lib/thumb/v6-m/nofp/libg_nano.a(lib_a-nano-vfprintf.o)
                0x00000000300722e0                _vfiprintf_r
                0x00000000300722e0                _vfprintf_r
 .text.printf   0x0000000030072518       0x34 /work/tmp/work/corstone1000_fvp-poky-linux-musl/trusted-firmware-m/1.6.0-r0/recipe-sysroot-native/usr/libexec/gcc-arm-none-eabi/bin/../lib/gcc/arm-none-eabi/11.2.1/../../../../arm-none-eabi/lib/thumb/v6-m/nofp/libg_nano.a(lib_a-printf.o)
                0x0000000030072518                printf
                0x0000000030072518                iprintf
 .text._sbrk_r  0x000000003007254c       0x24 /work/tmp/work/corstone1000_fvp-poky-linux-musl/trusted-firmware-m/1.6.0-r0/recipe-sysroot-native/usr/libexec/gcc-arm-none-eabi/bin/../lib/gcc/arm-none-eabi/11.2.1/../../../../arm-none-eabi/lib/thumb/v6-m/nofp/libg_nano.a(lib_a-sbrkr.o)
                0x000000003007254c                _sbrk_r
 .text._raise_r
                0x0000000030072570       0x54 /work/tmp/work/corstone1000_fvp-poky-linux-musl/trusted-firmware-m/1.6.0-r0/recipe-sysroot-native/usr/libexec/gcc-arm-none-eabi/bin/../lib/gcc/arm-none-eabi/11.2.1/../../../../arm-none-eabi/lib/thumb/v6-m/nofp/libg_nano.a(lib_a-signal.o)
                0x0000000030072570                _raise_r
 .text.raise    0x00000000300725c4       0x14 /work/tmp/work/corstone1000_fvp-poky-linux-musl/trusted-firmware-m/1.6.0-r0/recipe-sysroot-native/usr/libexec/gcc-arm-none-eabi/bin/../lib/gcc/arm-none-eabi/11.2.1/../../../../arm-none-eabi/lib/thumb/v6-m/nofp/libg_nano.a(lib_a-signal.o)
                0x00000000300725c4                raise
 .text._kill_r  0x00000000300725d8       0x24 /work/tmp/work/corstone1000_fvp-poky-linux-musl/trusted-firmware-m/1.6.0-r0/recipe-sysroot-native/usr/libexec/gcc-arm-none-eabi/bin/../lib/gcc/arm-none-eabi/11.2.1/../../../../arm-none-eabi/lib/thumb/v6-m/nofp/libg_nano.a(lib_a-signalr.o)
                0x00000000300725d8                _kill_r
 .text._getpid_r
                0x00000000300725fc        0x8 /work/tmp/work/corstone1000_fvp-poky-linux-musl/trusted-firmware-m/1.6.0-r0/recipe-sysroot-native/usr/libexec/gcc-arm-none-eabi/bin/../lib/gcc/arm-none-eabi/11.2.1/../../../../arm-none-eabi/lib/thumb/v6-m/nofp/libg_nano.a(lib_a-signalr.o)
                0x00000000300725fc                _getpid_r
 .text.strcpy   0x0000000030072604       0x10 /work/tmp/work/corstone1000_fvp-poky-linux-musl/trusted-firmware-m/1.6.0-r0/recipe-sysroot-native/usr/libexec/gcc-arm-none-eabi/bin/../lib/gcc/arm-none-eabi/11.2.1/../../../../arm-none-eabi/lib/thumb/v6-m/nofp/libg_nano.a(lib_a-strcpy.o)
                0x0000000030072604                strcpy
 .text          0x0000000030072614        0xe /work/tmp/work/corstone1000_fvp-poky-linux-musl/trusted-firmware-m/1.6.0-r0/recipe-sysroot-native/usr/libexec/gcc-arm-none-eabi/bin/../lib/gcc/arm-none-eabi/11.2.1/../../../../arm-none-eabi/lib/thumb/v6-m/nofp/libg_nano.a(lib_a-strlen.o)
                0x0000000030072614                strlen
 *fill*         0x0000000030072622        0x2 
 .text.vprintf  0x0000000030072624       0x2c /work/tmp/work/corstone1000_fvp-poky-linux-musl/trusted-firmware-m/1.6.0-r0/recipe-sysroot-native/usr/libexec/gcc-arm-none-eabi/bin/../lib/gcc/arm-none-eabi/11.2.1/../../../../arm-none-eabi/lib/thumb/v6-m/nofp/libg_nano.a(lib_a-vprintf.o)
                0x0000000030072624                vprintf
                0x0000000030072624                viprintf
 .text.__swbuf_r
                0x0000000030072650       0xac /work/tmp/work/corstone1000_fvp-poky-linux-musl/trusted-firmware-m/1.6.0-r0/recipe-sysroot-native/usr/libexec/gcc-arm-none-eabi/bin/../lib/gcc/arm-none-eabi/11.2.1/../../../../arm-none-eabi/lib/thumb/v6-m/nofp/libg_nano.a(lib_a-wbuf.o)
                0x0000000030072650                __swbuf_r
 .text.__swsetup_r
                0x00000000300726fc       0xf0 /work/tmp/work/corstone1000_fvp-poky-linux-musl/trusted-firmware-m/1.6.0-r0/recipe-sysroot-native/usr/libexec/gcc-arm-none-eabi/bin/../lib/gcc/arm-none-eabi/11.2.1/../../../../arm-none-eabi/lib/thumb/v6-m/nofp/libg_nano.a(lib_a-wsetup.o)
                0x00000000300726fc                __swsetup_r
 .text.__sflush_r
                0x00000000300727ec      0x114 /work/tmp/work/corstone1000_fvp-poky-linux-musl/trusted-firmware-m/1.6.0-r0/recipe-sysroot-native/usr/libexec/gcc-arm-none-eabi/bin/../lib/gcc/arm-none-eabi/11.2.1/../../../../arm-none-eabi/lib/thumb/v6-m/nofp/libg_nano.a(lib_a-fflush.o)
                0x00000000300727ec                __sflush_r
 .text._fflush_r
                0x0000000030072900       0x58 /work/tmp/work/corstone1000_fvp-poky-linux-musl/trusted-firmware-m/1.6.0-r0/recipe-sysroot-native/usr/libexec/gcc-arm-none-eabi/bin/../lib/gcc/arm-none-eabi/11.2.1/../../../../arm-none-eabi/lib/thumb/v6-m/nofp/libg_nano.a(lib_a-fflush.o)
                0x0000000030072900                _fflush_r
 .text.std      0x0000000030072958       0x48 /work/tmp/work/corstone1000_fvp-poky-linux-musl/trusted-firmware-m/1.6.0-r0/recipe-sysroot-native/usr/libexec/gcc-arm-none-eabi/bin/../lib/gcc/arm-none-eabi/11.2.1/../../../../arm-none-eabi/lib/thumb/v6-m/nofp/libg_nano.a(lib_a-findfp.o)
 .text._cleanup_r
                0x00000000300729a0       0x10 /work/tmp/work/corstone1000_fvp-poky-linux-musl/trusted-firmware-m/1.6.0-r0/recipe-sysroot-native/usr/libexec/gcc-arm-none-eabi/bin/../lib/gcc/arm-none-eabi/11.2.1/../../../../arm-none-eabi/lib/thumb/v6-m/nofp/libg_nano.a(lib_a-findfp.o)
                0x00000000300729a0                _cleanup_r
 .text.__sfmoreglue
                0x00000000300729b0       0x2c /work/tmp/work/corstone1000_fvp-poky-linux-musl/trusted-firmware-m/1.6.0-r0/recipe-sysroot-native/usr/libexec/gcc-arm-none-eabi/bin/../lib/gcc/arm-none-eabi/11.2.1/../../../../arm-none-eabi/lib/thumb/v6-m/nofp/libg_nano.a(lib_a-findfp.o)
                0x00000000300729b0                __sfmoreglue
 .text.__sinit  0x00000000300729dc       0x64 /work/tmp/work/corstone1000_fvp-poky-linux-musl/trusted-firmware-m/1.6.0-r0/recipe-sysroot-native/usr/libexec/gcc-arm-none-eabi/bin/../lib/gcc/arm-none-eabi/11.2.1/../../../../arm-none-eabi/lib/thumb/v6-m/nofp/libg_nano.a(lib_a-findfp.o)
                0x00000000300729dc                __sinit
 .text.__sfp    0x0000000030072a40       0x7c /work/tmp/work/corstone1000_fvp-poky-linux-musl/trusted-firmware-m/1.6.0-r0/recipe-sysroot-native/usr/libexec/gcc-arm-none-eabi/bin/../lib/gcc/arm-none-eabi/11.2.1/../../../../arm-none-eabi/lib/thumb/v6-m/nofp/libg_nano.a(lib_a-findfp.o)
                0x0000000030072a40                __sfp
 .text._fwalk_reent
                0x0000000030072abc       0x40 /work/tmp/work/corstone1000_fvp-poky-linux-musl/trusted-firmware-m/1.6.0-r0/recipe-sysroot-native/usr/libexec/gcc-arm-none-eabi/bin/../lib/gcc/arm-none-eabi/11.2.1/../../../../arm-none-eabi/lib/thumb/v6-m/nofp/libg_nano.a(lib_a-fwalk.o)
                0x0000000030072abc                _fwalk_reent
 .text.__swhatbuf_r
                0x0000000030072afc       0x50 /work/tmp/work/corstone1000_fvp-poky-linux-musl/trusted-firmware-m/1.6.0-r0/recipe-sysroot-native/usr/libexec/gcc-arm-none-eabi/bin/../lib/gcc/arm-none-eabi/11.2.1/../../../../arm-none-eabi/lib/thumb/v6-m/nofp/libg_nano.a(lib_a-makebuf.o)
                0x0000000030072afc                __swhatbuf_r
 .text.__smakebuf_r
                0x0000000030072b4c       0x84 /work/tmp/work/corstone1000_fvp-poky-linux-musl/trusted-firmware-m/1.6.0-r0/recipe-sysroot-native/usr/libexec/gcc-arm-none-eabi/bin/../lib/gcc/arm-none-eabi/11.2.1/../../../../arm-none-eabi/lib/thumb/v6-m/nofp/libg_nano.a(lib_a-makebuf.o)
                0x0000000030072b4c                __smakebuf_r
 .text.memchr   0x0000000030072bd0       0x16 /work/tmp/work/corstone1000_fvp-poky-linux-musl/trusted-firmware-m/1.6.0-r0/recipe-sysroot-native/usr/libexec/gcc-arm-none-eabi/bin/../lib/gcc/arm-none-eabi/11.2.1/../../../../arm-none-eabi/lib/thumb/v6-m/nofp/libg_nano.a(lib_a-memchr-stub.o)
                0x0000000030072bd0                memchr
 .text.__malloc_lock
                0x0000000030072be6        0x2 /work/tmp/work/corstone1000_fvp-poky-linux-musl/trusted-firmware-m/1.6.0-r0/recipe-sysroot-native/usr/libexec/gcc-arm-none-eabi/bin/../lib/gcc/arm-none-eabi/11.2.1/../../../../arm-none-eabi/lib/thumb/v6-m/nofp/libg_nano.a(lib_a-mlock.o)
                0x0000000030072be6                __malloc_lock
 .text.__malloc_unlock
                0x0000000030072be8        0x2 /work/tmp/work/corstone1000_fvp-poky-linux-musl/trusted-firmware-m/1.6.0-r0/recipe-sysroot-native/usr/libexec/gcc-arm-none-eabi/bin/../lib/gcc/arm-none-eabi/11.2.1/../../../../arm-none-eabi/lib/thumb/v6-m/nofp/libg_nano.a(lib_a-mlock.o)
                0x0000000030072be8                __malloc_unlock
 .text._printf_common
                0x0000000030072bea       0xde /work/tmp/work/corstone1000_fvp-poky-linux-musl/trusted-firmware-m/1.6.0-r0/recipe-sysroot-native/usr/libexec/gcc-arm-none-eabi/bin/../lib/gcc/arm-none-eabi/11.2.1/../../../../arm-none-eabi/lib/thumb/v6-m/nofp/libg_nano.a(lib_a-nano-vfprintf_i.o)
                0x0000000030072bea                _printf_common
 .text._printf_i
                0x0000000030072cc8      0x220 /work/tmp/work/corstone1000_fvp-poky-linux-musl/trusted-firmware-m/1.6.0-r0/recipe-sysroot-native/usr/libexec/gcc-arm-none-eabi/bin/../lib/gcc/arm-none-eabi/11.2.1/../../../../arm-none-eabi/lib/thumb/v6-m/nofp/libg_nano.a(lib_a-nano-vfprintf_i.o)
                0x0000000030072cc8                _printf_i
 .text.__sread  0x0000000030072ee8       0x28 /work/tmp/work/corstone1000_fvp-poky-linux-musl/trusted-firmware-m/1.6.0-r0/recipe-sysroot-native/usr/libexec/gcc-arm-none-eabi/bin/../lib/gcc/arm-none-eabi/11.2.1/../../../../arm-none-eabi/lib/thumb/v6-m/nofp/libg_nano.a(lib_a-stdio.o)
                0x0000000030072ee8                __sread
 .text.__swrite
                0x0000000030072f10       0x38 /work/tmp/work/corstone1000_fvp-poky-linux-musl/trusted-firmware-m/1.6.0-r0/recipe-sysroot-native/usr/libexec/gcc-arm-none-eabi/bin/../lib/gcc/arm-none-eabi/11.2.1/../../../../arm-none-eabi/lib/thumb/v6-m/nofp/libg_nano.a(lib_a-stdio.o)
                0x0000000030072f10                __swrite
 .text.__sseek  0x0000000030072f48       0x2c /work/tmp/work/corstone1000_fvp-poky-linux-musl/trusted-firmware-m/1.6.0-r0/recipe-sysroot-native/usr/libexec/gcc-arm-none-eabi/bin/../lib/gcc/arm-none-eabi/11.2.1/../../../../arm-none-eabi/lib/thumb/v6-m/nofp/libg_nano.a(lib_a-stdio.o)
                0x0000000030072f48                __sseek
 .text.__sclose
                0x0000000030072f74        0xc /work/tmp/work/corstone1000_fvp-poky-linux-musl/trusted-firmware-m/1.6.0-r0/recipe-sysroot-native/usr/libexec/gcc-arm-none-eabi/bin/../lib/gcc/arm-none-eabi/11.2.1/../../../../arm-none-eabi/lib/thumb/v6-m/nofp/libg_nano.a(lib_a-stdio.o)
                0x0000000030072f74                __sclose
 .text._write_r
                0x0000000030072f80       0x28 /work/tmp/work/corstone1000_fvp-poky-linux-musl/trusted-firmware-m/1.6.0-r0/recipe-sysroot-native/usr/libexec/gcc-arm-none-eabi/bin/../lib/gcc/arm-none-eabi/11.2.1/../../../../arm-none-eabi/lib/thumb/v6-m/nofp/libg_nano.a(lib_a-writer.o)
                0x0000000030072f80                _write_r
 .text._close_r
                0x0000000030072fa8       0x24 /work/tmp/work/corstone1000_fvp-poky-linux-musl/trusted-firmware-m/1.6.0-r0/recipe-sysroot-native/usr/libexec/gcc-arm-none-eabi/bin/../lib/gcc/arm-none-eabi/11.2.1/../../../../arm-none-eabi/lib/thumb/v6-m/nofp/libg_nano.a(lib_a-closer.o)
                0x0000000030072fa8                _close_r
 .text._fstat_r
                0x0000000030072fcc       0x24 /work/tmp/work/corstone1000_fvp-poky-linux-musl/trusted-firmware-m/1.6.0-r0/recipe-sysroot-native/usr/libexec/gcc-arm-none-eabi/bin/../lib/gcc/arm-none-eabi/11.2.1/../../../../arm-none-eabi/lib/thumb/v6-m/nofp/libg_nano.a(lib_a-fstatr.o)
                0x0000000030072fcc                _fstat_r
 .text._isatty_r
                0x0000000030072ff0       0x24 /work/tmp/work/corstone1000_fvp-poky-linux-musl/trusted-firmware-m/1.6.0-r0/recipe-sysroot-native/usr/libexec/gcc-arm-none-eabi/bin/../lib/gcc/arm-none-eabi/11.2.1/../../../../arm-none-eabi/lib/thumb/v6-m/nofp/libg_nano.a(lib_a-isattyr.o)
                0x0000000030072ff0                _isatty_r
 .text._lseek_r
                0x0000000030073014       0x28 /work/tmp/work/corstone1000_fvp-poky-linux-musl/trusted-firmware-m/1.6.0-r0/recipe-sysroot-native/usr/libexec/gcc-arm-none-eabi/bin/../lib/gcc/arm-none-eabi/11.2.1/../../../../arm-none-eabi/lib/thumb/v6-m/nofp/libg_nano.a(lib_a-lseekr.o)
                0x0000000030073014                _lseek_r
 .text._read_r  0x000000003007303c       0x28 /work/tmp/work/corstone1000_fvp-poky-linux-musl/trusted-firmware-m/1.6.0-r0/recipe-sysroot-native/usr/libexec/gcc-arm-none-eabi/bin/../lib/gcc/arm-none-eabi/11.2.1/../../../../arm-none-eabi/lib/thumb/v6-m/nofp/libg_nano.a(lib_a-readr.o)
                0x000000003007303c                _read_r
 .text          0x0000000030073064       0x14 /work/tmp/work/corstone1000_fvp-poky-linux-musl/trusted-firmware-m/1.6.0-r0/recipe-sysroot-native/usr/libexec/gcc-arm-none-eabi/bin/../lib/gcc/arm-none-eabi/11.2.1/thumb/v6-m/nofp/libgcc.a(_thumb1_case_shi.o)
                0x0000000030073064                __gnu_thumb1_case_shi
 .text._close   0x0000000030073078       0x10 /work/tmp/work/corstone1000_fvp-poky-linux-musl/trusted-firmware-m/1.6.0-r0/recipe-sysroot-native/usr/libexec/gcc-arm-none-eabi/bin/../lib/gcc/arm-none-eabi/11.2.1/../../../../arm-none-eabi/lib/thumb/v6-m/nofp/libnosys.a(close.o)
                0x0000000030073078                _close
 .text._fstat   0x0000000030073088       0x10 /work/tmp/work/corstone1000_fvp-poky-linux-musl/trusted-firmware-m/1.6.0-r0/recipe-sysroot-native/usr/libexec/gcc-arm-none-eabi/bin/../lib/gcc/arm-none-eabi/11.2.1/../../../../arm-none-eabi/lib/thumb/v6-m/nofp/libnosys.a(fstat.o)
                0x0000000030073088                _fstat
 .text._getpid  0x0000000030073098       0x10 /work/tmp/work/corstone1000_fvp-poky-linux-musl/trusted-firmware-m/1.6.0-r0/recipe-sysroot-native/usr/libexec/gcc-arm-none-eabi/bin/../lib/gcc/arm-none-eabi/11.2.1/../../../../arm-none-eabi/lib/thumb/v6-m/nofp/libnosys.a(getpid.o)
                0x0000000030073098                _getpid
 .text._isatty  0x00000000300730a8       0x10 /work/tmp/work/corstone1000_fvp-poky-linux-musl/trusted-firmware-m/1.6.0-r0/recipe-sysroot-native/usr/libexec/gcc-arm-none-eabi/bin/../lib/gcc/arm-none-eabi/11.2.1/../../../../arm-none-eabi/lib/thumb/v6-m/nofp/libnosys.a(isatty.o)
                0x00000000300730a8                _isatty
 .text._kill    0x00000000300730b8       0x10 /work/tmp/work/corstone1000_fvp-poky-linux-musl/trusted-firmware-m/1.6.0-r0/recipe-sysroot-native/usr/libexec/gcc-arm-none-eabi/bin/../lib/gcc/arm-none-eabi/11.2.1/../../../../arm-none-eabi/lib/thumb/v6-m/nofp/libnosys.a(kill.o)
                0x00000000300730b8                _kill
 .text._lseek   0x00000000300730c8       0x10 /work/tmp/work/corstone1000_fvp-poky-linux-musl/trusted-firmware-m/1.6.0-r0/recipe-sysroot-native/usr/libexec/gcc-arm-none-eabi/bin/../lib/gcc/arm-none-eabi/11.2.1/../../../../arm-none-eabi/lib/thumb/v6-m/nofp/libnosys.a(lseek.o)
                0x00000000300730c8                _lseek
 .text._read    0x00000000300730d8       0x10 /work/tmp/work/corstone1000_fvp-poky-linux-musl/trusted-firmware-m/1.6.0-r0/recipe-sysroot-native/usr/libexec/gcc-arm-none-eabi/bin/../lib/gcc/arm-none-eabi/11.2.1/../../../../arm-none-eabi/lib/thumb/v6-m/nofp/libnosys.a(read.o)
                0x00000000300730d8                _read
 .text._sbrk    0x00000000300730e8       0x1c /work/tmp/work/corstone1000_fvp-poky-linux-musl/trusted-firmware-m/1.6.0-r0/recipe-sysroot-native/usr/libexec/gcc-arm-none-eabi/bin/../lib/gcc/arm-none-eabi/11.2.1/../../../../arm-none-eabi/lib/thumb/v6-m/nofp/libnosys.a(sbrk.o)
                0x00000000300730e8                _sbrk
 .text._exit    0x0000000030073104        0x4 /work/tmp/work/corstone1000_fvp-poky-linux-musl/trusted-firmware-m/1.6.0-r0/recipe-sysroot-native/usr/libexec/gcc-arm-none-eabi/bin/../lib/gcc/arm-none-eabi/11.2.1/../../../../arm-none-eabi/lib/thumb/v6-m/nofp/libnosys.a(_exit.o)
                0x0000000030073104                _exit
 *(.init)
 .init          0x0000000030073108        0x4 /work/tmp/work/corstone1000_fvp-poky-linux-musl/trusted-firmware-m/1.6.0-r0/recipe-sysroot-native/usr/libexec/gcc-arm-none-eabi/bin/../lib/gcc/arm-none-eabi/11.2.1/thumb/v6-m/nofp/crti.o
                0x0000000030073108                _init
 .init          0x000000003007310c        0x8 /work/tmp/work/corstone1000_fvp-poky-linux-musl/trusted-firmware-m/1.6.0-r0/recipe-sysroot-native/usr/libexec/gcc-arm-none-eabi/bin/../lib/gcc/arm-none-eabi/11.2.1/thumb/v6-m/nofp/crtn.o
 *(.fini)
 .fini          0x0000000030073114        0x4 /work/tmp/work/corstone1000_fvp-poky-linux-musl/trusted-firmware-m/1.6.0-r0/recipe-sysroot-native/usr/libexec/gcc-arm-none-eabi/bin/../lib/gcc/arm-none-eabi/11.2.1/thumb/v6-m/nofp/crti.o
                0x0000000030073114                _fini
 .fini          0x0000000030073118        0x8 /work/tmp/work/corstone1000_fvp-poky-linux-musl/trusted-firmware-m/1.6.0-r0/recipe-sysroot-native/usr/libexec/gcc-arm-none-eabi/bin/../lib/gcc/arm-none-eabi/11.2.1/thumb/v6-m/nofp/crtn.o
 *crtbegin.o(.ctors)
 *crtbegin?.o(.ctors)
 *(EXCLUDE_FILE(*crtend.o *crtend?.o) .ctors)
 *(SORT_BY_NAME(.ctors.*))
 *(.ctors)
 *crtbegin.o(.dtors)
 *crtbegin?.o(.dtors)
 *(EXCLUDE_FILE(*crtend.o *crtend?.o) .dtors)
 *(SORT_BY_NAME(.dtors.*))
 *(.dtors)
 *(.rodata*)
 .rodata.data_width_byte
                0x0000000030073120        0xc bl2/CMakeFiles/bl2.dir/src/flash_map.o
 .rodata.bl2_assembly_and_test_prov_data
                0x000000003007312c       0x64 bl2/CMakeFiles/bl2.dir/src/provisioning.o
 .rodata        0x0000000030073190      0x10b bl2/CMakeFiles/bl2.dir/src/provisioning.o
 *fill*         0x000000003007329b        0x1 
 .rodata        0x000000003007329c      0x1fa bl2/CMakeFiles/bl2.dir/ext/mcuboot/bl2_main.o
 *fill*         0x0000000030073496        0x2 
 .rodata.__func__.0
                0x0000000030073498        0x8 bl2/CMakeFiles/bl2.dir/ext/mcuboot/bl2_main.o
 .rodata.bootutil_key_cnt
                0x00000000300734a0        0x4 bl2/CMakeFiles/bl2.dir/ext/mcuboot/keys.o
                0x00000000300734a0                bootutil_key_cnt